<html>
<body>
<pre>
<h1>µVision Build Log</h1>
<h2>Tool Versions:</h2>
IDE-Version: ¦ÌVision V5.39.0.0
Copyright (C) 2023 ARM Ltd and ARM Germany GmbH. All rights reserved.
License Information: 123 123, 123, LIC=03C6R-KA950-IIE5V-P29Y6-3WTZ9-YC2G7
 
Tool Versions:
Toolchain:       MDK-ARM Plus  Version: 5.39.0.0
Toolchain Path:  D:\_Keil5\ARM\ARMCLANG\Bin
C Compiler:      ArmClang.exe V6.21
Assembler:       Armasm.exe V6.21
Linker/Locator:  ArmLink.exe V6.21
Library Manager: ArmAr.exe V6.21
Hex Converter:   FromElf.exe V6.21
CPU DLL:         
Dialog DLL:      
Target DLL:      STLink\ST-LINKIII-KEIL_SWO.dll V3.2.0.0
Dialog DLL:      TCM.DLL V1.56.4.0
 
<h2>Project:</h2>
d:\_Project\GD32_Control\Project\Project\Project.uvprojx
Project File Date:  08/05/2026

<h2>Output:</h2>
*** Using Compiler 'V6.21', folder: 'D:\_Keil5\ARM\ARMCLANG\Bin'
Rebuild target 'GD32E230C_START'
compiling cmt2219b_port.c...
compiling radio_tx.c...
compiling gd32e23x_it.c...
compiling cmt2119b_port.c...
compiling bsp_usart.c...
compiling systick.c...
compiling cmt2119b.c...
compiling main.c...
compiling cmt2219b_spi.c...
compiling cmt2119b_spi.c...
compiling cmt2219b.c...
assembling startup_gd32e23x.s...
compiling radio_rx.c...
compiling app_221.c...
compiling system_gd32e23x.c...
compiling app_tx-rx_config.c...
App/app_211.c(119): warning: passing 'volatile uint8_t[32]' (aka 'volatile unsigned char[32]') to parameter of type 'const uint8_t *' (aka 'const unsigned char *') discards qualifiers [-Wincompatible-pointer-types-discards-qualifiers]
  119 |         send_ret = radio_tx_send(tx_buf_data, TEST_PACKET_LEN);
      |                                  ^~~~~~~~~~~
../Hardware/cmt2119b\radio_tx.h(7): note: passing argument to parameter 'buf' here
    7 | uint8_t radio_tx_send(const uint8_t *buf, uint8_t len);
      |                                      ^
App/app_211.c(141): warning: passing 'volatile uint8_t[32]' (aka 'volatile unsigned char[32]') to parameter of type 'const uint8_t *' (aka 'const unsigned char *') discards qualifiers [-Wincompatible-pointer-types-discards-qualifiers]
  141 |     radio_tx_send(tx_buf_data, TEST_PACKET_LEN);
      |                   ^~~~~~~~~~~
../Hardware/cmt2119b\radio_tx.h(7): note: passing argument to parameter 'buf' here
    7 | uint8_t radio_tx_send(const uint8_t *buf, uint8_t len);
      |                                      ^
2 warnings generated.
compiling app_211.c...
compiling gd32e23x_cmp.c...
compiling gd32e23x_crc.c...
compiling gd32e23x_dbg.c...
compiling led_test.c...
App/app_key.c(83): warning: non-void function does not return a value in all control paths [-Wreturn-type]
   83 | }
      | ^
1 warning generated.
compiling app_key.c...
compiling gd32e23x_adc.c...
compiling gd32e23x_dma.c...
compiling gd32e23x_exti.c...
compiling gd32e23x_fmc.c...
compiling gd32e23x_fwdgt.c...
compiling gd32e23x_i2c.c...
compiling gd32e23x_syscfg.c...
compiling gd32e23x_pmu.c...
compiling gd32e23x_gpio.c...
compiling gd32e23x_misc.c...
compiling gd32e23x_rtc.c...
compiling gd32e23x_spi.c...
compiling gd32e23x_rcu.c...
compiling gd32e23x_timer.c...
compiling rf_apply.c...
compiling gd32e23x_wwdgt.c...
compiling gd32e23x_usart.c...
compiling rf_config.c...
compiling rf_uart_set_config.c...
linking...
Program Size: Code=16684 RO-data=912 RW-data=40 ZI-data=5224  
FromELF: creating hex file...
".\output\GD32E230C_START.axf" - 0 Error(s), 3 Warning(s).

<h2>Software Packages used:</h2>

Package Vendor: ARM
                http://www.keil.com/pack/ARM.CMSIS.5.9.0.pack
                ARM::CMSIS@5.9.0
                CMSIS (Common Microcontroller Software Interface Standard)
   * Component: CORE Version: 5.6.0

Package Vendor: GigaDevice
                http://gd32mcu.com/data/documents/pack/GigaDevice.GD32E23x_DFP.2.5.0.pack
                GigaDevice::GD32E23x_DFP@2.5.0
                GigaDevice GD32E23x Series Device Support and Examples

<h2>Collection of Component include folders:</h2>
  ./RTE/_GD32E230C_START
  D:/_Keil5/packs/ARM/CMSIS/5.9.0/CMSIS/Core/Include
  D:/_Keil5/packs/GigaDevice/GD32E23x_DFP/2.5.0/Device/Include

<h2>Collection of Component Files used:</h2>

   * Component: ARM::CMSIS:CORE@5.6.0
Build Time Elapsed:  00:00:03
</pre>
</body>
</html>
