<!doctype html public "-//w3c//dtd html 4.0 transitional//en">
<html><head>
<title>Static Call Graph - [.\output\GD32E230C_START.axf]</title></head>
<body><HR>
<H1>Static Call Graph for image .\output\GD32E230C_START.axf</H1><HR>
<BR><P>#&#060CALLGRAPH&#062# ARM Linker, 6210000: Last Updated: Tue Aug 18 09:17:11 2026
<BR><P>
<H3>Maximum Stack Usage =        316 bytes + Unknown(Cycles, Untraceable Function Pointers)</H3><H3>
Call chain for Maximum Stack Depth:</H3>
main &rArr; packet_loss_test_run &rArr; packet_loss_test_send &rArr; radio_tx_send &rArr; cmt2119b_send_packet &rArr; cmt2119b_go_tx &rArr; cmt2119b_auto_switch_status &rArr; cmt2119b_get_chip_status &rArr; cmt2119b_read_reg &rArr; cmt2119b_spi_read_reg &rArr; cmt2119b_gpio_recv_byte &rArr; cmt2119b_delay_us &rArr; delay_us &rArr; __aeabi_ui2f &rArr; _float_epilogue
<P>
<H3>
Mutually Recursive functions
</H3> <LI><a href="#[11]">ADC_CMP_IRQHandler</a>&nbsp;&nbsp;&nbsp;&rArr;&nbsp;&nbsp;&nbsp;<a href="#[11]">ADC_CMP_IRQHandler</a><BR>
</UL>
<P>
<H3>
Function Pointers
</H3><UL>
 <LI><a href="#[11]">ADC_CMP_IRQHandler</a> from startup_gd32e23x.o(.text) referenced from startup_gd32e23x.o(RESET)
 <LI><a href="#[e]">DMA_Channel0_IRQHandler</a> from startup_gd32e23x.o(.text) referenced from startup_gd32e23x.o(RESET)
 <LI><a href="#[f]">DMA_Channel1_2_IRQHandler</a> from bsp_usart.o(.text.DMA_Channel1_2_IRQHandler) referenced from startup_gd32e23x.o(RESET)
 <LI><a href="#[10]">DMA_Channel3_4_IRQHandler</a> from startup_gd32e23x.o(.text) referenced from startup_gd32e23x.o(RESET)
 <LI><a href="#[b]">EXTI0_1_IRQHandler</a> from startup_gd32e23x.o(.text) referenced from startup_gd32e23x.o(RESET)
 <LI><a href="#[c]">EXTI2_3_IRQHandler</a> from startup_gd32e23x.o(.text) referenced from startup_gd32e23x.o(RESET)
 <LI><a href="#[d]">EXTI4_15_IRQHandler</a> from startup_gd32e23x.o(.text) referenced from startup_gd32e23x.o(RESET)
 <LI><a href="#[9]">FMC_IRQHandler</a> from startup_gd32e23x.o(.text) referenced from startup_gd32e23x.o(RESET)
 <LI><a href="#[2]">HardFault_Handler</a> from gd32e23x_it.o(.text.HardFault_Handler) referenced from startup_gd32e23x.o(RESET)
 <LI><a href="#[20]">I2C0_ER_IRQHandler</a> from startup_gd32e23x.o(.text) referenced from startup_gd32e23x.o(RESET)
 <LI><a href="#[1a]">I2C0_EV_IRQHandler</a> from startup_gd32e23x.o(.text) referenced from startup_gd32e23x.o(RESET)
 <LI><a href="#[21]">I2C1_ER_IRQHandler</a> from startup_gd32e23x.o(.text) referenced from startup_gd32e23x.o(RESET)
 <LI><a href="#[1b]">I2C1_EV_IRQHandler</a> from startup_gd32e23x.o(.text) referenced from startup_gd32e23x.o(RESET)
 <LI><a href="#[7]">LVD_IRQHandler</a> from startup_gd32e23x.o(.text) referenced from startup_gd32e23x.o(RESET)
 <LI><a href="#[1]">NMI_Handler</a> from gd32e23x_it.o(.text.NMI_Handler) referenced from startup_gd32e23x.o(RESET)
 <LI><a href="#[4]">PendSV_Handler</a> from gd32e23x_it.o(.text.PendSV_Handler) referenced from startup_gd32e23x.o(RESET)
 <LI><a href="#[a]">RCU_IRQHandler</a> from startup_gd32e23x.o(.text) referenced from startup_gd32e23x.o(RESET)
 <LI><a href="#[8]">RTC_IRQHandler</a> from startup_gd32e23x.o(.text) referenced from startup_gd32e23x.o(RESET)
 <LI><a href="#[0]">Reset_Handler</a> from startup_gd32e23x.o(.text) referenced from startup_gd32e23x.o(RESET)
 <LI><a href="#[1c]">SPI0_IRQHandler</a> from startup_gd32e23x.o(.text) referenced from startup_gd32e23x.o(RESET)
 <LI><a href="#[1d]">SPI1_IRQHandler</a> from startup_gd32e23x.o(.text) referenced from startup_gd32e23x.o(RESET)
 <LI><a href="#[3]">SVC_Handler</a> from gd32e23x_it.o(.text.SVC_Handler) referenced from startup_gd32e23x.o(RESET)
 <LI><a href="#[5]">SysTick_Handler</a> from gd32e23x_it.o(.text.SysTick_Handler) referenced from startup_gd32e23x.o(RESET)
 <LI><a href="#[23]">SystemInit</a> from system_gd32e23x.o(.text.SystemInit) referenced from startup_gd32e23x.o(.text)
 <LI><a href="#[12]">TIMER0_BRK_UP_TRG_COM_IRQHandler</a> from startup_gd32e23x.o(.text) referenced from startup_gd32e23x.o(RESET)
 <LI><a href="#[13]">TIMER0_Channel_IRQHandler</a> from startup_gd32e23x.o(.text) referenced from startup_gd32e23x.o(RESET)
 <LI><a href="#[16]">TIMER13_IRQHandler</a> from startup_gd32e23x.o(.text) referenced from startup_gd32e23x.o(RESET)
 <LI><a href="#[17]">TIMER14_IRQHandler</a> from startup_gd32e23x.o(.text) referenced from startup_gd32e23x.o(RESET)
 <LI><a href="#[18]">TIMER15_IRQHandler</a> from startup_gd32e23x.o(.text) referenced from startup_gd32e23x.o(RESET)
 <LI><a href="#[19]">TIMER16_IRQHandler</a> from startup_gd32e23x.o(.text) referenced from startup_gd32e23x.o(RESET)
 <LI><a href="#[14]">TIMER2_IRQHandler</a> from startup_gd32e23x.o(.text) referenced from startup_gd32e23x.o(RESET)
 <LI><a href="#[15]">TIMER5_IRQHandler</a> from startup_gd32e23x.o(.text) referenced from startup_gd32e23x.o(RESET)
 <LI><a href="#[1e]">USART0_IRQHandler</a> from bsp_usart.o(.text.USART0_IRQHandler) referenced from startup_gd32e23x.o(RESET)
 <LI><a href="#[1f]">USART1_IRQHandler</a> from startup_gd32e23x.o(.text) referenced from startup_gd32e23x.o(RESET)
 <LI><a href="#[6]">WWDGT_IRQHandler</a> from startup_gd32e23x.o(.text) referenced from startup_gd32e23x.o(RESET)
 <LI><a href="#[24]">__main</a> from entry.o(.ARM.Collect$$$$00000000) referenced from startup_gd32e23x.o(.text)
 <LI><a href="#[25]">fputc</a> from bsp_usart.o(.text.fputc) referenced from printfa.o(i.__0printf)
 <LI><a href="#[22]">main</a> from main.o(.text.main) referenced from entry9a.o(.ARM.Collect$$$$0000000B)
</UL>
<P>
<H3>
Global Symbols
</H3>
<P><STRONG><a name="[24]"></a>__main</STRONG> (Thumb, 0 bytes, Stack size unknown bytes, entry.o(.ARM.Collect$$$$00000000))
<BR>[Address Reference Count : 1]<UL><LI> startup_gd32e23x.o(.text)
</UL>
<P><STRONG><a name="[fc]"></a>_main_stk</STRONG> (Thumb, 0 bytes, Stack size unknown bytes, entry2.o(.ARM.Collect$$$$00000001))

<P><STRONG><a name="[26]"></a>_main_scatterload</STRONG> (Thumb, 0 bytes, Stack size unknown bytes, entry5.o(.ARM.Collect$$$$00000004))
<BR><BR>[Calls]<UL><LI><a href="#[27]">&gt;&gt;</a>&nbsp;&nbsp;&nbsp;__scatterload
</UL>

<P><STRONG><a name="[3b]"></a>__main_after_scatterload</STRONG> (Thumb, 0 bytes, Stack size unknown bytes, entry5.o(.ARM.Collect$$$$00000004))
<BR><BR>[Called By]<UL><LI><a href="#[27]">&gt;&gt;</a>&nbsp;&nbsp;&nbsp;__scatterload
</UL>

<P><STRONG><a name="[fd]"></a>_main_clock</STRONG> (Thumb, 0 bytes, Stack size unknown bytes, entry7b.o(.ARM.Collect$$$$00000008))

<P><STRONG><a name="[fe]"></a>_main_cpp_init</STRONG> (Thumb, 0 bytes, Stack size unknown bytes, entry8b.o(.ARM.Collect$$$$0000000A))

<P><STRONG><a name="[ff]"></a>_main_init</STRONG> (Thumb, 0 bytes, Stack size unknown bytes, entry9a.o(.ARM.Collect$$$$0000000B))

<P><STRONG><a name="[100]"></a>__rt_final_cpp</STRONG> (Thumb, 0 bytes, Stack size unknown bytes, entry10a.o(.ARM.Collect$$$$0000000D))

<P><STRONG><a name="[101]"></a>__rt_final_exit</STRONG> (Thumb, 0 bytes, Stack size unknown bytes, entry11a.o(.ARM.Collect$$$$0000000F))

<P><STRONG><a name="[0]"></a>Reset_Handler</STRONG> (Thumb, 8 bytes, Stack size 0 bytes, startup_gd32e23x.o(.text))
<BR>[Address Reference Count : 1]<UL><LI> startup_gd32e23x.o(RESET)
</UL>
<P><STRONG><a name="[11]"></a>ADC_CMP_IRQHandler</STRONG> (Thumb, 0 bytes, Stack size 0 bytes, startup_gd32e23x.o(.text))
<BR><BR>[Calls]<UL><LI><a href="#[11]">&gt;&gt;</a>&nbsp;&nbsp;&nbsp;ADC_CMP_IRQHandler
</UL>
<BR>[Called By]<UL><LI><a href="#[11]">&gt;&gt;</a>&nbsp;&nbsp;&nbsp;ADC_CMP_IRQHandler
</UL>
<BR>[Address Reference Count : 1]<UL><LI> startup_gd32e23x.o(RESET)
</UL>
<P><STRONG><a name="[e]"></a>DMA_Channel0_IRQHandler</STRONG> (Thumb, 0 bytes, Stack size 0 bytes, startup_gd32e23x.o(.text))
<BR>[Address Reference Count : 1]<UL><LI> startup_gd32e23x.o(RESET)
</UL>
<P><STRONG><a name="[10]"></a>DMA_Channel3_4_IRQHandler</STRONG> (Thumb, 0 bytes, Stack size 0 bytes, startup_gd32e23x.o(.text))
<BR>[Address Reference Count : 1]<UL><LI> startup_gd32e23x.o(RESET)
</UL>
<P><STRONG><a name="[b]"></a>EXTI0_1_IRQHandler</STRONG> (Thumb, 0 bytes, Stack size 0 bytes, startup_gd32e23x.o(.text))
<BR>[Address Reference Count : 1]<UL><LI> startup_gd32e23x.o(RESET)
</UL>
<P><STRONG><a name="[c]"></a>EXTI2_3_IRQHandler</STRONG> (Thumb, 0 bytes, Stack size 0 bytes, startup_gd32e23x.o(.text))
<BR>[Address Reference Count : 1]<UL><LI> startup_gd32e23x.o(RESET)
</UL>
<P><STRONG><a name="[d]"></a>EXTI4_15_IRQHandler</STRONG> (Thumb, 0 bytes, Stack size 0 bytes, startup_gd32e23x.o(.text))
<BR>[Address Reference Count : 1]<UL><LI> startup_gd32e23x.o(RESET)
</UL>
<P><STRONG><a name="[9]"></a>FMC_IRQHandler</STRONG> (Thumb, 0 bytes, Stack size 0 bytes, startup_gd32e23x.o(.text))
<BR>[Address Reference Count : 1]<UL><LI> startup_gd32e23x.o(RESET)
</UL>
<P><STRONG><a name="[20]"></a>I2C0_ER_IRQHandler</STRONG> (Thumb, 0 bytes, Stack size 0 bytes, startup_gd32e23x.o(.text))
<BR>[Address Reference Count : 1]<UL><LI> startup_gd32e23x.o(RESET)
</UL>
<P><STRONG><a name="[1a]"></a>I2C0_EV_IRQHandler</STRONG> (Thumb, 0 bytes, Stack size 0 bytes, startup_gd32e23x.o(.text))
<BR>[Address Reference Count : 1]<UL><LI> startup_gd32e23x.o(RESET)
</UL>
<P><STRONG><a name="[21]"></a>I2C1_ER_IRQHandler</STRONG> (Thumb, 0 bytes, Stack size 0 bytes, startup_gd32e23x.o(.text))
<BR>[Address Reference Count : 1]<UL><LI> startup_gd32e23x.o(RESET)
</UL>
<P><STRONG><a name="[1b]"></a>I2C1_EV_IRQHandler</STRONG> (Thumb, 0 bytes, Stack size 0 bytes, startup_gd32e23x.o(.text))
<BR>[Address Reference Count : 1]<UL><LI> startup_gd32e23x.o(RESET)
</UL>
<P><STRONG><a name="[7]"></a>LVD_IRQHandler</STRONG> (Thumb, 0 bytes, Stack size 0 bytes, startup_gd32e23x.o(.text))
<BR>[Address Reference Count : 1]<UL><LI> startup_gd32e23x.o(RESET)
</UL>
<P><STRONG><a name="[a]"></a>RCU_IRQHandler</STRONG> (Thumb, 0 bytes, Stack size 0 bytes, startup_gd32e23x.o(.text))
<BR>[Address Reference Count : 1]<UL><LI> startup_gd32e23x.o(RESET)
</UL>
<P><STRONG><a name="[8]"></a>RTC_IRQHandler</STRONG> (Thumb, 0 bytes, Stack size 0 bytes, startup_gd32e23x.o(.text))
<BR>[Address Reference Count : 1]<UL><LI> startup_gd32e23x.o(RESET)
</UL>
<P><STRONG><a name="[1c]"></a>SPI0_IRQHandler</STRONG> (Thumb, 0 bytes, Stack size 0 bytes, startup_gd32e23x.o(.text))
<BR>[Address Reference Count : 1]<UL><LI> startup_gd32e23x.o(RESET)
</UL>
<P><STRONG><a name="[1d]"></a>SPI1_IRQHandler</STRONG> (Thumb, 0 bytes, Stack size 0 bytes, startup_gd32e23x.o(.text))
<BR>[Address Reference Count : 1]<UL><LI> startup_gd32e23x.o(RESET)
</UL>
<P><STRONG><a name="[12]"></a>TIMER0_BRK_UP_TRG_COM_IRQHandler</STRONG> (Thumb, 0 bytes, Stack size 0 bytes, startup_gd32e23x.o(.text))
<BR>[Address Reference Count : 1]<UL><LI> startup_gd32e23x.o(RESET)
</UL>
<P><STRONG><a name="[13]"></a>TIMER0_Channel_IRQHandler</STRONG> (Thumb, 0 bytes, Stack size 0 bytes, startup_gd32e23x.o(.text))
<BR>[Address Reference Count : 1]<UL><LI> startup_gd32e23x.o(RESET)
</UL>
<P><STRONG><a name="[16]"></a>TIMER13_IRQHandler</STRONG> (Thumb, 0 bytes, Stack size 0 bytes, startup_gd32e23x.o(.text))
<BR>[Address Reference Count : 1]<UL><LI> startup_gd32e23x.o(RESET)
</UL>
<P><STRONG><a name="[17]"></a>TIMER14_IRQHandler</STRONG> (Thumb, 0 bytes, Stack size 0 bytes, startup_gd32e23x.o(.text))
<BR>[Address Reference Count : 1]<UL><LI> startup_gd32e23x.o(RESET)
</UL>
<P><STRONG><a name="[18]"></a>TIMER15_IRQHandler</STRONG> (Thumb, 0 bytes, Stack size 0 bytes, startup_gd32e23x.o(.text))
<BR>[Address Reference Count : 1]<UL><LI> startup_gd32e23x.o(RESET)
</UL>
<P><STRONG><a name="[19]"></a>TIMER16_IRQHandler</STRONG> (Thumb, 0 bytes, Stack size 0 bytes, startup_gd32e23x.o(.text))
<BR>[Address Reference Count : 1]<UL><LI> startup_gd32e23x.o(RESET)
</UL>
<P><STRONG><a name="[14]"></a>TIMER2_IRQHandler</STRONG> (Thumb, 0 bytes, Stack size 0 bytes, startup_gd32e23x.o(.text))
<BR>[Address Reference Count : 1]<UL><LI> startup_gd32e23x.o(RESET)
</UL>
<P><STRONG><a name="[15]"></a>TIMER5_IRQHandler</STRONG> (Thumb, 0 bytes, Stack size 0 bytes, startup_gd32e23x.o(.text))
<BR>[Address Reference Count : 1]<UL><LI> startup_gd32e23x.o(RESET)
</UL>
<P><STRONG><a name="[1f]"></a>USART1_IRQHandler</STRONG> (Thumb, 0 bytes, Stack size 0 bytes, startup_gd32e23x.o(.text))
<BR>[Address Reference Count : 1]<UL><LI> startup_gd32e23x.o(RESET)
</UL>
<P><STRONG><a name="[6]"></a>WWDGT_IRQHandler</STRONG> (Thumb, 0 bytes, Stack size 0 bytes, startup_gd32e23x.o(.text))
<BR>[Address Reference Count : 1]<UL><LI> startup_gd32e23x.o(RESET)
</UL>
<P><STRONG><a name="[49]"></a>__aeabi_memcpy</STRONG> (Thumb, 36 bytes, Stack size 0 bytes, memcpya.o(.text))
<BR><BR>[Called By]<UL><LI><a href="#[1e]">&gt;&gt;</a>&nbsp;&nbsp;&nbsp;USART0_IRQHandler
</UL>

<P><STRONG><a name="[102]"></a>__aeabi_memcpy4</STRONG> (Thumb, 0 bytes, Stack size 0 bytes, memcpya.o(.text), UNUSED)

<P><STRONG><a name="[103]"></a>__aeabi_memcpy8</STRONG> (Thumb, 0 bytes, Stack size 0 bytes, memcpya.o(.text), UNUSED)

<P><STRONG><a name="[29]"></a>__aeabi_memset</STRONG> (Thumb, 14 bytes, Stack size 0 bytes, memseta.o(.text), UNUSED)
<BR><BR>[Called By]<UL><LI><a href="#[2a]">&gt;&gt;</a>&nbsp;&nbsp;&nbsp;_memset$wrapper
<LI><a href="#[28]">&gt;&gt;</a>&nbsp;&nbsp;&nbsp;__aeabi_memclr
</UL>

<P><STRONG><a name="[104]"></a>__aeabi_memset4</STRONG> (Thumb, 0 bytes, Stack size 0 bytes, memseta.o(.text), UNUSED)

<P><STRONG><a name="[105]"></a>__aeabi_memset8</STRONG> (Thumb, 0 bytes, Stack size 0 bytes, memseta.o(.text), UNUSED)

<P><STRONG><a name="[28]"></a>__aeabi_memclr</STRONG> (Thumb, 4 bytes, Stack size 0 bytes, memseta.o(.text), UNUSED)
<BR><BR>[Calls]<UL><LI><a href="#[29]">&gt;&gt;</a>&nbsp;&nbsp;&nbsp;__aeabi_memset
</UL>

<P><STRONG><a name="[d1]"></a>__aeabi_memclr4</STRONG> (Thumb, 0 bytes, Stack size 0 bytes, memseta.o(.text))
<BR><BR>[Called By]<UL><LI><a href="#[d0]">&gt;&gt;</a>&nbsp;&nbsp;&nbsp;rf_build_default_flash_config
</UL>

<P><STRONG><a name="[106]"></a>__aeabi_memclr8</STRONG> (Thumb, 0 bytes, Stack size 0 bytes, memseta.o(.text), UNUSED)

<P><STRONG><a name="[2a]"></a>_memset$wrapper</STRONG> (Thumb, 18 bytes, Stack size 8 bytes, memseta.o(.text), UNUSED)
<BR><BR>[Calls]<UL><LI><a href="#[29]">&gt;&gt;</a>&nbsp;&nbsp;&nbsp;__aeabi_memset
</UL>

<P><STRONG><a name="[b8]"></a>__aeabi_fmul</STRONG> (Thumb, 122 bytes, Stack size 16 bytes, fmul.o(.text))
<BR><BR>[Stack]<UL><LI>Max Depth = 16<LI>Call Chain = __aeabi_fmul
</UL>
<BR>[Called By]<UL><LI><a href="#[60]">&gt;&gt;</a>&nbsp;&nbsp;&nbsp;delay_us
<LI><a href="#[4b]">&gt;&gt;</a>&nbsp;&nbsp;&nbsp;systick_config
<LI><a href="#[5f]">&gt;&gt;</a>&nbsp;&nbsp;&nbsp;delay_ms
</UL>

<P><STRONG><a name="[2b]"></a>__aeabi_fdiv</STRONG> (Thumb, 124 bytes, Stack size 16 bytes, fdiv.o(.text))
<BR><BR>[Stack]<UL><LI>Max Depth = 16<LI>Call Chain = __aeabi_fdiv
</UL>
<BR>[Calls]<UL><LI><a href="#[2c]">&gt;&gt;</a>&nbsp;&nbsp;&nbsp;_float_round
</UL>
<BR>[Called By]<UL><LI><a href="#[4b]">&gt;&gt;</a>&nbsp;&nbsp;&nbsp;systick_config
</UL>

<P><STRONG><a name="[2d]"></a>__aeabi_ui2f</STRONG> (Thumb, 14 bytes, Stack size 8 bytes, ffltui.o(.text))
<BR><BR>[Stack]<UL><LI>Max Depth = 20<LI>Call Chain = __aeabi_ui2f &rArr; _float_epilogue
</UL>
<BR>[Calls]<UL><LI><a href="#[2e]">&gt;&gt;</a>&nbsp;&nbsp;&nbsp;_float_epilogue
</UL>
<BR>[Called By]<UL><LI><a href="#[60]">&gt;&gt;</a>&nbsp;&nbsp;&nbsp;delay_us
<LI><a href="#[4b]">&gt;&gt;</a>&nbsp;&nbsp;&nbsp;systick_config
<LI><a href="#[5f]">&gt;&gt;</a>&nbsp;&nbsp;&nbsp;delay_ms
</UL>

<P><STRONG><a name="[b9]"></a>__aeabi_f2uiz</STRONG> (Thumb, 40 bytes, Stack size 0 bytes, ffixui.o(.text))
<BR><BR>[Called By]<UL><LI><a href="#[60]">&gt;&gt;</a>&nbsp;&nbsp;&nbsp;delay_us
<LI><a href="#[5f]">&gt;&gt;</a>&nbsp;&nbsp;&nbsp;delay_ms
</UL>

<P><STRONG><a name="[2f]"></a>__aeabi_uldivmod</STRONG> (Thumb, 96 bytes, Stack size 48 bytes, uldiv.o(.text), UNUSED)
<BR><BR>[Calls]<UL><LI><a href="#[30]">&gt;&gt;</a>&nbsp;&nbsp;&nbsp;__aeabi_llsr
<LI><a href="#[31]">&gt;&gt;</a>&nbsp;&nbsp;&nbsp;__aeabi_llsl
</UL>
<BR>[Called By]<UL><LI><a href="#[f6]">&gt;&gt;</a>&nbsp;&nbsp;&nbsp;_printf_core
<LI><a href="#[f7]">&gt;&gt;</a>&nbsp;&nbsp;&nbsp;_fp_digits
</UL>

<P><STRONG><a name="[107]"></a>__I$use$fp</STRONG> (Thumb, 0 bytes, Stack size 0 bytes, iusefp.o(.text), UNUSED)

<P><STRONG><a name="[2c]"></a>_float_round</STRONG> (Thumb, 16 bytes, Stack size 0 bytes, fepilogue.o(.text))
<BR><BR>[Called By]<UL><LI><a href="#[2b]">&gt;&gt;</a>&nbsp;&nbsp;&nbsp;__aeabi_fdiv
</UL>

<P><STRONG><a name="[2e]"></a>_float_epilogue</STRONG> (Thumb, 114 bytes, Stack size 12 bytes, fepilogue.o(.text))
<BR><BR>[Stack]<UL><LI>Max Depth = 12<LI>Call Chain = _float_epilogue
</UL>
<BR>[Called By]<UL><LI><a href="#[2d]">&gt;&gt;</a>&nbsp;&nbsp;&nbsp;__aeabi_ui2f
</UL>

<P><STRONG><a name="[32]"></a>__aeabi_dadd</STRONG> (Thumb, 328 bytes, Stack size 48 bytes, dadd.o(.text), UNUSED)
<BR><BR>[Calls]<UL><LI><a href="#[33]">&gt;&gt;</a>&nbsp;&nbsp;&nbsp;__aeabi_lasr
<LI><a href="#[31]">&gt;&gt;</a>&nbsp;&nbsp;&nbsp;__aeabi_llsl
<LI><a href="#[35]">&gt;&gt;</a>&nbsp;&nbsp;&nbsp;_double_round
<LI><a href="#[34]">&gt;&gt;</a>&nbsp;&nbsp;&nbsp;_double_epilogue
</UL>
<BR>[Called By]<UL><LI><a href="#[37]">&gt;&gt;</a>&nbsp;&nbsp;&nbsp;__aeabi_drsub
<LI><a href="#[36]">&gt;&gt;</a>&nbsp;&nbsp;&nbsp;__aeabi_dsub
<LI><a href="#[f7]">&gt;&gt;</a>&nbsp;&nbsp;&nbsp;_fp_digits
</UL>

<P><STRONG><a name="[36]"></a>__aeabi_dsub</STRONG> (Thumb, 12 bytes, Stack size 8 bytes, dadd.o(.text), UNUSED)
<BR><BR>[Calls]<UL><LI><a href="#[32]">&gt;&gt;</a>&nbsp;&nbsp;&nbsp;__aeabi_dadd
</UL>

<P><STRONG><a name="[37]"></a>__aeabi_drsub</STRONG> (Thumb, 12 bytes, Stack size 8 bytes, dadd.o(.text), UNUSED)
<BR><BR>[Calls]<UL><LI><a href="#[32]">&gt;&gt;</a>&nbsp;&nbsp;&nbsp;__aeabi_dadd
</UL>

<P><STRONG><a name="[38]"></a>__aeabi_dmul</STRONG> (Thumb, 202 bytes, Stack size 72 bytes, dmul.o(.text), UNUSED)
<BR><BR>[Calls]<UL><LI><a href="#[34]">&gt;&gt;</a>&nbsp;&nbsp;&nbsp;_double_epilogue
</UL>
<BR>[Called By]<UL><LI><a href="#[f7]">&gt;&gt;</a>&nbsp;&nbsp;&nbsp;_fp_digits
</UL>

<P><STRONG><a name="[39]"></a>__aeabi_ddiv</STRONG> (Thumb, 234 bytes, Stack size 40 bytes, ddiv.o(.text), UNUSED)
<BR><BR>[Calls]<UL><LI><a href="#[35]">&gt;&gt;</a>&nbsp;&nbsp;&nbsp;_double_round
</UL>
<BR>[Called By]<UL><LI><a href="#[f7]">&gt;&gt;</a>&nbsp;&nbsp;&nbsp;_fp_digits
</UL>

<P><STRONG><a name="[3a]"></a>__aeabi_d2ulz</STRONG> (Thumb, 54 bytes, Stack size 8 bytes, dfixul.o(.text), UNUSED)
<BR><BR>[Calls]<UL><LI><a href="#[30]">&gt;&gt;</a>&nbsp;&nbsp;&nbsp;__aeabi_llsr
<LI><a href="#[31]">&gt;&gt;</a>&nbsp;&nbsp;&nbsp;__aeabi_llsl
</UL>
<BR>[Called By]<UL><LI><a href="#[f7]">&gt;&gt;</a>&nbsp;&nbsp;&nbsp;_fp_digits
</UL>

<P><STRONG><a name="[f8]"></a>__aeabi_cdrcmple</STRONG> (Thumb, 38 bytes, Stack size 0 bytes, cdrcmple.o(.text), UNUSED)
<BR><BR>[Called By]<UL><LI><a href="#[f7]">&gt;&gt;</a>&nbsp;&nbsp;&nbsp;_fp_digits
</UL>

<P><STRONG><a name="[27]"></a>__scatterload</STRONG> (Thumb, 38 bytes, Stack size 0 bytes, init.o(.text))
<BR><BR>[Calls]<UL><LI><a href="#[3b]">&gt;&gt;</a>&nbsp;&nbsp;&nbsp;__main_after_scatterload
</UL>
<BR>[Called By]<UL><LI><a href="#[26]">&gt;&gt;</a>&nbsp;&nbsp;&nbsp;_main_scatterload
</UL>

<P><STRONG><a name="[108]"></a>__scatterload_rt2</STRONG> (Thumb, 0 bytes, Stack size 0 bytes, init.o(.text), UNUSED)

<P><STRONG><a name="[109]"></a>__aeabi_uidiv$div0</STRONG> (Thumb, 0 bytes, Stack size 16 bytes, uidiv_div0.o(.text), UNUSED)

<P><STRONG><a name="[fb]"></a>__aeabi_uidivmod</STRONG> (Thumb, 62 bytes, Stack size 16 bytes, uidiv_div0.o(.text), UNUSED)
<BR><BR>[Called By]<UL><LI><a href="#[f6]">&gt;&gt;</a>&nbsp;&nbsp;&nbsp;_printf_core
</UL>

<P><STRONG><a name="[31]"></a>__aeabi_llsl</STRONG> (Thumb, 32 bytes, Stack size 8 bytes, llshl.o(.text), UNUSED)
<BR><BR>[Called By]<UL><LI><a href="#[34]">&gt;&gt;</a>&nbsp;&nbsp;&nbsp;_double_epilogue
<LI><a href="#[2f]">&gt;&gt;</a>&nbsp;&nbsp;&nbsp;__aeabi_uldivmod
<LI><a href="#[32]">&gt;&gt;</a>&nbsp;&nbsp;&nbsp;__aeabi_dadd
<LI><a href="#[3a]">&gt;&gt;</a>&nbsp;&nbsp;&nbsp;__aeabi_d2ulz
</UL>

<P><STRONG><a name="[10a]"></a>_ll_shift_l</STRONG> (Thumb, 0 bytes, Stack size 8 bytes, llshl.o(.text), UNUSED)

<P><STRONG><a name="[30]"></a>__aeabi_llsr</STRONG> (Thumb, 34 bytes, Stack size 8 bytes, llushr.o(.text), UNUSED)
<BR><BR>[Called By]<UL><LI><a href="#[34]">&gt;&gt;</a>&nbsp;&nbsp;&nbsp;_double_epilogue
<LI><a href="#[2f]">&gt;&gt;</a>&nbsp;&nbsp;&nbsp;__aeabi_uldivmod
<LI><a href="#[3a]">&gt;&gt;</a>&nbsp;&nbsp;&nbsp;__aeabi_d2ulz
</UL>

<P><STRONG><a name="[10b]"></a>_ll_ushift_r</STRONG> (Thumb, 0 bytes, Stack size 8 bytes, llushr.o(.text), UNUSED)

<P><STRONG><a name="[33]"></a>__aeabi_lasr</STRONG> (Thumb, 38 bytes, Stack size 8 bytes, llsshr.o(.text), UNUSED)
<BR><BR>[Called By]<UL><LI><a href="#[32]">&gt;&gt;</a>&nbsp;&nbsp;&nbsp;__aeabi_dadd
</UL>

<P><STRONG><a name="[10c]"></a>_ll_sshift_r</STRONG> (Thumb, 0 bytes, Stack size 8 bytes, llsshr.o(.text), UNUSED)

<P><STRONG><a name="[35]"></a>_double_round</STRONG> (Thumb, 26 bytes, Stack size 8 bytes, depilogue.o(.text), UNUSED)
<BR><BR>[Called By]<UL><LI><a href="#[34]">&gt;&gt;</a>&nbsp;&nbsp;&nbsp;_double_epilogue
<LI><a href="#[39]">&gt;&gt;</a>&nbsp;&nbsp;&nbsp;__aeabi_ddiv
<LI><a href="#[32]">&gt;&gt;</a>&nbsp;&nbsp;&nbsp;__aeabi_dadd
</UL>

<P><STRONG><a name="[34]"></a>_double_epilogue</STRONG> (Thumb, 164 bytes, Stack size 48 bytes, depilogue.o(.text), UNUSED)
<BR><BR>[Calls]<UL><LI><a href="#[3c]">&gt;&gt;</a>&nbsp;&nbsp;&nbsp;__ARM_clz
<LI><a href="#[30]">&gt;&gt;</a>&nbsp;&nbsp;&nbsp;__aeabi_llsr
<LI><a href="#[31]">&gt;&gt;</a>&nbsp;&nbsp;&nbsp;__aeabi_llsl
<LI><a href="#[35]">&gt;&gt;</a>&nbsp;&nbsp;&nbsp;_double_round
</UL>
<BR>[Called By]<UL><LI><a href="#[38]">&gt;&gt;</a>&nbsp;&nbsp;&nbsp;__aeabi_dmul
<LI><a href="#[32]">&gt;&gt;</a>&nbsp;&nbsp;&nbsp;__aeabi_dadd
</UL>

<P><STRONG><a name="[f]"></a>DMA_Channel1_2_IRQHandler</STRONG> (Thumb, 104 bytes, Stack size 16 bytes, bsp_usart.o(.text.DMA_Channel1_2_IRQHandler))
<BR><BR>[Stack]<UL><LI>Max Depth = 108<LI>Call Chain = DMA_Channel1_2_IRQHandler &rArr; usart_tx_dma_complete &rArr; usart_tx_dma_start &rArr; dma_init &rArr; dma_channel_disable
</UL>
<BR>[Calls]<UL><LI><a href="#[3e]">&gt;&gt;</a>&nbsp;&nbsp;&nbsp;dma_interrupt_flag_clear
<LI><a href="#[3d]">&gt;&gt;</a>&nbsp;&nbsp;&nbsp;dma_interrupt_flag_get
<LI><a href="#[40]">&gt;&gt;</a>&nbsp;&nbsp;&nbsp;dma_channel_disable
<LI><a href="#[41]">&gt;&gt;</a>&nbsp;&nbsp;&nbsp;usart_dma_transmit_config
<LI><a href="#[3f]">&gt;&gt;</a>&nbsp;&nbsp;&nbsp;usart_tx_dma_complete
</UL>
<BR>[Address Reference Count : 1]<UL><LI> startup_gd32e23x.o(RESET)
</UL>
<P><STRONG><a name="[2]"></a>HardFault_Handler</STRONG> (Thumb, 4 bytes, Stack size 0 bytes, gd32e23x_it.o(.text.HardFault_Handler))
<BR>[Address Reference Count : 1]<UL><LI> startup_gd32e23x.o(RESET)
</UL>
<P><STRONG><a name="[1]"></a>NMI_Handler</STRONG> (Thumb, 2 bytes, Stack size 0 bytes, gd32e23x_it.o(.text.NMI_Handler))
<BR>[Address Reference Count : 1]<UL><LI> startup_gd32e23x.o(RESET)
</UL>
<P><STRONG><a name="[4]"></a>PendSV_Handler</STRONG> (Thumb, 2 bytes, Stack size 0 bytes, gd32e23x_it.o(.text.PendSV_Handler))
<BR>[Address Reference Count : 1]<UL><LI> startup_gd32e23x.o(RESET)
</UL>
<P><STRONG><a name="[3]"></a>SVC_Handler</STRONG> (Thumb, 2 bytes, Stack size 0 bytes, gd32e23x_it.o(.text.SVC_Handler))
<BR>[Address Reference Count : 1]<UL><LI> startup_gd32e23x.o(RESET)
</UL>
<P><STRONG><a name="[5]"></a>SysTick_Handler</STRONG> (Thumb, 2 bytes, Stack size 0 bytes, gd32e23x_it.o(.text.SysTick_Handler))
<BR>[Address Reference Count : 1]<UL><LI> startup_gd32e23x.o(RESET)
</UL>
<P><STRONG><a name="[23]"></a>SystemInit</STRONG> (Thumb, 136 bytes, Stack size 16 bytes, system_gd32e23x.o(.text.SystemInit))
<BR><BR>[Stack]<UL><LI>Max Depth = 40<LI>Call Chain = SystemInit &rArr; system_clock_config &rArr; system_clock_72m_hxtal
</UL>
<BR>[Calls]<UL><LI><a href="#[43]">&gt;&gt;</a>&nbsp;&nbsp;&nbsp;nvic_vector_table_set
<LI><a href="#[42]">&gt;&gt;</a>&nbsp;&nbsp;&nbsp;system_clock_config
</UL>
<BR>[Address Reference Count : 1]<UL><LI> startup_gd32e23x.o(.text)
</UL>
<P><STRONG><a name="[1e]"></a>USART0_IRQHandler</STRONG> (Thumb, 268 bytes, Stack size 32 bytes, bsp_usart.o(.text.USART0_IRQHandler))
<BR><BR>[Stack]<UL><LI>Max Depth = 60<LI>Call Chain = USART0_IRQHandler &rArr; usart_interrupt_flag_get
</UL>
<BR>[Calls]<UL><LI><a href="#[48]">&gt;&gt;</a>&nbsp;&nbsp;&nbsp;dma_transfer_number_get
<LI><a href="#[47]">&gt;&gt;</a>&nbsp;&nbsp;&nbsp;usart_interrupt_flag_get
<LI><a href="#[45]">&gt;&gt;</a>&nbsp;&nbsp;&nbsp;usart_interrupt_flag_clear
<LI><a href="#[44]">&gt;&gt;</a>&nbsp;&nbsp;&nbsp;usart_flag_get
<LI><a href="#[40]">&gt;&gt;</a>&nbsp;&nbsp;&nbsp;dma_channel_disable
<LI><a href="#[46]">&gt;&gt;</a>&nbsp;&nbsp;&nbsp;usart_rx_dma_restart
<LI><a href="#[49]">&gt;&gt;</a>&nbsp;&nbsp;&nbsp;__aeabi_memcpy
</UL>
<BR>[Address Reference Count : 1]<UL><LI> startup_gd32e23x.o(RESET)
</UL>
<P><STRONG><a name="[4a]"></a>app_211_init</STRONG> (Thumb, 48 bytes, Stack size 8 bytes, app_211.o(.text.app_211_init))
<BR><BR>[Stack]<UL><LI>Max Depth = 252<LI>Call Chain = app_211_init &rArr; radio_tx_init &rArr; cmt2119b_init &rArr; cmt2119b_go_sleep &rArr; cmt2119b_auto_switch_status &rArr; cmt2119b_get_chip_status &rArr; cmt2119b_read_reg &rArr; cmt2119b_spi_read_reg &rArr; cmt2119b_gpio_recv_byte &rArr; cmt2119b_delay_us &rArr; delay_us &rArr; __aeabi_ui2f &rArr; _float_epilogue
</UL>
<BR>[Calls]<UL><LI><a href="#[4d]">&gt;&gt;</a>&nbsp;&nbsp;&nbsp;radio_tx_init
<LI><a href="#[4c]">&gt;&gt;</a>&nbsp;&nbsp;&nbsp;usart_gpio_config
<LI><a href="#[4b]">&gt;&gt;</a>&nbsp;&nbsp;&nbsp;systick_config
<LI><a href="#[4e]">&gt;&gt;</a>&nbsp;&nbsp;&nbsp;printf
</UL>
<BR>[Called By]<UL><LI><a href="#[22]">&gt;&gt;</a>&nbsp;&nbsp;&nbsp;main
</UL>

<P><STRONG><a name="[4f]"></a>app_221_init</STRONG> (Thumb, 68 bytes, Stack size 8 bytes, app_221.o(.text.app_221_init))
<BR><BR>[Stack]<UL><LI>Max Depth = 240<LI>Call Chain = app_221_init &rArr; radio_rx_init &rArr; cmt2219b_init &rArr; cmt2219b_go_sleep &rArr; cmt2219b_auto_switch_status &rArr; cmt2219b_get_chip_status &rArr; cmt2219b_read_reg &rArr; cmt2219b_spi_read_reg &rArr; cmt2219b_spi_pins_to_spi1 &rArr; gpio_output_options_set
</UL>
<BR>[Calls]<UL><LI><a href="#[50]">&gt;&gt;</a>&nbsp;&nbsp;&nbsp;radio_rx_init
<LI><a href="#[51]">&gt;&gt;</a>&nbsp;&nbsp;&nbsp;gpio_bit_set
<LI><a href="#[4c]">&gt;&gt;</a>&nbsp;&nbsp;&nbsp;usart_gpio_config
<LI><a href="#[4b]">&gt;&gt;</a>&nbsp;&nbsp;&nbsp;systick_config
<LI><a href="#[4e]">&gt;&gt;</a>&nbsp;&nbsp;&nbsp;printf
</UL>
<BR>[Called By]<UL><LI><a href="#[22]">&gt;&gt;</a>&nbsp;&nbsp;&nbsp;main
</UL>

<P><STRONG><a name="[57]"></a>cmt2119b_clear_interrupt_flags</STRONG> (Thumb, 20 bytes, Stack size 8 bytes, cmt2119b.o(.text.cmt2119b_clear_interrupt_flags))
<BR><BR>[Stack]<UL><LI>Max Depth = 116<LI>Call Chain = cmt2119b_clear_interrupt_flags &rArr; cmt2119b_write_reg &rArr; cmt2119b_spi_write_reg &rArr; cmt2119b_delay_us &rArr; delay_us &rArr; __aeabi_ui2f &rArr; _float_epilogue
</UL>
<BR>[Calls]<UL><LI><a href="#[53]">&gt;&gt;</a>&nbsp;&nbsp;&nbsp;cmt2119b_write_reg
</UL>
<BR>[Called By]<UL><LI><a href="#[7b]">&gt;&gt;</a>&nbsp;&nbsp;&nbsp;cmt2119b_send_packet
<LI><a href="#[6f]">&gt;&gt;</a>&nbsp;&nbsp;&nbsp;cmt2119b_init
</UL>

<P><STRONG><a name="[58]"></a>cmt2119b_clear_tx_fifo</STRONG> (Thumb, 12 bytes, Stack size 8 bytes, cmt2119b.o(.text.cmt2119b_clear_tx_fifo))
<BR><BR>[Stack]<UL><LI>Max Depth = 116<LI>Call Chain = cmt2119b_clear_tx_fifo &rArr; cmt2119b_write_reg &rArr; cmt2119b_spi_write_reg &rArr; cmt2119b_delay_us &rArr; delay_us &rArr; __aeabi_ui2f &rArr; _float_epilogue
</UL>
<BR>[Calls]<UL><LI><a href="#[53]">&gt;&gt;</a>&nbsp;&nbsp;&nbsp;cmt2119b_write_reg
</UL>
<BR>[Called By]<UL><LI><a href="#[7b]">&gt;&gt;</a>&nbsp;&nbsp;&nbsp;cmt2119b_send_packet
</UL>

<P><STRONG><a name="[5b]"></a>cmt2119b_csb_high</STRONG> (Thumb, 14 bytes, Stack size 8 bytes, cmt2119b_port.o(.text.cmt2119b_csb_high))
<BR><BR>[Stack]<UL><LI>Max Depth = 16<LI>Call Chain = cmt2119b_csb_high &rArr; gpio_bit_set
</UL>
<BR>[Calls]<UL><LI><a href="#[51]">&gt;&gt;</a>&nbsp;&nbsp;&nbsp;gpio_bit_set
</UL>
<BR>[Called By]<UL><LI><a href="#[72]">&gt;&gt;</a>&nbsp;&nbsp;&nbsp;cmt2119b_port_init
<LI><a href="#[89]">&gt;&gt;</a>&nbsp;&nbsp;&nbsp;cmt2119b_spi_write_fifo
<LI><a href="#[8a]">&gt;&gt;</a>&nbsp;&nbsp;&nbsp;cmt2119b_spi_write_reg
<LI><a href="#[77]">&gt;&gt;</a>&nbsp;&nbsp;&nbsp;cmt2119b_spi_read_reg
<LI><a href="#[70]">&gt;&gt;</a>&nbsp;&nbsp;&nbsp;cmt2119b_spi_init
</UL>

<P><STRONG><a name="[5c]"></a>cmt2119b_csb_low</STRONG> (Thumb, 14 bytes, Stack size 8 bytes, cmt2119b_port.o(.text.cmt2119b_csb_low))
<BR><BR>[Stack]<UL><LI>Max Depth = 16<LI>Call Chain = cmt2119b_csb_low &rArr; gpio_bit_reset
</UL>
<BR>[Calls]<UL><LI><a href="#[5d]">&gt;&gt;</a>&nbsp;&nbsp;&nbsp;gpio_bit_reset
</UL>
<BR>[Called By]<UL><LI><a href="#[8a]">&gt;&gt;</a>&nbsp;&nbsp;&nbsp;cmt2119b_spi_write_reg
<LI><a href="#[77]">&gt;&gt;</a>&nbsp;&nbsp;&nbsp;cmt2119b_spi_read_reg
</UL>

<P><STRONG><a name="[5e]"></a>cmt2119b_delay_ms</STRONG> (Thumb, 16 bytes, Stack size 16 bytes, cmt2119b_port.o(.text.cmt2119b_delay_ms))
<BR><BR>[Stack]<UL><LI>Max Depth = 60<LI>Call Chain = cmt2119b_delay_ms &rArr; delay_ms &rArr; __aeabi_ui2f &rArr; _float_epilogue
</UL>
<BR>[Calls]<UL><LI><a href="#[5f]">&gt;&gt;</a>&nbsp;&nbsp;&nbsp;delay_ms
</UL>
<BR>[Called By]<UL><LI><a href="#[7b]">&gt;&gt;</a>&nbsp;&nbsp;&nbsp;cmt2119b_send_packet
<LI><a href="#[6f]">&gt;&gt;</a>&nbsp;&nbsp;&nbsp;cmt2119b_init
</UL>

<P><STRONG><a name="[54]"></a>cmt2119b_delay_us</STRONG> (Thumb, 16 bytes, Stack size 16 bytes, cmt2119b_port.o(.text.cmt2119b_delay_us))
<BR><BR>[Stack]<UL><LI>Max Depth = 60<LI>Call Chain = cmt2119b_delay_us &rArr; delay_us &rArr; __aeabi_ui2f &rArr; _float_epilogue
</UL>
<BR>[Calls]<UL><LI><a href="#[60]">&gt;&gt;</a>&nbsp;&nbsp;&nbsp;delay_us
</UL>
<BR>[Called By]<UL><LI><a href="#[68]">&gt;&gt;</a>&nbsp;&nbsp;&nbsp;cmt2119b_gpio_recv_byte
<LI><a href="#[6c]">&gt;&gt;</a>&nbsp;&nbsp;&nbsp;cmt2119b_gpio_send_byte
<LI><a href="#[89]">&gt;&gt;</a>&nbsp;&nbsp;&nbsp;cmt2119b_spi_write_fifo
<LI><a href="#[8a]">&gt;&gt;</a>&nbsp;&nbsp;&nbsp;cmt2119b_spi_write_reg
<LI><a href="#[77]">&gt;&gt;</a>&nbsp;&nbsp;&nbsp;cmt2119b_spi_read_reg
<LI><a href="#[52]">&gt;&gt;</a>&nbsp;&nbsp;&nbsp;cmt2119b_auto_switch_status
</UL>

<P><STRONG><a name="[63]"></a>cmt2119b_fcsb_high</STRONG> (Thumb, 12 bytes, Stack size 8 bytes, cmt2119b_port.o(.text.cmt2119b_fcsb_high))
<BR><BR>[Stack]<UL><LI>Max Depth = 16<LI>Call Chain = cmt2119b_fcsb_high &rArr; gpio_bit_set
</UL>
<BR>[Calls]<UL><LI><a href="#[51]">&gt;&gt;</a>&nbsp;&nbsp;&nbsp;gpio_bit_set
</UL>
<BR>[Called By]<UL><LI><a href="#[72]">&gt;&gt;</a>&nbsp;&nbsp;&nbsp;cmt2119b_port_init
<LI><a href="#[89]">&gt;&gt;</a>&nbsp;&nbsp;&nbsp;cmt2119b_spi_write_fifo
<LI><a href="#[8a]">&gt;&gt;</a>&nbsp;&nbsp;&nbsp;cmt2119b_spi_write_reg
<LI><a href="#[77]">&gt;&gt;</a>&nbsp;&nbsp;&nbsp;cmt2119b_spi_read_reg
<LI><a href="#[70]">&gt;&gt;</a>&nbsp;&nbsp;&nbsp;cmt2119b_spi_init
</UL>

<P><STRONG><a name="[64]"></a>cmt2119b_fcsb_low</STRONG> (Thumb, 12 bytes, Stack size 8 bytes, cmt2119b_port.o(.text.cmt2119b_fcsb_low))
<BR><BR>[Stack]<UL><LI>Max Depth = 16<LI>Call Chain = cmt2119b_fcsb_low &rArr; gpio_bit_reset
</UL>
<BR>[Calls]<UL><LI><a href="#[5d]">&gt;&gt;</a>&nbsp;&nbsp;&nbsp;gpio_bit_reset
</UL>
<BR>[Called By]<UL><LI><a href="#[89]">&gt;&gt;</a>&nbsp;&nbsp;&nbsp;cmt2119b_spi_write_fifo
</UL>

<P><STRONG><a name="[65]"></a>cmt2119b_go_sleep</STRONG> (Thumb, 12 bytes, Stack size 8 bytes, cmt2119b.o(.text.cmt2119b_go_sleep))
<BR><BR>[Stack]<UL><LI>Max Depth = 180<LI>Call Chain = cmt2119b_go_sleep &rArr; cmt2119b_auto_switch_status &rArr; cmt2119b_get_chip_status &rArr; cmt2119b_read_reg &rArr; cmt2119b_spi_read_reg &rArr; cmt2119b_gpio_recv_byte &rArr; cmt2119b_delay_us &rArr; delay_us &rArr; __aeabi_ui2f &rArr; _float_epilogue
</UL>
<BR>[Calls]<UL><LI><a href="#[52]">&gt;&gt;</a>&nbsp;&nbsp;&nbsp;cmt2119b_auto_switch_status
</UL>
<BR>[Called By]<UL><LI><a href="#[cf]">&gt;&gt;</a>&nbsp;&nbsp;&nbsp;radio_tx_set_frequency_step
<LI><a href="#[ce]">&gt;&gt;</a>&nbsp;&nbsp;&nbsp;radio_tx_set_channel
<LI><a href="#[4d]">&gt;&gt;</a>&nbsp;&nbsp;&nbsp;radio_tx_init
<LI><a href="#[7b]">&gt;&gt;</a>&nbsp;&nbsp;&nbsp;cmt2119b_send_packet
<LI><a href="#[6f]">&gt;&gt;</a>&nbsp;&nbsp;&nbsp;cmt2119b_init
</UL>

<P><STRONG><a name="[66]"></a>cmt2119b_go_stby</STRONG> (Thumb, 12 bytes, Stack size 8 bytes, cmt2119b.o(.text.cmt2119b_go_stby))
<BR><BR>[Stack]<UL><LI>Max Depth = 180<LI>Call Chain = cmt2119b_go_stby &rArr; cmt2119b_auto_switch_status &rArr; cmt2119b_get_chip_status &rArr; cmt2119b_read_reg &rArr; cmt2119b_spi_read_reg &rArr; cmt2119b_gpio_recv_byte &rArr; cmt2119b_delay_us &rArr; delay_us &rArr; __aeabi_ui2f &rArr; _float_epilogue
</UL>
<BR>[Calls]<UL><LI><a href="#[52]">&gt;&gt;</a>&nbsp;&nbsp;&nbsp;cmt2119b_auto_switch_status
</UL>
<BR>[Called By]<UL><LI><a href="#[cf]">&gt;&gt;</a>&nbsp;&nbsp;&nbsp;radio_tx_set_frequency_step
<LI><a href="#[ce]">&gt;&gt;</a>&nbsp;&nbsp;&nbsp;radio_tx_set_channel
<LI><a href="#[4d]">&gt;&gt;</a>&nbsp;&nbsp;&nbsp;radio_tx_init
<LI><a href="#[7b]">&gt;&gt;</a>&nbsp;&nbsp;&nbsp;cmt2119b_send_packet
</UL>

<P><STRONG><a name="[67]"></a>cmt2119b_go_tx</STRONG> (Thumb, 12 bytes, Stack size 8 bytes, cmt2119b.o(.text.cmt2119b_go_tx))
<BR><BR>[Stack]<UL><LI>Max Depth = 180<LI>Call Chain = cmt2119b_go_tx &rArr; cmt2119b_auto_switch_status &rArr; cmt2119b_get_chip_status &rArr; cmt2119b_read_reg &rArr; cmt2119b_spi_read_reg &rArr; cmt2119b_gpio_recv_byte &rArr; cmt2119b_delay_us &rArr; delay_us &rArr; __aeabi_ui2f &rArr; _float_epilogue
</UL>
<BR>[Calls]<UL><LI><a href="#[52]">&gt;&gt;</a>&nbsp;&nbsp;&nbsp;cmt2119b_auto_switch_status
</UL>
<BR>[Called By]<UL><LI><a href="#[7b]">&gt;&gt;</a>&nbsp;&nbsp;&nbsp;cmt2119b_send_packet
</UL>

<P><STRONG><a name="[6f]"></a>cmt2119b_init</STRONG> (Thumb, 220 bytes, Stack size 48 bytes, cmt2119b.o(.text.cmt2119b_init))
<BR><BR>[Stack]<UL><LI>Max Depth = 228<LI>Call Chain = cmt2119b_init &rArr; cmt2119b_go_sleep &rArr; cmt2119b_auto_switch_status &rArr; cmt2119b_get_chip_status &rArr; cmt2119b_read_reg &rArr; cmt2119b_spi_read_reg &rArr; cmt2119b_gpio_recv_byte &rArr; cmt2119b_delay_us &rArr; delay_us &rArr; __aeabi_ui2f &rArr; _float_epilogue
</UL>
<BR>[Calls]<UL><LI><a href="#[65]">&gt;&gt;</a>&nbsp;&nbsp;&nbsp;cmt2119b_go_sleep
<LI><a href="#[57]">&gt;&gt;</a>&nbsp;&nbsp;&nbsp;cmt2119b_clear_interrupt_flags
<LI><a href="#[53]">&gt;&gt;</a>&nbsp;&nbsp;&nbsp;cmt2119b_write_reg
<LI><a href="#[5e]">&gt;&gt;</a>&nbsp;&nbsp;&nbsp;cmt2119b_delay_ms
<LI><a href="#[70]">&gt;&gt;</a>&nbsp;&nbsp;&nbsp;cmt2119b_spi_init
<LI><a href="#[59]">&gt;&gt;</a>&nbsp;&nbsp;&nbsp;cmt2119b_config_gpio_interrupt
<LI><a href="#[61]">&gt;&gt;</a>&nbsp;&nbsp;&nbsp;cmt2119b_enable_lfosc
<LI><a href="#[5a]">&gt;&gt;</a>&nbsp;&nbsp;&nbsp;cmt2119b_config_reg_bank
<LI><a href="#[71]">&gt;&gt;</a>&nbsp;&nbsp;&nbsp;cmt2119b_soft_reset
<LI><a href="#[56]">&gt;&gt;</a>&nbsp;&nbsp;&nbsp;cmt2119b_read_reg
</UL>
<BR>[Called By]<UL><LI><a href="#[4d]">&gt;&gt;</a>&nbsp;&nbsp;&nbsp;radio_tx_init
</UL>

<P><STRONG><a name="[72]"></a>cmt2119b_port_init</STRONG> (Thumb, 204 bytes, Stack size 56 bytes, cmt2119b_port.o(.text.cmt2119b_port_init))
<BR><BR>[Stack]<UL><LI>Max Depth = 88<LI>Call Chain = cmt2119b_port_init &rArr; gpio_output_options_set
</UL>
<BR>[Calls]<UL><LI><a href="#[63]">&gt;&gt;</a>&nbsp;&nbsp;&nbsp;cmt2119b_fcsb_high
<LI><a href="#[5b]">&gt;&gt;</a>&nbsp;&nbsp;&nbsp;cmt2119b_csb_high
<LI><a href="#[75]">&gt;&gt;</a>&nbsp;&nbsp;&nbsp;gpio_output_options_set
<LI><a href="#[74]">&gt;&gt;</a>&nbsp;&nbsp;&nbsp;gpio_mode_set
<LI><a href="#[76]">&gt;&gt;</a>&nbsp;&nbsp;&nbsp;gpio_af_set
<LI><a href="#[73]">&gt;&gt;</a>&nbsp;&nbsp;&nbsp;rcu_periph_clock_enable
</UL>
<BR>[Called By]<UL><LI><a href="#[70]">&gt;&gt;</a>&nbsp;&nbsp;&nbsp;cmt2119b_spi_init
</UL>

<P><STRONG><a name="[56]"></a>cmt2119b_read_reg</STRONG> (Thumb, 20 bytes, Stack size 16 bytes, cmt2119b.o(.text.cmt2119b_read_reg))
<BR><BR>[Stack]<UL><LI>Max Depth = 140<LI>Call Chain = cmt2119b_read_reg &rArr; cmt2119b_spi_read_reg &rArr; cmt2119b_gpio_recv_byte &rArr; cmt2119b_delay_us &rArr; delay_us &rArr; __aeabi_ui2f &rArr; _float_epilogue
</UL>
<BR>[Calls]<UL><LI><a href="#[77]">&gt;&gt;</a>&nbsp;&nbsp;&nbsp;cmt2119b_spi_read_reg
</UL>
<BR>[Called By]<UL><LI><a href="#[d8]">&gt;&gt;</a>&nbsp;&nbsp;&nbsp;rf_get_tx_rx_real_freq
<LI><a href="#[7b]">&gt;&gt;</a>&nbsp;&nbsp;&nbsp;cmt2119b_send_packet
<LI><a href="#[6f]">&gt;&gt;</a>&nbsp;&nbsp;&nbsp;cmt2119b_init
<LI><a href="#[62]">&gt;&gt;</a>&nbsp;&nbsp;&nbsp;cmt2119b_enable_write_fifo
<LI><a href="#[55]">&gt;&gt;</a>&nbsp;&nbsp;&nbsp;cmt2119b_get_chip_status
<LI><a href="#[52]">&gt;&gt;</a>&nbsp;&nbsp;&nbsp;cmt2119b_auto_switch_status
<LI><a href="#[59]">&gt;&gt;</a>&nbsp;&nbsp;&nbsp;cmt2119b_config_gpio_interrupt
<LI><a href="#[61]">&gt;&gt;</a>&nbsp;&nbsp;&nbsp;cmt2119b_enable_lfosc
<LI><a href="#[22]">&gt;&gt;</a>&nbsp;&nbsp;&nbsp;main
</UL>

<P><STRONG><a name="[6a]"></a>cmt2119b_sclk_high</STRONG> (Thumb, 14 bytes, Stack size 8 bytes, cmt2119b_port.o(.text.cmt2119b_sclk_high))
<BR><BR>[Stack]<UL><LI>Max Depth = 16<LI>Call Chain = cmt2119b_sclk_high &rArr; gpio_bit_set
</UL>
<BR>[Calls]<UL><LI><a href="#[51]">&gt;&gt;</a>&nbsp;&nbsp;&nbsp;gpio_bit_set
</UL>
<BR>[Called By]<UL><LI><a href="#[68]">&gt;&gt;</a>&nbsp;&nbsp;&nbsp;cmt2119b_gpio_recv_byte
<LI><a href="#[6c]">&gt;&gt;</a>&nbsp;&nbsp;&nbsp;cmt2119b_gpio_send_byte
</UL>

<P><STRONG><a name="[69]"></a>cmt2119b_sclk_low</STRONG> (Thumb, 14 bytes, Stack size 8 bytes, cmt2119b_port.o(.text.cmt2119b_sclk_low))
<BR><BR>[Stack]<UL><LI>Max Depth = 16<LI>Call Chain = cmt2119b_sclk_low &rArr; gpio_bit_reset
</UL>
<BR>[Calls]<UL><LI><a href="#[5d]">&gt;&gt;</a>&nbsp;&nbsp;&nbsp;gpio_bit_reset
</UL>
<BR>[Called By]<UL><LI><a href="#[68]">&gt;&gt;</a>&nbsp;&nbsp;&nbsp;cmt2119b_gpio_recv_byte
<LI><a href="#[6c]">&gt;&gt;</a>&nbsp;&nbsp;&nbsp;cmt2119b_gpio_send_byte
<LI><a href="#[77]">&gt;&gt;</a>&nbsp;&nbsp;&nbsp;cmt2119b_spi_read_reg
</UL>

<P><STRONG><a name="[6d]"></a>cmt2119b_sdio_high</STRONG> (Thumb, 14 bytes, Stack size 8 bytes, cmt2119b_port.o(.text.cmt2119b_sdio_high))
<BR><BR>[Stack]<UL><LI>Max Depth = 16<LI>Call Chain = cmt2119b_sdio_high &rArr; gpio_bit_set
</UL>
<BR>[Calls]<UL><LI><a href="#[51]">&gt;&gt;</a>&nbsp;&nbsp;&nbsp;gpio_bit_set
</UL>
<BR>[Called By]<UL><LI><a href="#[6c]">&gt;&gt;</a>&nbsp;&nbsp;&nbsp;cmt2119b_gpio_send_byte
</UL>

<P><STRONG><a name="[78]"></a>cmt2119b_sdio_input</STRONG> (Thumb, 18 bytes, Stack size 8 bytes, cmt2119b_port.o(.text.cmt2119b_sdio_input))
<BR><BR>[Stack]<UL><LI>Max Depth = 36<LI>Call Chain = cmt2119b_sdio_input &rArr; gpio_mode_set
</UL>
<BR>[Calls]<UL><LI><a href="#[74]">&gt;&gt;</a>&nbsp;&nbsp;&nbsp;gpio_mode_set
</UL>
<BR>[Called By]<UL><LI><a href="#[77]">&gt;&gt;</a>&nbsp;&nbsp;&nbsp;cmt2119b_spi_read_reg
</UL>

<P><STRONG><a name="[6e]"></a>cmt2119b_sdio_low</STRONG> (Thumb, 14 bytes, Stack size 8 bytes, cmt2119b_port.o(.text.cmt2119b_sdio_low))
<BR><BR>[Stack]<UL><LI>Max Depth = 16<LI>Call Chain = cmt2119b_sdio_low &rArr; gpio_bit_reset
</UL>
<BR>[Calls]<UL><LI><a href="#[5d]">&gt;&gt;</a>&nbsp;&nbsp;&nbsp;gpio_bit_reset
</UL>
<BR>[Called By]<UL><LI><a href="#[6c]">&gt;&gt;</a>&nbsp;&nbsp;&nbsp;cmt2119b_gpio_send_byte
</UL>

<P><STRONG><a name="[79]"></a>cmt2119b_sdio_output</STRONG> (Thumb, 40 bytes, Stack size 24 bytes, cmt2119b_port.o(.text.cmt2119b_sdio_output))
<BR><BR>[Stack]<UL><LI>Max Depth = 56<LI>Call Chain = cmt2119b_sdio_output &rArr; gpio_output_options_set
</UL>
<BR>[Calls]<UL><LI><a href="#[75]">&gt;&gt;</a>&nbsp;&nbsp;&nbsp;gpio_output_options_set
<LI><a href="#[74]">&gt;&gt;</a>&nbsp;&nbsp;&nbsp;gpio_mode_set
</UL>
<BR>[Called By]<UL><LI><a href="#[77]">&gt;&gt;</a>&nbsp;&nbsp;&nbsp;cmt2119b_spi_read_reg
</UL>

<P><STRONG><a name="[6b]"></a>cmt2119b_sdio_read</STRONG> (Thumb, 18 bytes, Stack size 8 bytes, cmt2119b_port.o(.text.cmt2119b_sdio_read))
<BR><BR>[Stack]<UL><LI>Max Depth = 20<LI>Call Chain = cmt2119b_sdio_read &rArr; gpio_input_bit_get
</UL>
<BR>[Calls]<UL><LI><a href="#[7a]">&gt;&gt;</a>&nbsp;&nbsp;&nbsp;gpio_input_bit_get
</UL>
<BR>[Called By]<UL><LI><a href="#[68]">&gt;&gt;</a>&nbsp;&nbsp;&nbsp;cmt2119b_gpio_recv_byte
</UL>

<P><STRONG><a name="[7b]"></a>cmt2119b_send_packet</STRONG> (Thumb, 178 bytes, Stack size 32 bytes, cmt2119b.o(.text.cmt2119b_send_packet))
<BR><BR>[Stack]<UL><LI>Max Depth = 212<LI>Call Chain = cmt2119b_send_packet &rArr; cmt2119b_go_tx &rArr; cmt2119b_auto_switch_status &rArr; cmt2119b_get_chip_status &rArr; cmt2119b_read_reg &rArr; cmt2119b_spi_read_reg &rArr; cmt2119b_gpio_recv_byte &rArr; cmt2119b_delay_us &rArr; delay_us &rArr; __aeabi_ui2f &rArr; _float_epilogue
</UL>
<BR>[Calls]<UL><LI><a href="#[58]">&gt;&gt;</a>&nbsp;&nbsp;&nbsp;cmt2119b_clear_tx_fifo
<LI><a href="#[67]">&gt;&gt;</a>&nbsp;&nbsp;&nbsp;cmt2119b_go_tx
<LI><a href="#[66]">&gt;&gt;</a>&nbsp;&nbsp;&nbsp;cmt2119b_go_stby
<LI><a href="#[7c]">&gt;&gt;</a>&nbsp;&nbsp;&nbsp;cmt2119b_write_fifo
<LI><a href="#[65]">&gt;&gt;</a>&nbsp;&nbsp;&nbsp;cmt2119b_go_sleep
<LI><a href="#[57]">&gt;&gt;</a>&nbsp;&nbsp;&nbsp;cmt2119b_clear_interrupt_flags
<LI><a href="#[5e]">&gt;&gt;</a>&nbsp;&nbsp;&nbsp;cmt2119b_delay_ms
<LI><a href="#[62]">&gt;&gt;</a>&nbsp;&nbsp;&nbsp;cmt2119b_enable_write_fifo
<LI><a href="#[56]">&gt;&gt;</a>&nbsp;&nbsp;&nbsp;cmt2119b_read_reg
</UL>
<BR>[Called By]<UL><LI><a href="#[cb]">&gt;&gt;</a>&nbsp;&nbsp;&nbsp;radio_tx_send
</UL>

<P><STRONG><a name="[7d]"></a>cmt2119b_set_frequency_channel</STRONG> (Thumb, 22 bytes, Stack size 16 bytes, cmt2119b.o(.text.cmt2119b_set_frequency_channel))
<BR><BR>[Stack]<UL><LI>Max Depth = 124<LI>Call Chain = cmt2119b_set_frequency_channel &rArr; cmt2119b_write_reg &rArr; cmt2119b_spi_write_reg &rArr; cmt2119b_delay_us &rArr; delay_us &rArr; __aeabi_ui2f &rArr; _float_epilogue
</UL>
<BR>[Calls]<UL><LI><a href="#[53]">&gt;&gt;</a>&nbsp;&nbsp;&nbsp;cmt2119b_write_reg
</UL>
<BR>[Called By]<UL><LI><a href="#[ce]">&gt;&gt;</a>&nbsp;&nbsp;&nbsp;radio_tx_set_channel
<LI><a href="#[4d]">&gt;&gt;</a>&nbsp;&nbsp;&nbsp;radio_tx_init
</UL>

<P><STRONG><a name="[7e]"></a>cmt2119b_set_frequency_step</STRONG> (Thumb, 22 bytes, Stack size 16 bytes, cmt2119b.o(.text.cmt2119b_set_frequency_step))
<BR><BR>[Stack]<UL><LI>Max Depth = 124<LI>Call Chain = cmt2119b_set_frequency_step &rArr; cmt2119b_write_reg &rArr; cmt2119b_spi_write_reg &rArr; cmt2119b_delay_us &rArr; delay_us &rArr; __aeabi_ui2f &rArr; _float_epilogue
</UL>
<BR>[Calls]<UL><LI><a href="#[53]">&gt;&gt;</a>&nbsp;&nbsp;&nbsp;cmt2119b_write_reg
</UL>
<BR>[Called By]<UL><LI><a href="#[cf]">&gt;&gt;</a>&nbsp;&nbsp;&nbsp;radio_tx_set_frequency_step
<LI><a href="#[4d]">&gt;&gt;</a>&nbsp;&nbsp;&nbsp;radio_tx_init
</UL>

<P><STRONG><a name="[70]"></a>cmt2119b_spi_init</STRONG> (Thumb, 84 bytes, Stack size 48 bytes, cmt2119b_spi.o(.text.cmt2119b_spi_init))
<BR><BR>[Stack]<UL><LI>Max Depth = 136<LI>Call Chain = cmt2119b_spi_init &rArr; cmt2119b_port_init &rArr; gpio_output_options_set
</UL>
<BR>[Calls]<UL><LI><a href="#[82]">&gt;&gt;</a>&nbsp;&nbsp;&nbsp;spi_enable
<LI><a href="#[81]">&gt;&gt;</a>&nbsp;&nbsp;&nbsp;spi_init
<LI><a href="#[80]">&gt;&gt;</a>&nbsp;&nbsp;&nbsp;spi_struct_para_init
<LI><a href="#[7f]">&gt;&gt;</a>&nbsp;&nbsp;&nbsp;spi_i2s_deinit
<LI><a href="#[63]">&gt;&gt;</a>&nbsp;&nbsp;&nbsp;cmt2119b_fcsb_high
<LI><a href="#[5b]">&gt;&gt;</a>&nbsp;&nbsp;&nbsp;cmt2119b_csb_high
<LI><a href="#[72]">&gt;&gt;</a>&nbsp;&nbsp;&nbsp;cmt2119b_port_init
</UL>
<BR>[Called By]<UL><LI><a href="#[6f]">&gt;&gt;</a>&nbsp;&nbsp;&nbsp;cmt2119b_init
</UL>

<P><STRONG><a name="[83]"></a>cmt2119b_spi_pins_to_gpio</STRONG> (Thumb, 86 bytes, Stack size 32 bytes, cmt2119b_port.o(.text.cmt2119b_spi_pins_to_gpio))
<BR><BR>[Stack]<UL><LI>Max Depth = 64<LI>Call Chain = cmt2119b_spi_pins_to_gpio &rArr; gpio_output_options_set
</UL>
<BR>[Calls]<UL><LI><a href="#[5d]">&gt;&gt;</a>&nbsp;&nbsp;&nbsp;gpio_bit_reset
<LI><a href="#[51]">&gt;&gt;</a>&nbsp;&nbsp;&nbsp;gpio_bit_set
<LI><a href="#[75]">&gt;&gt;</a>&nbsp;&nbsp;&nbsp;gpio_output_options_set
<LI><a href="#[74]">&gt;&gt;</a>&nbsp;&nbsp;&nbsp;gpio_mode_set
</UL>
<BR>[Called By]<UL><LI><a href="#[77]">&gt;&gt;</a>&nbsp;&nbsp;&nbsp;cmt2119b_spi_read_reg
</UL>

<P><STRONG><a name="[84]"></a>cmt2119b_spi_pins_to_spi0</STRONG> (Thumb, 98 bytes, Stack size 32 bytes, cmt2119b_port.o(.text.cmt2119b_spi_pins_to_spi0))
<BR><BR>[Stack]<UL><LI>Max Depth = 64<LI>Call Chain = cmt2119b_spi_pins_to_spi0 &rArr; gpio_output_options_set
</UL>
<BR>[Calls]<UL><LI><a href="#[5d]">&gt;&gt;</a>&nbsp;&nbsp;&nbsp;gpio_bit_reset
<LI><a href="#[75]">&gt;&gt;</a>&nbsp;&nbsp;&nbsp;gpio_output_options_set
<LI><a href="#[74]">&gt;&gt;</a>&nbsp;&nbsp;&nbsp;gpio_mode_set
<LI><a href="#[76]">&gt;&gt;</a>&nbsp;&nbsp;&nbsp;gpio_af_set
</UL>
<BR>[Called By]<UL><LI><a href="#[77]">&gt;&gt;</a>&nbsp;&nbsp;&nbsp;cmt2119b_spi_read_reg
</UL>

<P><STRONG><a name="[77]"></a>cmt2119b_spi_read_reg</STRONG> (Thumb, 152 bytes, Stack size 40 bytes, cmt2119b_spi.o(.text.cmt2119b_spi_read_reg))
<BR><BR>[Stack]<UL><LI>Max Depth = 124<LI>Call Chain = cmt2119b_spi_read_reg &rArr; cmt2119b_gpio_recv_byte &rArr; cmt2119b_delay_us &rArr; delay_us &rArr; __aeabi_ui2f &rArr; _float_epilogue
</UL>
<BR>[Calls]<UL><LI><a href="#[86]">&gt;&gt;</a>&nbsp;&nbsp;&nbsp;spi_disable
<LI><a href="#[85]">&gt;&gt;</a>&nbsp;&nbsp;&nbsp;spi_i2s_flag_get
<LI><a href="#[82]">&gt;&gt;</a>&nbsp;&nbsp;&nbsp;spi_enable
<LI><a href="#[68]">&gt;&gt;</a>&nbsp;&nbsp;&nbsp;cmt2119b_gpio_recv_byte
<LI><a href="#[6c]">&gt;&gt;</a>&nbsp;&nbsp;&nbsp;cmt2119b_gpio_send_byte
<LI><a href="#[78]">&gt;&gt;</a>&nbsp;&nbsp;&nbsp;cmt2119b_sdio_input
<LI><a href="#[79]">&gt;&gt;</a>&nbsp;&nbsp;&nbsp;cmt2119b_sdio_output
<LI><a href="#[69]">&gt;&gt;</a>&nbsp;&nbsp;&nbsp;cmt2119b_sclk_low
<LI><a href="#[84]">&gt;&gt;</a>&nbsp;&nbsp;&nbsp;cmt2119b_spi_pins_to_spi0
<LI><a href="#[83]">&gt;&gt;</a>&nbsp;&nbsp;&nbsp;cmt2119b_spi_pins_to_gpio
<LI><a href="#[5c]">&gt;&gt;</a>&nbsp;&nbsp;&nbsp;cmt2119b_csb_low
<LI><a href="#[63]">&gt;&gt;</a>&nbsp;&nbsp;&nbsp;cmt2119b_fcsb_high
<LI><a href="#[5b]">&gt;&gt;</a>&nbsp;&nbsp;&nbsp;cmt2119b_csb_high
<LI><a href="#[54]">&gt;&gt;</a>&nbsp;&nbsp;&nbsp;cmt2119b_delay_us
</UL>
<BR>[Called By]<UL><LI><a href="#[56]">&gt;&gt;</a>&nbsp;&nbsp;&nbsp;cmt2119b_read_reg
</UL>

<P><STRONG><a name="[89]"></a>cmt2119b_spi_write_fifo</STRONG> (Thumb, 90 bytes, Stack size 24 bytes, cmt2119b_spi.o(.text.cmt2119b_spi_write_fifo))
<BR><BR>[Stack]<UL><LI>Max Depth = 84<LI>Call Chain = cmt2119b_spi_write_fifo &rArr; cmt2119b_delay_us &rArr; delay_us &rArr; __aeabi_ui2f &rArr; _float_epilogue
</UL>
<BR>[Calls]<UL><LI><a href="#[87]">&gt;&gt;</a>&nbsp;&nbsp;&nbsp;cmt2119b_spi_send_byte
<LI><a href="#[64]">&gt;&gt;</a>&nbsp;&nbsp;&nbsp;cmt2119b_fcsb_low
<LI><a href="#[63]">&gt;&gt;</a>&nbsp;&nbsp;&nbsp;cmt2119b_fcsb_high
<LI><a href="#[5b]">&gt;&gt;</a>&nbsp;&nbsp;&nbsp;cmt2119b_csb_high
<LI><a href="#[54]">&gt;&gt;</a>&nbsp;&nbsp;&nbsp;cmt2119b_delay_us
</UL>
<BR>[Called By]<UL><LI><a href="#[7c]">&gt;&gt;</a>&nbsp;&nbsp;&nbsp;cmt2119b_write_fifo
</UL>

<P><STRONG><a name="[8a]"></a>cmt2119b_spi_write_reg</STRONG> (Thumb, 66 bytes, Stack size 32 bytes, cmt2119b_spi.o(.text.cmt2119b_spi_write_reg))
<BR><BR>[Stack]<UL><LI>Max Depth = 92<LI>Call Chain = cmt2119b_spi_write_reg &rArr; cmt2119b_delay_us &rArr; delay_us &rArr; __aeabi_ui2f &rArr; _float_epilogue
</UL>
<BR>[Calls]<UL><LI><a href="#[87]">&gt;&gt;</a>&nbsp;&nbsp;&nbsp;cmt2119b_spi_send_byte
<LI><a href="#[5c]">&gt;&gt;</a>&nbsp;&nbsp;&nbsp;cmt2119b_csb_low
<LI><a href="#[63]">&gt;&gt;</a>&nbsp;&nbsp;&nbsp;cmt2119b_fcsb_high
<LI><a href="#[5b]">&gt;&gt;</a>&nbsp;&nbsp;&nbsp;cmt2119b_csb_high
<LI><a href="#[54]">&gt;&gt;</a>&nbsp;&nbsp;&nbsp;cmt2119b_delay_us
</UL>
<BR>[Called By]<UL><LI><a href="#[53]">&gt;&gt;</a>&nbsp;&nbsp;&nbsp;cmt2119b_write_reg
</UL>

<P><STRONG><a name="[7c]"></a>cmt2119b_write_fifo</STRONG> (Thumb, 40 bytes, Stack size 16 bytes, cmt2119b.o(.text.cmt2119b_write_fifo))
<BR><BR>[Stack]<UL><LI>Max Depth = 100<LI>Call Chain = cmt2119b_write_fifo &rArr; cmt2119b_spi_write_fifo &rArr; cmt2119b_delay_us &rArr; delay_us &rArr; __aeabi_ui2f &rArr; _float_epilogue
</UL>
<BR>[Calls]<UL><LI><a href="#[89]">&gt;&gt;</a>&nbsp;&nbsp;&nbsp;cmt2119b_spi_write_fifo
</UL>
<BR>[Called By]<UL><LI><a href="#[7b]">&gt;&gt;</a>&nbsp;&nbsp;&nbsp;cmt2119b_send_packet
</UL>

<P><STRONG><a name="[53]"></a>cmt2119b_write_reg</STRONG> (Thumb, 28 bytes, Stack size 16 bytes, cmt2119b.o(.text.cmt2119b_write_reg))
<BR><BR>[Stack]<UL><LI>Max Depth = 108<LI>Call Chain = cmt2119b_write_reg &rArr; cmt2119b_spi_write_reg &rArr; cmt2119b_delay_us &rArr; delay_us &rArr; __aeabi_ui2f &rArr; _float_epilogue
</UL>
<BR>[Calls]<UL><LI><a href="#[8a]">&gt;&gt;</a>&nbsp;&nbsp;&nbsp;cmt2119b_spi_write_reg
</UL>
<BR>[Called By]<UL><LI><a href="#[58]">&gt;&gt;</a>&nbsp;&nbsp;&nbsp;cmt2119b_clear_tx_fifo
<LI><a href="#[7e]">&gt;&gt;</a>&nbsp;&nbsp;&nbsp;cmt2119b_set_frequency_step
<LI><a href="#[7d]">&gt;&gt;</a>&nbsp;&nbsp;&nbsp;cmt2119b_set_frequency_channel
<LI><a href="#[57]">&gt;&gt;</a>&nbsp;&nbsp;&nbsp;cmt2119b_clear_interrupt_flags
<LI><a href="#[6f]">&gt;&gt;</a>&nbsp;&nbsp;&nbsp;cmt2119b_init
<LI><a href="#[62]">&gt;&gt;</a>&nbsp;&nbsp;&nbsp;cmt2119b_enable_write_fifo
<LI><a href="#[52]">&gt;&gt;</a>&nbsp;&nbsp;&nbsp;cmt2119b_auto_switch_status
<LI><a href="#[59]">&gt;&gt;</a>&nbsp;&nbsp;&nbsp;cmt2119b_config_gpio_interrupt
<LI><a href="#[61]">&gt;&gt;</a>&nbsp;&nbsp;&nbsp;cmt2119b_enable_lfosc
<LI><a href="#[5a]">&gt;&gt;</a>&nbsp;&nbsp;&nbsp;cmt2119b_config_reg_bank
<LI><a href="#[71]">&gt;&gt;</a>&nbsp;&nbsp;&nbsp;cmt2119b_soft_reset
</UL>

<P><STRONG><a name="[8f]"></a>cmt2219b_clear_interrupt_flags</STRONG> (Thumb, 20 bytes, Stack size 8 bytes, cmt2219b.o(.text.cmt2219b_clear_interrupt_flags))
<BR><BR>[Stack]<UL><LI>Max Depth = 116<LI>Call Chain = cmt2219b_clear_interrupt_flags &rArr; cmt2219b_write_reg &rArr; cmt2219b_spi_write_reg &rArr; cmt2219b_delay_us &rArr; delay_us &rArr; __aeabi_ui2f &rArr; _float_epilogue
</UL>
<BR>[Calls]<UL><LI><a href="#[8c]">&gt;&gt;</a>&nbsp;&nbsp;&nbsp;cmt2219b_write_reg
</UL>
<BR>[Called By]<UL><LI><a href="#[cd]">&gt;&gt;</a>&nbsp;&nbsp;&nbsp;radio_rx_set_frequency_step
<LI><a href="#[cc]">&gt;&gt;</a>&nbsp;&nbsp;&nbsp;radio_rx_set_channel
<LI><a href="#[c8]">&gt;&gt;</a>&nbsp;&nbsp;&nbsp;radio_rx_poll_packet
<LI><a href="#[50]">&gt;&gt;</a>&nbsp;&nbsp;&nbsp;radio_rx_init
<LI><a href="#[a6]">&gt;&gt;</a>&nbsp;&nbsp;&nbsp;cmt2219b_init
</UL>

<P><STRONG><a name="[90]"></a>cmt2219b_clear_rx_fifo</STRONG> (Thumb, 12 bytes, Stack size 8 bytes, cmt2219b.o(.text.cmt2219b_clear_rx_fifo))
<BR><BR>[Stack]<UL><LI>Max Depth = 116<LI>Call Chain = cmt2219b_clear_rx_fifo &rArr; cmt2219b_write_reg &rArr; cmt2219b_spi_write_reg &rArr; cmt2219b_delay_us &rArr; delay_us &rArr; __aeabi_ui2f &rArr; _float_epilogue
</UL>
<BR>[Calls]<UL><LI><a href="#[8c]">&gt;&gt;</a>&nbsp;&nbsp;&nbsp;cmt2219b_write_reg
</UL>
<BR>[Called By]<UL><LI><a href="#[cd]">&gt;&gt;</a>&nbsp;&nbsp;&nbsp;radio_rx_set_frequency_step
<LI><a href="#[cc]">&gt;&gt;</a>&nbsp;&nbsp;&nbsp;radio_rx_set_channel
<LI><a href="#[c8]">&gt;&gt;</a>&nbsp;&nbsp;&nbsp;radio_rx_poll_packet
<LI><a href="#[50]">&gt;&gt;</a>&nbsp;&nbsp;&nbsp;radio_rx_init
</UL>

<P><STRONG><a name="[91]"></a>cmt2219b_clk_high</STRONG> (Thumb, 16 bytes, Stack size 8 bytes, cmt2219b_port.o(.text.cmt2219b_clk_high))
<BR><BR>[Stack]<UL><LI>Max Depth = 16<LI>Call Chain = cmt2219b_clk_high &rArr; gpio_bit_set
</UL>
<BR>[Calls]<UL><LI><a href="#[51]">&gt;&gt;</a>&nbsp;&nbsp;&nbsp;gpio_bit_set
</UL>
<BR>[Called By]<UL><LI><a href="#[a0]">&gt;&gt;</a>&nbsp;&nbsp;&nbsp;cmt2219b_gpio_recv_byte
<LI><a href="#[a3]">&gt;&gt;</a>&nbsp;&nbsp;&nbsp;cmt2219b_gpio_send_byte
</UL>

<P><STRONG><a name="[92]"></a>cmt2219b_clk_low</STRONG> (Thumb, 16 bytes, Stack size 8 bytes, cmt2219b_port.o(.text.cmt2219b_clk_low))
<BR><BR>[Stack]<UL><LI>Max Depth = 16<LI>Call Chain = cmt2219b_clk_low &rArr; gpio_bit_reset
</UL>
<BR>[Calls]<UL><LI><a href="#[5d]">&gt;&gt;</a>&nbsp;&nbsp;&nbsp;gpio_bit_reset
</UL>
<BR>[Called By]<UL><LI><a href="#[a0]">&gt;&gt;</a>&nbsp;&nbsp;&nbsp;cmt2219b_gpio_recv_byte
<LI><a href="#[a3]">&gt;&gt;</a>&nbsp;&nbsp;&nbsp;cmt2219b_gpio_send_byte
<LI><a href="#[ad]">&gt;&gt;</a>&nbsp;&nbsp;&nbsp;cmt2219b_spi_read_fifo
<LI><a href="#[ae]">&gt;&gt;</a>&nbsp;&nbsp;&nbsp;cmt2219b_spi_read_reg
</UL>

<P><STRONG><a name="[96]"></a>cmt2219b_csb_high</STRONG> (Thumb, 16 bytes, Stack size 8 bytes, cmt2219b_port.o(.text.cmt2219b_csb_high))
<BR><BR>[Stack]<UL><LI>Max Depth = 16<LI>Call Chain = cmt2219b_csb_high &rArr; gpio_bit_set
</UL>
<BR>[Calls]<UL><LI><a href="#[51]">&gt;&gt;</a>&nbsp;&nbsp;&nbsp;gpio_bit_set
</UL>
<BR>[Called By]<UL><LI><a href="#[ab]">&gt;&gt;</a>&nbsp;&nbsp;&nbsp;cmt2219b_port_init
<LI><a href="#[ad]">&gt;&gt;</a>&nbsp;&nbsp;&nbsp;cmt2219b_spi_read_fifo
<LI><a href="#[b7]">&gt;&gt;</a>&nbsp;&nbsp;&nbsp;cmt2219b_spi_write_reg
<LI><a href="#[ae]">&gt;&gt;</a>&nbsp;&nbsp;&nbsp;cmt2219b_spi_read_reg
<LI><a href="#[a7]">&gt;&gt;</a>&nbsp;&nbsp;&nbsp;cmt2219b_spi_init
</UL>

<P><STRONG><a name="[97]"></a>cmt2219b_csb_low</STRONG> (Thumb, 16 bytes, Stack size 8 bytes, cmt2219b_port.o(.text.cmt2219b_csb_low))
<BR><BR>[Stack]<UL><LI>Max Depth = 16<LI>Call Chain = cmt2219b_csb_low &rArr; gpio_bit_reset
</UL>
<BR>[Calls]<UL><LI><a href="#[5d]">&gt;&gt;</a>&nbsp;&nbsp;&nbsp;gpio_bit_reset
</UL>
<BR>[Called By]<UL><LI><a href="#[b7]">&gt;&gt;</a>&nbsp;&nbsp;&nbsp;cmt2219b_spi_write_reg
<LI><a href="#[ae]">&gt;&gt;</a>&nbsp;&nbsp;&nbsp;cmt2219b_spi_read_reg
</UL>

<P><STRONG><a name="[98]"></a>cmt2219b_delay_ms</STRONG> (Thumb, 16 bytes, Stack size 16 bytes, cmt2219b_port.o(.text.cmt2219b_delay_ms))
<BR><BR>[Stack]<UL><LI>Max Depth = 60<LI>Call Chain = cmt2219b_delay_ms &rArr; delay_ms &rArr; __aeabi_ui2f &rArr; _float_epilogue
</UL>
<BR>[Calls]<UL><LI><a href="#[5f]">&gt;&gt;</a>&nbsp;&nbsp;&nbsp;delay_ms
</UL>
<BR>[Called By]<UL><LI><a href="#[a6]">&gt;&gt;</a>&nbsp;&nbsp;&nbsp;cmt2219b_init
</UL>

<P><STRONG><a name="[8d]"></a>cmt2219b_delay_us</STRONG> (Thumb, 16 bytes, Stack size 16 bytes, cmt2219b_port.o(.text.cmt2219b_delay_us))
<BR><BR>[Stack]<UL><LI>Max Depth = 60<LI>Call Chain = cmt2219b_delay_us &rArr; delay_us &rArr; __aeabi_ui2f &rArr; _float_epilogue
</UL>
<BR>[Calls]<UL><LI><a href="#[60]">&gt;&gt;</a>&nbsp;&nbsp;&nbsp;delay_us
</UL>
<BR>[Called By]<UL><LI><a href="#[ad]">&gt;&gt;</a>&nbsp;&nbsp;&nbsp;cmt2219b_spi_read_fifo
<LI><a href="#[b7]">&gt;&gt;</a>&nbsp;&nbsp;&nbsp;cmt2219b_spi_write_reg
<LI><a href="#[ae]">&gt;&gt;</a>&nbsp;&nbsp;&nbsp;cmt2219b_spi_read_reg
<LI><a href="#[8b]">&gt;&gt;</a>&nbsp;&nbsp;&nbsp;cmt2219b_auto_switch_status
</UL>

<P><STRONG><a name="[9a]"></a>cmt2219b_enable_read_fifo</STRONG> (Thumb, 46 bytes, Stack size 16 bytes, cmt2219b.o(.text.cmt2219b_enable_read_fifo))
<BR><BR>[Stack]<UL><LI>Max Depth = 136<LI>Call Chain = cmt2219b_enable_read_fifo &rArr; cmt2219b_read_reg &rArr; cmt2219b_spi_read_reg &rArr; cmt2219b_spi_pins_to_spi1 &rArr; gpio_output_options_set
</UL>
<BR>[Calls]<UL><LI><a href="#[8c]">&gt;&gt;</a>&nbsp;&nbsp;&nbsp;cmt2219b_write_reg
<LI><a href="#[94]">&gt;&gt;</a>&nbsp;&nbsp;&nbsp;cmt2219b_read_reg
</UL>
<BR>[Called By]<UL><LI><a href="#[cd]">&gt;&gt;</a>&nbsp;&nbsp;&nbsp;radio_rx_set_frequency_step
<LI><a href="#[cc]">&gt;&gt;</a>&nbsp;&nbsp;&nbsp;radio_rx_set_channel
<LI><a href="#[50]">&gt;&gt;</a>&nbsp;&nbsp;&nbsp;radio_rx_init
</UL>

<P><STRONG><a name="[9b]"></a>cmt2219b_fcsb_high</STRONG> (Thumb, 16 bytes, Stack size 8 bytes, cmt2219b_port.o(.text.cmt2219b_fcsb_high))
<BR><BR>[Stack]<UL><LI>Max Depth = 16<LI>Call Chain = cmt2219b_fcsb_high &rArr; gpio_bit_set
</UL>
<BR>[Calls]<UL><LI><a href="#[51]">&gt;&gt;</a>&nbsp;&nbsp;&nbsp;gpio_bit_set
</UL>
<BR>[Called By]<UL><LI><a href="#[ab]">&gt;&gt;</a>&nbsp;&nbsp;&nbsp;cmt2219b_port_init
<LI><a href="#[ad]">&gt;&gt;</a>&nbsp;&nbsp;&nbsp;cmt2219b_spi_read_fifo
<LI><a href="#[b7]">&gt;&gt;</a>&nbsp;&nbsp;&nbsp;cmt2219b_spi_write_reg
<LI><a href="#[ae]">&gt;&gt;</a>&nbsp;&nbsp;&nbsp;cmt2219b_spi_read_reg
<LI><a href="#[a7]">&gt;&gt;</a>&nbsp;&nbsp;&nbsp;cmt2219b_spi_init
</UL>

<P><STRONG><a name="[9c]"></a>cmt2219b_fcsb_low</STRONG> (Thumb, 16 bytes, Stack size 8 bytes, cmt2219b_port.o(.text.cmt2219b_fcsb_low))
<BR><BR>[Stack]<UL><LI>Max Depth = 16<LI>Call Chain = cmt2219b_fcsb_low &rArr; gpio_bit_reset
</UL>
<BR>[Calls]<UL><LI><a href="#[5d]">&gt;&gt;</a>&nbsp;&nbsp;&nbsp;gpio_bit_reset
</UL>
<BR>[Called By]<UL><LI><a href="#[ad]">&gt;&gt;</a>&nbsp;&nbsp;&nbsp;cmt2219b_spi_read_fifo
</UL>

<P><STRONG><a name="[9d]"></a>cmt2219b_go_rx</STRONG> (Thumb, 12 bytes, Stack size 8 bytes, cmt2219b.o(.text.cmt2219b_go_rx))
<BR><BR>[Stack]<UL><LI>Max Depth = 160<LI>Call Chain = cmt2219b_go_rx &rArr; cmt2219b_auto_switch_status &rArr; cmt2219b_get_chip_status &rArr; cmt2219b_read_reg &rArr; cmt2219b_spi_read_reg &rArr; cmt2219b_spi_pins_to_spi1 &rArr; gpio_output_options_set
</UL>
<BR>[Calls]<UL><LI><a href="#[8b]">&gt;&gt;</a>&nbsp;&nbsp;&nbsp;cmt2219b_auto_switch_status
</UL>
<BR>[Called By]<UL><LI><a href="#[cd]">&gt;&gt;</a>&nbsp;&nbsp;&nbsp;radio_rx_set_frequency_step
<LI><a href="#[cc]">&gt;&gt;</a>&nbsp;&nbsp;&nbsp;radio_rx_set_channel
<LI><a href="#[c8]">&gt;&gt;</a>&nbsp;&nbsp;&nbsp;radio_rx_poll_packet
<LI><a href="#[50]">&gt;&gt;</a>&nbsp;&nbsp;&nbsp;radio_rx_init
</UL>

<P><STRONG><a name="[9e]"></a>cmt2219b_go_sleep</STRONG> (Thumb, 12 bytes, Stack size 8 bytes, cmt2219b.o(.text.cmt2219b_go_sleep))
<BR><BR>[Stack]<UL><LI>Max Depth = 160<LI>Call Chain = cmt2219b_go_sleep &rArr; cmt2219b_auto_switch_status &rArr; cmt2219b_get_chip_status &rArr; cmt2219b_read_reg &rArr; cmt2219b_spi_read_reg &rArr; cmt2219b_spi_pins_to_spi1 &rArr; gpio_output_options_set
</UL>
<BR>[Calls]<UL><LI><a href="#[8b]">&gt;&gt;</a>&nbsp;&nbsp;&nbsp;cmt2219b_auto_switch_status
</UL>
<BR>[Called By]<UL><LI><a href="#[a6]">&gt;&gt;</a>&nbsp;&nbsp;&nbsp;cmt2219b_init
</UL>

<P><STRONG><a name="[9f]"></a>cmt2219b_go_stby</STRONG> (Thumb, 12 bytes, Stack size 8 bytes, cmt2219b.o(.text.cmt2219b_go_stby))
<BR><BR>[Stack]<UL><LI>Max Depth = 160<LI>Call Chain = cmt2219b_go_stby &rArr; cmt2219b_auto_switch_status &rArr; cmt2219b_get_chip_status &rArr; cmt2219b_read_reg &rArr; cmt2219b_spi_read_reg &rArr; cmt2219b_spi_pins_to_spi1 &rArr; gpio_output_options_set
</UL>
<BR>[Calls]<UL><LI><a href="#[8b]">&gt;&gt;</a>&nbsp;&nbsp;&nbsp;cmt2219b_auto_switch_status
</UL>
<BR>[Called By]<UL><LI><a href="#[cd]">&gt;&gt;</a>&nbsp;&nbsp;&nbsp;radio_rx_set_frequency_step
<LI><a href="#[cc]">&gt;&gt;</a>&nbsp;&nbsp;&nbsp;radio_rx_set_channel
<LI><a href="#[c8]">&gt;&gt;</a>&nbsp;&nbsp;&nbsp;radio_rx_poll_packet
<LI><a href="#[50]">&gt;&gt;</a>&nbsp;&nbsp;&nbsp;radio_rx_init
<LI><a href="#[a6]">&gt;&gt;</a>&nbsp;&nbsp;&nbsp;cmt2219b_init
</UL>

<P><STRONG><a name="[a6]"></a>cmt2219b_init</STRONG> (Thumb, 260 bytes, Stack size 56 bytes, cmt2219b.o(.text.cmt2219b_init))
<BR><BR>[Stack]<UL><LI>Max Depth = 216<LI>Call Chain = cmt2219b_init &rArr; cmt2219b_go_sleep &rArr; cmt2219b_auto_switch_status &rArr; cmt2219b_get_chip_status &rArr; cmt2219b_read_reg &rArr; cmt2219b_spi_read_reg &rArr; cmt2219b_spi_pins_to_spi1 &rArr; gpio_output_options_set
</UL>
<BR>[Calls]<UL><LI><a href="#[9e]">&gt;&gt;</a>&nbsp;&nbsp;&nbsp;cmt2219b_go_sleep
<LI><a href="#[8f]">&gt;&gt;</a>&nbsp;&nbsp;&nbsp;cmt2219b_clear_interrupt_flags
<LI><a href="#[8c]">&gt;&gt;</a>&nbsp;&nbsp;&nbsp;cmt2219b_write_reg
<LI><a href="#[9f]">&gt;&gt;</a>&nbsp;&nbsp;&nbsp;cmt2219b_go_stby
<LI><a href="#[98]">&gt;&gt;</a>&nbsp;&nbsp;&nbsp;cmt2219b_delay_ms
<LI><a href="#[a7]">&gt;&gt;</a>&nbsp;&nbsp;&nbsp;cmt2219b_spi_init
<LI><a href="#[93]">&gt;&gt;</a>&nbsp;&nbsp;&nbsp;cmt2219b_config_gpio_interrupt
<LI><a href="#[95]">&gt;&gt;</a>&nbsp;&nbsp;&nbsp;cmt2219b_config_reg_bank
<LI><a href="#[99]">&gt;&gt;</a>&nbsp;&nbsp;&nbsp;cmt2219b_enable_lfosc
<LI><a href="#[a8]">&gt;&gt;</a>&nbsp;&nbsp;&nbsp;cmt2219b_soft_reset
<LI><a href="#[94]">&gt;&gt;</a>&nbsp;&nbsp;&nbsp;cmt2219b_read_reg
</UL>
<BR>[Called By]<UL><LI><a href="#[50]">&gt;&gt;</a>&nbsp;&nbsp;&nbsp;radio_rx_init
</UL>

<P><STRONG><a name="[a9]"></a>cmt2219b_is_exist</STRONG> (Thumb, 86 bytes, Stack size 32 bytes, cmt2219b.o(.text.cmt2219b_is_exist))
<BR><BR>[Stack]<UL><LI>Max Depth = 152<LI>Call Chain = cmt2219b_is_exist &rArr; cmt2219b_read_reg &rArr; cmt2219b_spi_read_reg &rArr; cmt2219b_spi_pins_to_spi1 &rArr; gpio_output_options_set
</UL>
<BR>[Calls]<UL><LI><a href="#[8c]">&gt;&gt;</a>&nbsp;&nbsp;&nbsp;cmt2219b_write_reg
<LI><a href="#[94]">&gt;&gt;</a>&nbsp;&nbsp;&nbsp;cmt2219b_read_reg
</UL>
<BR>[Called By]<UL><LI><a href="#[50]">&gt;&gt;</a>&nbsp;&nbsp;&nbsp;radio_rx_init
</UL>

<P><STRONG><a name="[aa]"></a>cmt2219b_packet_received</STRONG> (Thumb, 52 bytes, Stack size 16 bytes, cmt2219b.o(.text.cmt2219b_packet_received))
<BR><BR>[Stack]<UL><LI>Max Depth = 136<LI>Call Chain = cmt2219b_packet_received &rArr; cmt2219b_read_reg &rArr; cmt2219b_spi_read_reg &rArr; cmt2219b_spi_pins_to_spi1 &rArr; gpio_output_options_set
</UL>
<BR>[Calls]<UL><LI><a href="#[94]">&gt;&gt;</a>&nbsp;&nbsp;&nbsp;cmt2219b_read_reg
</UL>
<BR>[Called By]<UL><LI><a href="#[c8]">&gt;&gt;</a>&nbsp;&nbsp;&nbsp;radio_rx_poll_packet
</UL>

<P><STRONG><a name="[ab]"></a>cmt2219b_port_init</STRONG> (Thumb, 228 bytes, Stack size 48 bytes, cmt2219b_port.o(.text.cmt2219b_port_init))
<BR><BR>[Stack]<UL><LI>Max Depth = 80<LI>Call Chain = cmt2219b_port_init &rArr; gpio_output_options_set
</UL>
<BR>[Calls]<UL><LI><a href="#[9b]">&gt;&gt;</a>&nbsp;&nbsp;&nbsp;cmt2219b_fcsb_high
<LI><a href="#[96]">&gt;&gt;</a>&nbsp;&nbsp;&nbsp;cmt2219b_csb_high
<LI><a href="#[5d]">&gt;&gt;</a>&nbsp;&nbsp;&nbsp;gpio_bit_reset
<LI><a href="#[51]">&gt;&gt;</a>&nbsp;&nbsp;&nbsp;gpio_bit_set
<LI><a href="#[75]">&gt;&gt;</a>&nbsp;&nbsp;&nbsp;gpio_output_options_set
<LI><a href="#[74]">&gt;&gt;</a>&nbsp;&nbsp;&nbsp;gpio_mode_set
<LI><a href="#[76]">&gt;&gt;</a>&nbsp;&nbsp;&nbsp;gpio_af_set
<LI><a href="#[73]">&gt;&gt;</a>&nbsp;&nbsp;&nbsp;rcu_periph_clock_enable
</UL>
<BR>[Called By]<UL><LI><a href="#[a7]">&gt;&gt;</a>&nbsp;&nbsp;&nbsp;cmt2219b_spi_init
</UL>

<P><STRONG><a name="[ac]"></a>cmt2219b_read_fifo</STRONG> (Thumb, 40 bytes, Stack size 16 bytes, cmt2219b.o(.text.cmt2219b_read_fifo))
<BR><BR>[Stack]<UL><LI>Max Depth = 112<LI>Call Chain = cmt2219b_read_fifo &rArr; cmt2219b_spi_read_fifo &rArr; cmt2219b_spi_pins_to_spi1 &rArr; gpio_output_options_set
</UL>
<BR>[Calls]<UL><LI><a href="#[ad]">&gt;&gt;</a>&nbsp;&nbsp;&nbsp;cmt2219b_spi_read_fifo
</UL>
<BR>[Called By]<UL><LI><a href="#[c8]">&gt;&gt;</a>&nbsp;&nbsp;&nbsp;radio_rx_poll_packet
</UL>

<P><STRONG><a name="[94]"></a>cmt2219b_read_reg</STRONG> (Thumb, 20 bytes, Stack size 16 bytes, cmt2219b.o(.text.cmt2219b_read_reg))
<BR><BR>[Stack]<UL><LI>Max Depth = 120<LI>Call Chain = cmt2219b_read_reg &rArr; cmt2219b_spi_read_reg &rArr; cmt2219b_spi_pins_to_spi1 &rArr; gpio_output_options_set
</UL>
<BR>[Calls]<UL><LI><a href="#[ae]">&gt;&gt;</a>&nbsp;&nbsp;&nbsp;cmt2219b_spi_read_reg
</UL>
<BR>[Called By]<UL><LI><a href="#[d8]">&gt;&gt;</a>&nbsp;&nbsp;&nbsp;rf_get_tx_rx_real_freq
<LI><a href="#[aa]">&gt;&gt;</a>&nbsp;&nbsp;&nbsp;cmt2219b_packet_received
<LI><a href="#[9a]">&gt;&gt;</a>&nbsp;&nbsp;&nbsp;cmt2219b_enable_read_fifo
<LI><a href="#[a9]">&gt;&gt;</a>&nbsp;&nbsp;&nbsp;cmt2219b_is_exist
<LI><a href="#[a6]">&gt;&gt;</a>&nbsp;&nbsp;&nbsp;cmt2219b_init
<LI><a href="#[8e]">&gt;&gt;</a>&nbsp;&nbsp;&nbsp;cmt2219b_get_chip_status
<LI><a href="#[93]">&gt;&gt;</a>&nbsp;&nbsp;&nbsp;cmt2219b_config_gpio_interrupt
<LI><a href="#[99]">&gt;&gt;</a>&nbsp;&nbsp;&nbsp;cmt2219b_enable_lfosc
<LI><a href="#[22]">&gt;&gt;</a>&nbsp;&nbsp;&nbsp;main
</UL>

<P><STRONG><a name="[a4]"></a>cmt2219b_sdio_high</STRONG> (Thumb, 16 bytes, Stack size 8 bytes, cmt2219b_port.o(.text.cmt2219b_sdio_high))
<BR><BR>[Stack]<UL><LI>Max Depth = 16<LI>Call Chain = cmt2219b_sdio_high &rArr; gpio_bit_set
</UL>
<BR>[Calls]<UL><LI><a href="#[51]">&gt;&gt;</a>&nbsp;&nbsp;&nbsp;gpio_bit_set
</UL>
<BR>[Called By]<UL><LI><a href="#[a3]">&gt;&gt;</a>&nbsp;&nbsp;&nbsp;cmt2219b_gpio_send_byte
</UL>

<P><STRONG><a name="[af]"></a>cmt2219b_sdio_input</STRONG> (Thumb, 20 bytes, Stack size 8 bytes, cmt2219b_port.o(.text.cmt2219b_sdio_input))
<BR><BR>[Stack]<UL><LI>Max Depth = 36<LI>Call Chain = cmt2219b_sdio_input &rArr; gpio_mode_set
</UL>
<BR>[Calls]<UL><LI><a href="#[74]">&gt;&gt;</a>&nbsp;&nbsp;&nbsp;gpio_mode_set
</UL>
<BR>[Called By]<UL><LI><a href="#[ad]">&gt;&gt;</a>&nbsp;&nbsp;&nbsp;cmt2219b_spi_read_fifo
<LI><a href="#[ae]">&gt;&gt;</a>&nbsp;&nbsp;&nbsp;cmt2219b_spi_read_reg
</UL>

<P><STRONG><a name="[a5]"></a>cmt2219b_sdio_low</STRONG> (Thumb, 16 bytes, Stack size 8 bytes, cmt2219b_port.o(.text.cmt2219b_sdio_low))
<BR><BR>[Stack]<UL><LI>Max Depth = 16<LI>Call Chain = cmt2219b_sdio_low &rArr; gpio_bit_reset
</UL>
<BR>[Calls]<UL><LI><a href="#[5d]">&gt;&gt;</a>&nbsp;&nbsp;&nbsp;gpio_bit_reset
</UL>
<BR>[Called By]<UL><LI><a href="#[a3]">&gt;&gt;</a>&nbsp;&nbsp;&nbsp;cmt2219b_gpio_send_byte
</UL>

<P><STRONG><a name="[b0]"></a>cmt2219b_sdio_output</STRONG> (Thumb, 40 bytes, Stack size 24 bytes, cmt2219b_port.o(.text.cmt2219b_sdio_output))
<BR><BR>[Stack]<UL><LI>Max Depth = 56<LI>Call Chain = cmt2219b_sdio_output &rArr; gpio_output_options_set
</UL>
<BR>[Calls]<UL><LI><a href="#[75]">&gt;&gt;</a>&nbsp;&nbsp;&nbsp;gpio_output_options_set
<LI><a href="#[74]">&gt;&gt;</a>&nbsp;&nbsp;&nbsp;gpio_mode_set
</UL>
<BR>[Called By]<UL><LI><a href="#[ae]">&gt;&gt;</a>&nbsp;&nbsp;&nbsp;cmt2219b_spi_read_reg
</UL>

<P><STRONG><a name="[a2]"></a>cmt2219b_sdio_read</STRONG> (Thumb, 20 bytes, Stack size 8 bytes, cmt2219b_port.o(.text.cmt2219b_sdio_read))
<BR><BR>[Stack]<UL><LI>Max Depth = 20<LI>Call Chain = cmt2219b_sdio_read &rArr; gpio_input_bit_get
</UL>
<BR>[Calls]<UL><LI><a href="#[7a]">&gt;&gt;</a>&nbsp;&nbsp;&nbsp;gpio_input_bit_get
</UL>
<BR>[Called By]<UL><LI><a href="#[a0]">&gt;&gt;</a>&nbsp;&nbsp;&nbsp;cmt2219b_gpio_recv_byte
</UL>

<P><STRONG><a name="[b1]"></a>cmt2219b_set_frequency_channel</STRONG> (Thumb, 22 bytes, Stack size 16 bytes, cmt2219b.o(.text.cmt2219b_set_frequency_channel))
<BR><BR>[Stack]<UL><LI>Max Depth = 124<LI>Call Chain = cmt2219b_set_frequency_channel &rArr; cmt2219b_write_reg &rArr; cmt2219b_spi_write_reg &rArr; cmt2219b_delay_us &rArr; delay_us &rArr; __aeabi_ui2f &rArr; _float_epilogue
</UL>
<BR>[Calls]<UL><LI><a href="#[8c]">&gt;&gt;</a>&nbsp;&nbsp;&nbsp;cmt2219b_write_reg
</UL>
<BR>[Called By]<UL><LI><a href="#[cc]">&gt;&gt;</a>&nbsp;&nbsp;&nbsp;radio_rx_set_channel
<LI><a href="#[50]">&gt;&gt;</a>&nbsp;&nbsp;&nbsp;radio_rx_init
</UL>

<P><STRONG><a name="[b2]"></a>cmt2219b_set_frequency_step</STRONG> (Thumb, 22 bytes, Stack size 16 bytes, cmt2219b.o(.text.cmt2219b_set_frequency_step))
<BR><BR>[Stack]<UL><LI>Max Depth = 124<LI>Call Chain = cmt2219b_set_frequency_step &rArr; cmt2219b_write_reg &rArr; cmt2219b_spi_write_reg &rArr; cmt2219b_delay_us &rArr; delay_us &rArr; __aeabi_ui2f &rArr; _float_epilogue
</UL>
<BR>[Calls]<UL><LI><a href="#[8c]">&gt;&gt;</a>&nbsp;&nbsp;&nbsp;cmt2219b_write_reg
</UL>
<BR>[Called By]<UL><LI><a href="#[cd]">&gt;&gt;</a>&nbsp;&nbsp;&nbsp;radio_rx_set_frequency_step
<LI><a href="#[50]">&gt;&gt;</a>&nbsp;&nbsp;&nbsp;radio_rx_init
</UL>

<P><STRONG><a name="[a7]"></a>cmt2219b_spi_init</STRONG> (Thumb, 96 bytes, Stack size 48 bytes, cmt2219b_spi.o(.text.cmt2219b_spi_init))
<BR><BR>[Stack]<UL><LI>Max Depth = 128<LI>Call Chain = cmt2219b_spi_init &rArr; cmt2219b_port_init &rArr; gpio_output_options_set
</UL>
<BR>[Calls]<UL><LI><a href="#[b3]">&gt;&gt;</a>&nbsp;&nbsp;&nbsp;spi_fifo_access_size_config
<LI><a href="#[9b]">&gt;&gt;</a>&nbsp;&nbsp;&nbsp;cmt2219b_fcsb_high
<LI><a href="#[96]">&gt;&gt;</a>&nbsp;&nbsp;&nbsp;cmt2219b_csb_high
<LI><a href="#[ab]">&gt;&gt;</a>&nbsp;&nbsp;&nbsp;cmt2219b_port_init
<LI><a href="#[82]">&gt;&gt;</a>&nbsp;&nbsp;&nbsp;spi_enable
<LI><a href="#[81]">&gt;&gt;</a>&nbsp;&nbsp;&nbsp;spi_init
<LI><a href="#[80]">&gt;&gt;</a>&nbsp;&nbsp;&nbsp;spi_struct_para_init
<LI><a href="#[7f]">&gt;&gt;</a>&nbsp;&nbsp;&nbsp;spi_i2s_deinit
</UL>
<BR>[Called By]<UL><LI><a href="#[a6]">&gt;&gt;</a>&nbsp;&nbsp;&nbsp;cmt2219b_init
</UL>

<P><STRONG><a name="[b4]"></a>cmt2219b_spi_pins_to_gpio</STRONG> (Thumb, 88 bytes, Stack size 32 bytes, cmt2219b_port.o(.text.cmt2219b_spi_pins_to_gpio))
<BR><BR>[Stack]<UL><LI>Max Depth = 64<LI>Call Chain = cmt2219b_spi_pins_to_gpio &rArr; gpio_output_options_set
</UL>
<BR>[Calls]<UL><LI><a href="#[5d]">&gt;&gt;</a>&nbsp;&nbsp;&nbsp;gpio_bit_reset
<LI><a href="#[51]">&gt;&gt;</a>&nbsp;&nbsp;&nbsp;gpio_bit_set
<LI><a href="#[75]">&gt;&gt;</a>&nbsp;&nbsp;&nbsp;gpio_output_options_set
<LI><a href="#[74]">&gt;&gt;</a>&nbsp;&nbsp;&nbsp;gpio_mode_set
</UL>
<BR>[Called By]<UL><LI><a href="#[ad]">&gt;&gt;</a>&nbsp;&nbsp;&nbsp;cmt2219b_spi_read_fifo
<LI><a href="#[ae]">&gt;&gt;</a>&nbsp;&nbsp;&nbsp;cmt2219b_spi_read_reg
</UL>

<P><STRONG><a name="[b5]"></a>cmt2219b_spi_pins_to_spi1</STRONG> (Thumb, 108 bytes, Stack size 32 bytes, cmt2219b_port.o(.text.cmt2219b_spi_pins_to_spi1))
<BR><BR>[Stack]<UL><LI>Max Depth = 64<LI>Call Chain = cmt2219b_spi_pins_to_spi1 &rArr; gpio_output_options_set
</UL>
<BR>[Calls]<UL><LI><a href="#[5d]">&gt;&gt;</a>&nbsp;&nbsp;&nbsp;gpio_bit_reset
<LI><a href="#[51]">&gt;&gt;</a>&nbsp;&nbsp;&nbsp;gpio_bit_set
<LI><a href="#[75]">&gt;&gt;</a>&nbsp;&nbsp;&nbsp;gpio_output_options_set
<LI><a href="#[74]">&gt;&gt;</a>&nbsp;&nbsp;&nbsp;gpio_mode_set
<LI><a href="#[76]">&gt;&gt;</a>&nbsp;&nbsp;&nbsp;gpio_af_set
</UL>
<BR>[Called By]<UL><LI><a href="#[ad]">&gt;&gt;</a>&nbsp;&nbsp;&nbsp;cmt2219b_spi_read_fifo
<LI><a href="#[ae]">&gt;&gt;</a>&nbsp;&nbsp;&nbsp;cmt2219b_spi_read_reg
</UL>

<P><STRONG><a name="[ad]"></a>cmt2219b_spi_read_fifo</STRONG> (Thumb, 188 bytes, Stack size 32 bytes, cmt2219b_spi.o(.text.cmt2219b_spi_read_fifo))
<BR><BR>[Stack]<UL><LI>Max Depth = 96<LI>Call Chain = cmt2219b_spi_read_fifo &rArr; cmt2219b_spi_pins_to_spi1 &rArr; gpio_output_options_set
</UL>
<BR>[Calls]<UL><LI><a href="#[a0]">&gt;&gt;</a>&nbsp;&nbsp;&nbsp;cmt2219b_gpio_recv_byte
<LI><a href="#[af]">&gt;&gt;</a>&nbsp;&nbsp;&nbsp;cmt2219b_sdio_input
<LI><a href="#[92]">&gt;&gt;</a>&nbsp;&nbsp;&nbsp;cmt2219b_clk_low
<LI><a href="#[9c]">&gt;&gt;</a>&nbsp;&nbsp;&nbsp;cmt2219b_fcsb_low
<LI><a href="#[b5]">&gt;&gt;</a>&nbsp;&nbsp;&nbsp;cmt2219b_spi_pins_to_spi1
<LI><a href="#[b4]">&gt;&gt;</a>&nbsp;&nbsp;&nbsp;cmt2219b_spi_pins_to_gpio
<LI><a href="#[9b]">&gt;&gt;</a>&nbsp;&nbsp;&nbsp;cmt2219b_fcsb_high
<LI><a href="#[96]">&gt;&gt;</a>&nbsp;&nbsp;&nbsp;cmt2219b_csb_high
<LI><a href="#[8d]">&gt;&gt;</a>&nbsp;&nbsp;&nbsp;cmt2219b_delay_us
<LI><a href="#[86]">&gt;&gt;</a>&nbsp;&nbsp;&nbsp;spi_disable
<LI><a href="#[85]">&gt;&gt;</a>&nbsp;&nbsp;&nbsp;spi_i2s_flag_get
<LI><a href="#[82]">&gt;&gt;</a>&nbsp;&nbsp;&nbsp;spi_enable
</UL>
<BR>[Called By]<UL><LI><a href="#[ac]">&gt;&gt;</a>&nbsp;&nbsp;&nbsp;cmt2219b_read_fifo
</UL>

<P><STRONG><a name="[ae]"></a>cmt2219b_spi_read_reg</STRONG> (Thumb, 144 bytes, Stack size 40 bytes, cmt2219b_spi.o(.text.cmt2219b_spi_read_reg))
<BR><BR>[Stack]<UL><LI>Max Depth = 104<LI>Call Chain = cmt2219b_spi_read_reg &rArr; cmt2219b_spi_pins_to_spi1 &rArr; gpio_output_options_set
</UL>
<BR>[Calls]<UL><LI><a href="#[a0]">&gt;&gt;</a>&nbsp;&nbsp;&nbsp;cmt2219b_gpio_recv_byte
<LI><a href="#[a3]">&gt;&gt;</a>&nbsp;&nbsp;&nbsp;cmt2219b_gpio_send_byte
<LI><a href="#[af]">&gt;&gt;</a>&nbsp;&nbsp;&nbsp;cmt2219b_sdio_input
<LI><a href="#[b0]">&gt;&gt;</a>&nbsp;&nbsp;&nbsp;cmt2219b_sdio_output
<LI><a href="#[92]">&gt;&gt;</a>&nbsp;&nbsp;&nbsp;cmt2219b_clk_low
<LI><a href="#[97]">&gt;&gt;</a>&nbsp;&nbsp;&nbsp;cmt2219b_csb_low
<LI><a href="#[b5]">&gt;&gt;</a>&nbsp;&nbsp;&nbsp;cmt2219b_spi_pins_to_spi1
<LI><a href="#[b4]">&gt;&gt;</a>&nbsp;&nbsp;&nbsp;cmt2219b_spi_pins_to_gpio
<LI><a href="#[9b]">&gt;&gt;</a>&nbsp;&nbsp;&nbsp;cmt2219b_fcsb_high
<LI><a href="#[96]">&gt;&gt;</a>&nbsp;&nbsp;&nbsp;cmt2219b_csb_high
<LI><a href="#[8d]">&gt;&gt;</a>&nbsp;&nbsp;&nbsp;cmt2219b_delay_us
<LI><a href="#[86]">&gt;&gt;</a>&nbsp;&nbsp;&nbsp;spi_disable
<LI><a href="#[85]">&gt;&gt;</a>&nbsp;&nbsp;&nbsp;spi_i2s_flag_get
<LI><a href="#[82]">&gt;&gt;</a>&nbsp;&nbsp;&nbsp;spi_enable
</UL>
<BR>[Called By]<UL><LI><a href="#[94]">&gt;&gt;</a>&nbsp;&nbsp;&nbsp;cmt2219b_read_reg
</UL>

<P><STRONG><a name="[b7]"></a>cmt2219b_spi_write_reg</STRONG> (Thumb, 66 bytes, Stack size 32 bytes, cmt2219b_spi.o(.text.cmt2219b_spi_write_reg))
<BR><BR>[Stack]<UL><LI>Max Depth = 92<LI>Call Chain = cmt2219b_spi_write_reg &rArr; cmt2219b_delay_us &rArr; delay_us &rArr; __aeabi_ui2f &rArr; _float_epilogue
</UL>
<BR>[Calls]<UL><LI><a href="#[b6]">&gt;&gt;</a>&nbsp;&nbsp;&nbsp;cmt2219b_spi_send_byte
<LI><a href="#[97]">&gt;&gt;</a>&nbsp;&nbsp;&nbsp;cmt2219b_csb_low
<LI><a href="#[9b]">&gt;&gt;</a>&nbsp;&nbsp;&nbsp;cmt2219b_fcsb_high
<LI><a href="#[96]">&gt;&gt;</a>&nbsp;&nbsp;&nbsp;cmt2219b_csb_high
<LI><a href="#[8d]">&gt;&gt;</a>&nbsp;&nbsp;&nbsp;cmt2219b_delay_us
</UL>
<BR>[Called By]<UL><LI><a href="#[8c]">&gt;&gt;</a>&nbsp;&nbsp;&nbsp;cmt2219b_write_reg
</UL>

<P><STRONG><a name="[8c]"></a>cmt2219b_write_reg</STRONG> (Thumb, 28 bytes, Stack size 16 bytes, cmt2219b.o(.text.cmt2219b_write_reg))
<BR><BR>[Stack]<UL><LI>Max Depth = 108<LI>Call Chain = cmt2219b_write_reg &rArr; cmt2219b_spi_write_reg &rArr; cmt2219b_delay_us &rArr; delay_us &rArr; __aeabi_ui2f &rArr; _float_epilogue
</UL>
<BR>[Calls]<UL><LI><a href="#[b7]">&gt;&gt;</a>&nbsp;&nbsp;&nbsp;cmt2219b_spi_write_reg
</UL>
<BR>[Called By]<UL><LI><a href="#[90]">&gt;&gt;</a>&nbsp;&nbsp;&nbsp;cmt2219b_clear_rx_fifo
<LI><a href="#[9a]">&gt;&gt;</a>&nbsp;&nbsp;&nbsp;cmt2219b_enable_read_fifo
<LI><a href="#[b2]">&gt;&gt;</a>&nbsp;&nbsp;&nbsp;cmt2219b_set_frequency_step
<LI><a href="#[b1]">&gt;&gt;</a>&nbsp;&nbsp;&nbsp;cmt2219b_set_frequency_channel
<LI><a href="#[a9]">&gt;&gt;</a>&nbsp;&nbsp;&nbsp;cmt2219b_is_exist
<LI><a href="#[8f]">&gt;&gt;</a>&nbsp;&nbsp;&nbsp;cmt2219b_clear_interrupt_flags
<LI><a href="#[a6]">&gt;&gt;</a>&nbsp;&nbsp;&nbsp;cmt2219b_init
<LI><a href="#[8b]">&gt;&gt;</a>&nbsp;&nbsp;&nbsp;cmt2219b_auto_switch_status
<LI><a href="#[93]">&gt;&gt;</a>&nbsp;&nbsp;&nbsp;cmt2219b_config_gpio_interrupt
<LI><a href="#[95]">&gt;&gt;</a>&nbsp;&nbsp;&nbsp;cmt2219b_config_reg_bank
<LI><a href="#[99]">&gt;&gt;</a>&nbsp;&nbsp;&nbsp;cmt2219b_enable_lfosc
<LI><a href="#[a8]">&gt;&gt;</a>&nbsp;&nbsp;&nbsp;cmt2219b_soft_reset
</UL>

<P><STRONG><a name="[5f]"></a>delay_ms</STRONG> (Thumb, 112 bytes, Stack size 24 bytes, systick.o(.text.delay_ms))
<BR><BR>[Stack]<UL><LI>Max Depth = 44<LI>Call Chain = delay_ms &rArr; __aeabi_ui2f &rArr; _float_epilogue
</UL>
<BR>[Calls]<UL><LI><a href="#[b9]">&gt;&gt;</a>&nbsp;&nbsp;&nbsp;__aeabi_f2uiz
<LI><a href="#[b8]">&gt;&gt;</a>&nbsp;&nbsp;&nbsp;__aeabi_fmul
<LI><a href="#[2d]">&gt;&gt;</a>&nbsp;&nbsp;&nbsp;__aeabi_ui2f
</UL>
<BR>[Called By]<UL><LI><a href="#[98]">&gt;&gt;</a>&nbsp;&nbsp;&nbsp;cmt2219b_delay_ms
<LI><a href="#[5e]">&gt;&gt;</a>&nbsp;&nbsp;&nbsp;cmt2119b_delay_ms
<LI><a href="#[22]">&gt;&gt;</a>&nbsp;&nbsp;&nbsp;main
</UL>

<P><STRONG><a name="[60]"></a>delay_us</STRONG> (Thumb, 112 bytes, Stack size 24 bytes, systick.o(.text.delay_us))
<BR><BR>[Stack]<UL><LI>Max Depth = 44<LI>Call Chain = delay_us &rArr; __aeabi_ui2f &rArr; _float_epilogue
</UL>
<BR>[Calls]<UL><LI><a href="#[b9]">&gt;&gt;</a>&nbsp;&nbsp;&nbsp;__aeabi_f2uiz
<LI><a href="#[b8]">&gt;&gt;</a>&nbsp;&nbsp;&nbsp;__aeabi_fmul
<LI><a href="#[2d]">&gt;&gt;</a>&nbsp;&nbsp;&nbsp;__aeabi_ui2f
</UL>
<BR>[Called By]<UL><LI><a href="#[8d]">&gt;&gt;</a>&nbsp;&nbsp;&nbsp;cmt2219b_delay_us
<LI><a href="#[54]">&gt;&gt;</a>&nbsp;&nbsp;&nbsp;cmt2119b_delay_us
<LI><a href="#[c1]">&gt;&gt;</a>&nbsp;&nbsp;&nbsp;packet_loss_test_run
</UL>

<P><STRONG><a name="[40]"></a>dma_channel_disable</STRONG> (Thumb, 28 bytes, Stack size 4 bytes, gd32e23x_dma.o(.text.dma_channel_disable))
<BR><BR>[Stack]<UL><LI>Max Depth = 4<LI>Call Chain = dma_channel_disable
</UL>
<BR>[Called By]<UL><LI><a href="#[f]">&gt;&gt;</a>&nbsp;&nbsp;&nbsp;DMA_Channel1_2_IRQHandler
<LI><a href="#[1e]">&gt;&gt;</a>&nbsp;&nbsp;&nbsp;USART0_IRQHandler
<LI><a href="#[ba]">&gt;&gt;</a>&nbsp;&nbsp;&nbsp;dma_init
<LI><a href="#[3f]">&gt;&gt;</a>&nbsp;&nbsp;&nbsp;usart_tx_dma_complete
<LI><a href="#[46]">&gt;&gt;</a>&nbsp;&nbsp;&nbsp;usart_rx_dma_restart
<LI><a href="#[f3]">&gt;&gt;</a>&nbsp;&nbsp;&nbsp;usart_tx_dma_start
</UL>

<P><STRONG><a name="[ef]"></a>dma_channel_enable</STRONG> (Thumb, 28 bytes, Stack size 4 bytes, gd32e23x_dma.o(.text.dma_channel_enable))
<BR><BR>[Stack]<UL><LI>Max Depth = 4<LI>Call Chain = dma_channel_enable
</UL>
<BR>[Called By]<UL><LI><a href="#[46]">&gt;&gt;</a>&nbsp;&nbsp;&nbsp;usart_rx_dma_restart
<LI><a href="#[f3]">&gt;&gt;</a>&nbsp;&nbsp;&nbsp;usart_tx_dma_start
<LI><a href="#[e9]">&gt;&gt;</a>&nbsp;&nbsp;&nbsp;usart_rx_dma_init
</UL>

<P><STRONG><a name="[ec]"></a>dma_circulation_disable</STRONG> (Thumb, 28 bytes, Stack size 4 bytes, gd32e23x_dma.o(.text.dma_circulation_disable))
<BR><BR>[Stack]<UL><LI>Max Depth = 4<LI>Call Chain = dma_circulation_disable
</UL>
<BR>[Called By]<UL><LI><a href="#[e9]">&gt;&gt;</a>&nbsp;&nbsp;&nbsp;usart_rx_dma_init
</UL>

<P><STRONG><a name="[ea]"></a>dma_deinit</STRONG> (Thumb, 88 bytes, Stack size 20 bytes, gd32e23x_dma.o(.text.dma_deinit))
<BR><BR>[Stack]<UL><LI>Max Depth = 20<LI>Call Chain = dma_deinit
</UL>
<BR>[Called By]<UL><LI><a href="#[f3]">&gt;&gt;</a>&nbsp;&nbsp;&nbsp;usart_tx_dma_start
<LI><a href="#[e9]">&gt;&gt;</a>&nbsp;&nbsp;&nbsp;usart_rx_dma_init
</UL>

<P><STRONG><a name="[ed]"></a>dma_flag_clear</STRONG> (Thumb, 32 bytes, Stack size 8 bytes, gd32e23x_dma.o(.text.dma_flag_clear))
<BR><BR>[Stack]<UL><LI>Max Depth = 8<LI>Call Chain = dma_flag_clear
</UL>
<BR>[Called By]<UL><LI><a href="#[46]">&gt;&gt;</a>&nbsp;&nbsp;&nbsp;usart_rx_dma_restart
<LI><a href="#[f3]">&gt;&gt;</a>&nbsp;&nbsp;&nbsp;usart_tx_dma_start
<LI><a href="#[e9]">&gt;&gt;</a>&nbsp;&nbsp;&nbsp;usart_rx_dma_init
</UL>

<P><STRONG><a name="[ba]"></a>dma_init</STRONG> (Thumb, 268 bytes, Stack size 32 bytes, gd32e23x_dma.o(.text.dma_init))
<BR><BR>[Stack]<UL><LI>Max Depth = 36<LI>Call Chain = dma_init &rArr; dma_channel_disable
</UL>
<BR>[Calls]<UL><LI><a href="#[40]">&gt;&gt;</a>&nbsp;&nbsp;&nbsp;dma_channel_disable
</UL>
<BR>[Called By]<UL><LI><a href="#[f3]">&gt;&gt;</a>&nbsp;&nbsp;&nbsp;usart_tx_dma_start
<LI><a href="#[e9]">&gt;&gt;</a>&nbsp;&nbsp;&nbsp;usart_rx_dma_init
</UL>

<P><STRONG><a name="[f4]"></a>dma_interrupt_enable</STRONG> (Thumb, 32 bytes, Stack size 8 bytes, gd32e23x_dma.o(.text.dma_interrupt_enable))
<BR><BR>[Stack]<UL><LI>Max Depth = 8<LI>Call Chain = dma_interrupt_enable
</UL>
<BR>[Called By]<UL><LI><a href="#[f3]">&gt;&gt;</a>&nbsp;&nbsp;&nbsp;usart_tx_dma_start
</UL>

<P><STRONG><a name="[3e]"></a>dma_interrupt_flag_clear</STRONG> (Thumb, 32 bytes, Stack size 8 bytes, gd32e23x_dma.o(.text.dma_interrupt_flag_clear))
<BR><BR>[Stack]<UL><LI>Max Depth = 8<LI>Call Chain = dma_interrupt_flag_clear
</UL>
<BR>[Called By]<UL><LI><a href="#[f]">&gt;&gt;</a>&nbsp;&nbsp;&nbsp;DMA_Channel1_2_IRQHandler
</UL>

<P><STRONG><a name="[3d]"></a>dma_interrupt_flag_get</STRONG> (Thumb, 188 bytes, Stack size 24 bytes, gd32e23x_dma.o(.text.dma_interrupt_flag_get))
<BR><BR>[Stack]<UL><LI>Max Depth = 24<LI>Call Chain = dma_interrupt_flag_get
</UL>
<BR>[Called By]<UL><LI><a href="#[f]">&gt;&gt;</a>&nbsp;&nbsp;&nbsp;DMA_Channel1_2_IRQHandler
</UL>

<P><STRONG><a name="[f0]"></a>dma_memory_address_config</STRONG> (Thumb, 32 bytes, Stack size 12 bytes, gd32e23x_dma.o(.text.dma_memory_address_config))
<BR><BR>[Stack]<UL><LI>Max Depth = 12<LI>Call Chain = dma_memory_address_config
</UL>
[...]
</UL>
<BR>[Calls]<UL><LI><a href="#[53]">&gt;&gt;</a>&nbsp;&nbsp;&nbsp;cmt2119b_write_reg
</UL>
<BR>[Called By]<UL><LI><a href="#[6f]">&gt;&gt;</a>&nbsp;&nbsp;&nbsp;cmt2119b_init
</UL>

<P><STRONG><a name="[5a]"></a>cmt2119b_config_reg_bank</STRONG> (Thumb, 70 bytes, Stack size 24 bytes, cmt2119b.o(.text.cmt2119b_config_reg_bank))
<BR><BR>[Stack]<UL><LI>Max Depth = 132<LI>Call Chain = cmt2119b_config_reg_bank &rArr; cmt2119b_write_reg &rArr; cmt2119b_spi_write_reg &rArr; cmt2119b_delay_us &rArr; delay_us &rArr; __aeabi_ui2f &rArr; _float_epilogue
</UL>
<BR>[Calls]<UL><LI><a href="#[53]">&gt;&gt;</a>&nbsp;&nbsp;&nbsp;cmt2119b_write_reg
</UL>
<BR>[Called By]<UL><LI><a href="#[6f]">&gt;&gt;</a>&nbsp;&nbsp;&nbsp;cmt2119b_init
</UL>

<P><STRONG><a name="[61]"></a>cmt2119b_enable_lfosc</STRONG> (Thumb, 100 bytes, Stack size 24 bytes, cmt2119b.o(.text.cmt2119b_enable_lfosc))
<BR><BR>[Stack]<UL><LI>Max Depth = 164<LI>Call Chain = cmt2119b_enable_lfosc &rArr; cmt2119b_read_reg &rArr; cmt2119b_spi_read_reg &rArr; cmt2119b_gpio_recv_byte &rArr; cmt2119b_delay_us &rArr; delay_us &rArr; __aeabi_ui2f &rArr; _float_epilogue
</UL>
<BR>[Calls]<UL><LI><a href="#[53]">&gt;&gt;</a>&nbsp;&nbsp;&nbsp;cmt2119b_write_reg
<LI><a href="#[56]">&gt;&gt;</a>&nbsp;&nbsp;&nbsp;cmt2119b_read_reg
</UL>
<BR>[Called By]<UL><LI><a href="#[6f]">&gt;&gt;</a>&nbsp;&nbsp;&nbsp;cmt2119b_init
</UL>

<P><STRONG><a name="[59]"></a>cmt2119b_config_gpio_interrupt</STRONG> (Thumb, 64 bytes, Stack size 24 bytes, cmt2119b.o(.text.cmt2119b_config_gpio_interrupt))
<BR><BR>[Stack]<UL><LI>Max Depth = 164<LI>Call Chain = cmt2119b_config_gpio_interrupt &rArr; cmt2119b_read_reg &rArr; cmt2119b_spi_read_reg &rArr; cmt2119b_gpio_recv_byte &rArr; cmt2119b_delay_us &rArr; delay_us &rArr; __aeabi_ui2f &rArr; _float_epilogue
</UL>
<BR>[Calls]<UL><LI><a href="#[53]">&gt;&gt;</a>&nbsp;&nbsp;&nbsp;cmt2119b_write_reg
<LI><a href="#[56]">&gt;&gt;</a>&nbsp;&nbsp;&nbsp;cmt2119b_read_reg
</UL>
<BR>[Called By]<UL><LI><a href="#[6f]">&gt;&gt;</a>&nbsp;&nbsp;&nbsp;cmt2119b_init
</UL>

<P><STRONG><a name="[52]"></a>cmt2119b_auto_switch_status</STRONG> (Thumb, 130 bytes, Stack size 24 bytes, cmt2119b.o(.text.cmt2119b_auto_switch_status))
<BR><BR>[Stack]<UL><LI>Max Depth = 172<LI>Call Chain = cmt2119b_auto_switch_status &rArr; cmt2119b_get_chip_status &rArr; cmt2119b_read_reg &rArr; cmt2119b_spi_read_reg &rArr; cmt2119b_gpio_recv_byte &rArr; cmt2119b_delay_us &rArr; delay_us &rArr; __aeabi_ui2f &rArr; _float_epilogue
</UL>
<BR>[Calls]<UL><LI><a href="#[54]">&gt;&gt;</a>&nbsp;&nbsp;&nbsp;cmt2119b_delay_us
<LI><a href="#[53]">&gt;&gt;</a>&nbsp;&nbsp;&nbsp;cmt2119b_write_reg
<LI><a href="#[55]">&gt;&gt;</a>&nbsp;&nbsp;&nbsp;cmt2119b_get_chip_status
<LI><a href="#[56]">&gt;&gt;</a>&nbsp;&nbsp;&nbsp;cmt2119b_read_reg
</UL>
<BR>[Called By]<UL><LI><a href="#[67]">&gt;&gt;</a>&nbsp;&nbsp;&nbsp;cmt2119b_go_tx
<LI><a href="#[66]">&gt;&gt;</a>&nbsp;&nbsp;&nbsp;cmt2119b_go_stby
<LI><a href="#[65]">&gt;&gt;</a>&nbsp;&nbsp;&nbsp;cmt2119b_go_sleep
</UL>

<P><STRONG><a name="[55]"></a>cmt2119b_get_chip_status</STRONG> (Thumb, 14 bytes, Stack size 8 bytes, cmt2119b.o(.text.cmt2119b_get_chip_status))
<BR><BR>[Stack]<UL><LI>Max Depth = 148<LI>Call Chain = cmt2119b_get_chip_status &rArr; cmt2119b_read_reg &rArr; cmt2119b_spi_read_reg &rArr; cmt2119b_gpio_recv_byte &rArr; cmt2119b_delay_us &rArr; delay_us &rArr; __aeabi_ui2f &rArr; _float_epilogue
</UL>
<BR>[Calls]<UL><LI><a href="#[56]">&gt;&gt;</a>&nbsp;&nbsp;&nbsp;cmt2119b_read_reg
</UL>
<BR>[Called By]<UL><LI><a href="#[52]">&gt;&gt;</a>&nbsp;&nbsp;&nbsp;cmt2119b_auto_switch_status
</UL>

<P><STRONG><a name="[62]"></a>cmt2119b_enable_write_fifo</STRONG> (Thumb, 46 bytes, Stack size 16 bytes, cmt2119b.o(.text.cmt2119b_enable_write_fifo))
<BR><BR>[Stack]<UL><LI>Max Depth = 156<LI>Call Chain = cmt2119b_enable_write_fifo &rArr; cmt2119b_read_reg &rArr; cmt2119b_spi_read_reg &rArr; cmt2119b_gpio_recv_byte &rArr; cmt2119b_delay_us &rArr; delay_us &rArr; __aeabi_ui2f &rArr; _float_epilogue
</UL>
<BR>[Calls]<UL><LI><a href="#[53]">&gt;&gt;</a>&nbsp;&nbsp;&nbsp;cmt2119b_write_reg
<LI><a href="#[56]">&gt;&gt;</a>&nbsp;&nbsp;&nbsp;cmt2119b_read_reg
</UL>
<BR>[Called By]<UL><LI><a href="#[7b]">&gt;&gt;</a>&nbsp;&nbsp;&nbsp;cmt2119b_send_packet
</UL>

<P><STRONG><a name="[87]"></a>cmt2119b_spi_send_byte</STRONG> (Thumb, 56 bytes, Stack size 16 bytes, cmt2119b_spi.o(.text.cmt2119b_spi_send_byte))
<BR><BR>[Stack]<UL><LI>Max Depth = 32<LI>Call Chain = cmt2119b_spi_send_byte &rArr; spi_i2s_data_transmit
</UL>
<BR>[Calls]<UL><LI><a href="#[88]">&gt;&gt;</a>&nbsp;&nbsp;&nbsp;spi_i2s_data_transmit
<LI><a href="#[85]">&gt;&gt;</a>&nbsp;&nbsp;&nbsp;spi_i2s_flag_get
</UL>
<BR>[Called By]<UL><LI><a href="#[89]">&gt;&gt;</a>&nbsp;&nbsp;&nbsp;cmt2119b_spi_write_fifo
<LI><a href="#[8a]">&gt;&gt;</a>&nbsp;&nbsp;&nbsp;cmt2119b_spi_write_reg
</UL>

<P><STRONG><a name="[6c]"></a>cmt2119b_gpio_send_byte</STRONG> (Thumb, 96 bytes, Stack size 24 bytes, cmt2119b_spi.o(.text.cmt2119b_gpio_send_byte))
<BR><BR>[Stack]<UL><LI>Max Depth = 84<LI>Call Chain = cmt2119b_gpio_send_byte &rArr; cmt2119b_delay_us &rArr; delay_us &rArr; __aeabi_ui2f &rArr; _float_epilogue
</UL>
<BR>[Calls]<UL><LI><a href="#[6e]">&gt;&gt;</a>&nbsp;&nbsp;&nbsp;cmt2119b_sdio_low
<LI><a href="#[6d]">&gt;&gt;</a>&nbsp;&nbsp;&nbsp;cmt2119b_sdio_high
<LI><a href="#[69]">&gt;&gt;</a>&nbsp;&nbsp;&nbsp;cmt2119b_sclk_low
<LI><a href="#[6a]">&gt;&gt;</a>&nbsp;&nbsp;&nbsp;cmt2119b_sclk_high
<LI><a href="#[54]">&gt;&gt;</a>&nbsp;&nbsp;&nbsp;cmt2119b_delay_us
</UL>
<BR>[Called By]<UL><LI><a href="#[77]">&gt;&gt;</a>&nbsp;&nbsp;&nbsp;cmt2119b_spi_read_reg
</UL>

<P><STRONG><a name="[68]"></a>cmt2119b_gpio_recv_byte</STRONG> (Thumb, 100 bytes, Stack size 24 bytes, cmt2119b_spi.o(.text.cmt2119b_gpio_recv_byte))
<BR><BR>[Stack]<UL><LI>Max Depth = 84<LI>Call Chain = cmt2119b_gpio_recv_byte &rArr; cmt2119b_delay_us &rArr; delay_us &rArr; __aeabi_ui2f &rArr; _float_epilogue
</UL>
<BR>[Calls]<UL><LI><a href="#[6b]">&gt;&gt;</a>&nbsp;&nbsp;&nbsp;cmt2119b_sdio_read
<LI><a href="#[69]">&gt;&gt;</a>&nbsp;&nbsp;&nbsp;cmt2119b_sclk_low
<LI><a href="#[6a]">&gt;&gt;</a>&nbsp;&nbsp;&nbsp;cmt2119b_sclk_high
<LI><a href="#[54]">&gt;&gt;</a>&nbsp;&nbsp;&nbsp;cmt2119b_delay_us
</UL>
<BR>[Called By]<UL><LI><a href="#[77]">&gt;&gt;</a>&nbsp;&nbsp;&nbsp;cmt2119b_spi_read_reg
</UL>

<P><STRONG><a name="[a8]"></a>cmt2219b_soft_reset</STRONG> (Thumb, 12 bytes, Stack size 8 bytes, cmt2219b.o(.text.cmt2219b_soft_reset))
<BR><BR>[Stack]<UL><LI>Max Depth = 116<LI>Call Chain = cmt2219b_soft_reset &rArr; cmt2219b_write_reg &rArr; cmt2219b_spi_write_reg &rArr; cmt2219b_delay_us &rArr; delay_us &rArr; __aeabi_ui2f &rArr; _float_epilogue
</UL>
<BR>[Calls]<UL><LI><a href="#[8c]">&gt;&gt;</a>&nbsp;&nbsp;&nbsp;cmt2219b_write_reg
</UL>
<BR>[Called By]<UL><LI><a href="#[a6]">&gt;&gt;</a>&nbsp;&nbsp;&nbsp;cmt2219b_init
</UL>

<P><STRONG><a name="[99]"></a>cmt2219b_enable_lfosc</STRONG> (Thumb, 100 bytes, Stack size 24 bytes, cmt2219b.o(.text.cmt2219b_enable_lfosc))
<BR><BR>[Stack]<UL><LI>Max Depth = 144<LI>Call Chain = cmt2219b_enable_lfosc &rArr; cmt2219b_read_reg &rArr; cmt2219b_spi_read_reg &rArr; cmt2219b_spi_pins_to_spi1 &rArr; gpio_output_options_set
</UL>
<BR>[Calls]<UL><LI><a href="#[8c]">&gt;&gt;</a>&nbsp;&nbsp;&nbsp;cmt2219b_write_reg
<LI><a href="#[94]">&gt;&gt;</a>&nbsp;&nbsp;&nbsp;cmt2219b_read_reg
</UL>
<BR>[Called By]<UL><LI><a href="#[a6]">&gt;&gt;</a>&nbsp;&nbsp;&nbsp;cmt2219b_init
</UL>

<P><STRONG><a name="[95]"></a>cmt2219b_config_reg_bank</STRONG> (Thumb, 70 bytes, Stack size 24 bytes, cmt2219b.o(.text.cmt2219b_config_reg_bank))
<BR><BR>[Stack]<UL><LI>Max Depth = 132<LI>Call Chain = cmt2219b_config_reg_bank &rArr; cmt2219b_write_reg &rArr; cmt2219b_spi_write_reg &rArr; cmt2219b_delay_us &rArr; delay_us &rArr; __aeabi_ui2f &rArr; _float_epilogue
</UL>
<BR>[Calls]<UL><LI><a href="#[8c]">&gt;&gt;</a>&nbsp;&nbsp;&nbsp;cmt2219b_write_reg
</UL>
<BR>[Called By]<UL><LI><a href="#[a6]">&gt;&gt;</a>&nbsp;&nbsp;&nbsp;cmt2219b_init
</UL>

<P><STRONG><a name="[93]"></a>cmt2219b_config_gpio_interrupt</STRONG> (Thumb, 62 bytes, Stack size 16 bytes, cmt2219b.o(.text.cmt2219b_config_gpio_interrupt))
<BR><BR>[Stack]<UL><LI>Max Depth = 136<LI>Call Chain = cmt2219b_config_gpio_interrupt &rArr; cmt2219b_read_reg &rArr; cmt2219b_spi_read_reg &rArr; cmt2219b_spi_pins_to_spi1 &rArr; gpio_output_options_set
</UL>
<BR>[Calls]<UL><LI><a href="#[8c]">&gt;&gt;</a>&nbsp;&nbsp;&nbsp;cmt2219b_write_reg
<LI><a href="#[94]">&gt;&gt;</a>&nbsp;&nbsp;&nbsp;cmt2219b_read_reg
</UL>
<BR>[Called By]<UL><LI><a href="#[a6]">&gt;&gt;</a>&nbsp;&nbsp;&nbsp;cmt2219b_init
</UL>

<P><STRONG><a name="[8b]"></a>cmt2219b_auto_switch_status</STRONG> (Thumb, 96 bytes, Stack size 24 bytes, cmt2219b.o(.text.cmt2219b_auto_switch_status))
<BR><BR>[Stack]<UL><LI>Max Depth = 152<LI>Call Chain = cmt2219b_auto_switch_status &rArr; cmt2219b_get_chip_status &rArr; cmt2219b_read_reg &rArr; cmt2219b_spi_read_reg &rArr; cmt2219b_spi_pins_to_spi1 &rArr; gpio_output_options_set
</UL>
<BR>[Calls]<UL><LI><a href="#[8d]">&gt;&gt;</a>&nbsp;&nbsp;&nbsp;cmt2219b_delay_us
<LI><a href="#[8c]">&gt;&gt;</a>&nbsp;&nbsp;&nbsp;cmt2219b_write_reg
<LI><a href="#[8e]">&gt;&gt;</a>&nbsp;&nbsp;&nbsp;cmt2219b_get_chip_status
</UL>
<BR>[Called By]<UL><LI><a href="#[9d]">&gt;&gt;</a>&nbsp;&nbsp;&nbsp;cmt2219b_go_rx
<LI><a href="#[9e]">&gt;&gt;</a>&nbsp;&nbsp;&nbsp;cmt2219b_go_sleep
<LI><a href="#[9f]">&gt;&gt;</a>&nbsp;&nbsp;&nbsp;cmt2219b_go_stby
</UL>

<P><STRONG><a name="[8e]"></a>cmt2219b_get_chip_status</STRONG> (Thumb, 14 bytes, Stack size 8 bytes, cmt2219b.o(.text.cmt2219b_get_chip_status))
<BR><BR>[Stack]<UL><LI>Max Depth = 128<LI>Call Chain = cmt2219b_get_chip_status &rArr; cmt2219b_read_reg &rArr; cmt2219b_spi_read_reg &rArr; cmt2219b_spi_pins_to_spi1 &rArr; gpio_output_options_set
</UL>
<BR>[Calls]<UL><LI><a href="#[94]">&gt;&gt;</a>&nbsp;&nbsp;&nbsp;cmt2219b_read_reg
</UL>
<BR>[Called By]<UL><LI><a href="#[8b]">&gt;&gt;</a>&nbsp;&nbsp;&nbsp;cmt2219b_auto_switch_status
</UL>

<P><STRONG><a name="[b6]"></a>cmt2219b_spi_send_byte</STRONG> (Thumb, 56 bytes, Stack size 16 bytes, cmt2219b_spi.o(.text.cmt2219b_spi_send_byte))
<BR><BR>[Stack]<UL><LI>Max Depth = 32<LI>Call Chain = cmt2219b_spi_send_byte &rArr; spi_i2s_data_transmit
</UL>
<BR>[Calls]<UL><LI><a href="#[88]">&gt;&gt;</a>&nbsp;&nbsp;&nbsp;spi_i2s_data_transmit
<LI><a href="#[85]">&gt;&gt;</a>&nbsp;&nbsp;&nbsp;spi_i2s_flag_get
</UL>
<BR>[Called By]<UL><LI><a href="#[b7]">&gt;&gt;</a>&nbsp;&nbsp;&nbsp;cmt2219b_spi_write_reg
</UL>

<P><STRONG><a name="[a3]"></a>cmt2219b_gpio_send_byte</STRONG> (Thumb, 90 bytes, Stack size 16 bytes, cmt2219b_spi.o(.text.cmt2219b_gpio_send_byte))
<BR><BR>[Stack]<UL><LI>Max Depth = 32<LI>Call Chain = cmt2219b_gpio_send_byte &rArr; cmt2219b_sdio_low &rArr; gpio_bit_reset
</UL>
<BR>[Calls]<UL><LI><a href="#[a1]">&gt;&gt;</a>&nbsp;&nbsp;&nbsp;cmt2219b_spi_delay
<LI><a href="#[a5]">&gt;&gt;</a>&nbsp;&nbsp;&nbsp;cmt2219b_sdio_low
<LI><a href="#[a4]">&gt;&gt;</a>&nbsp;&nbsp;&nbsp;cmt2219b_sdio_high
<LI><a href="#[92]">&gt;&gt;</a>&nbsp;&nbsp;&nbsp;cmt2219b_clk_low
<LI><a href="#[91]">&gt;&gt;</a>&nbsp;&nbsp;&nbsp;cmt2219b_clk_high
</UL>
<BR>[Called By]<UL><LI><a href="#[ae]">&gt;&gt;</a>&nbsp;&nbsp;&nbsp;cmt2219b_spi_read_reg
</UL>

<P><STRONG><a name="[a0]"></a>cmt2219b_gpio_recv_byte</STRONG> (Thumb, 94 bytes, Stack size 16 bytes, cmt2219b_spi.o(.text.cmt2219b_gpio_recv_byte))
<BR><BR>[Stack]<UL><LI>Max Depth = 36<LI>Call Chain = cmt2219b_gpio_recv_byte &rArr; cmt2219b_sdio_read &rArr; gpio_input_bit_get
</UL>
<BR>[Calls]<UL><LI><a href="#[a1]">&gt;&gt;</a>&nbsp;&nbsp;&nbsp;cmt2219b_spi_delay
<LI><a href="#[a2]">&gt;&gt;</a>&nbsp;&nbsp;&nbsp;cmt2219b_sdio_read
<LI><a href="#[92]">&gt;&gt;</a>&nbsp;&nbsp;&nbsp;cmt2219b_clk_low
<LI><a href="#[91]">&gt;&gt;</a>&nbsp;&nbsp;&nbsp;cmt2219b_clk_high
</UL>
<BR>[Called By]<UL><LI><a href="#[ad]">&gt;&gt;</a>&nbsp;&nbsp;&nbsp;cmt2219b_spi_read_fifo
<LI><a href="#[ae]">&gt;&gt;</a>&nbsp;&nbsp;&nbsp;cmt2219b_spi_read_reg
</UL>

<P><STRONG><a name="[a1]"></a>cmt2219b_spi_delay</STRONG> (Thumb, 24 bytes, Stack size 4 bytes, cmt2219b_spi.o(.text.cmt2219b_spi_delay))
<BR><BR>[Stack]<UL><LI>Max Depth = 4<LI>Call Chain = cmt2219b_spi_delay
</UL>
<BR>[Called By]<UL><LI><a href="#[a0]">&gt;&gt;</a>&nbsp;&nbsp;&nbsp;cmt2219b_gpio_recv_byte
<LI><a href="#[a3]">&gt;&gt;</a>&nbsp;&nbsp;&nbsp;cmt2219b_gpio_send_byte
</UL>

<P><STRONG><a name="[42]"></a>system_clock_config</STRONG> (Thumb, 8 bytes, Stack size 8 bytes, system_gd32e23x.o(.text.system_clock_config))
<BR><BR>[Stack]<UL><LI>Max Depth = 24<LI>Call Chain = system_clock_config &rArr; system_clock_72m_hxtal
</UL>
<BR>[Calls]<UL><LI><a href="#[dc]">&gt;&gt;</a>&nbsp;&nbsp;&nbsp;system_clock_72m_hxtal
</UL>
<BR>[Called By]<UL><LI><a href="#[23]">&gt;&gt;</a>&nbsp;&nbsp;&nbsp;SystemInit
</UL>

<P><STRONG><a name="[dc]"></a>system_clock_72m_hxtal</STRONG> (Thumb, 208 bytes, Stack size 16 bytes, system_gd32e23x.o(.text.system_clock_72m_hxtal))
<BR><BR>[Stack]<UL><LI>Max Depth = 16<LI>Call Chain = system_clock_72m_hxtal
</UL>
<BR>[Called By]<UL><LI><a href="#[42]">&gt;&gt;</a>&nbsp;&nbsp;&nbsp;system_clock_config
</UL>

<P><STRONG><a name="[d9]"></a>rf_calc_freq_hz</STRONG> (Thumb, 32 bytes, Stack size 8 bytes, app_tx-rx_config.o(.text.rf_calc_freq_hz))
<BR><BR>[Stack]<UL><LI>Max Depth = 8<LI>Call Chain = rf_calc_freq_hz
</UL>
<BR>[Called By]<UL><LI><a href="#[d8]">&gt;&gt;</a>&nbsp;&nbsp;&nbsp;rf_get_tx_rx_real_freq
</UL>

<P><STRONG><a name="[c9]"></a>packet_loss_test_reset</STRONG> (Thumb, 68 bytes, Stack size 4 bytes, packet_loss_test.o(.text.packet_loss_test_reset))
<BR><BR>[Stack]<UL><LI>Max Depth = 4<LI>Call Chain = packet_loss_test_reset
</UL>
<BR>[Called By]<UL><LI><a href="#[c1]">&gt;&gt;</a>&nbsp;&nbsp;&nbsp;packet_loss_test_run
</UL>

<P><STRONG><a name="[ca]"></a>packet_loss_test_send</STRONG> (Thumb, 44 bytes, Stack size 16 bytes, packet_loss_test.o(.text.packet_loss_test_send))
<BR><BR>[Stack]<UL><LI>Max Depth = 252<LI>Call Chain = packet_loss_test_send &rArr; radio_tx_send &rArr; cmt2119b_send_packet &rArr; cmt2119b_go_tx &rArr; cmt2119b_auto_switch_status &rArr; cmt2119b_get_chip_status &rArr; cmt2119b_read_reg &rArr; cmt2119b_spi_read_reg &rArr; cmt2119b_gpio_recv_byte &rArr; cmt2119b_delay_us &rArr; delay_us &rArr; __aeabi_ui2f &rArr; _float_epilogue
</UL>
<BR>[Calls]<UL><LI><a href="#[cb]">&gt;&gt;</a>&nbsp;&nbsp;&nbsp;radio_tx_send
</UL>
<BR>[Called By]<UL><LI><a href="#[c1]">&gt;&gt;</a>&nbsp;&nbsp;&nbsp;packet_loss_test_run
</UL>

<P><STRONG><a name="[c7]"></a>packet_loss_test_poll_rx</STRONG> (Thumb, 100 bytes, Stack size 16 bytes, packet_loss_test.o(.text.packet_loss_test_poll_rx))
<BR><BR>[Stack]<UL><LI>Max Depth = 200<LI>Call Chain = packet_loss_test_poll_rx &rArr; radio_rx_poll_packet &rArr; cmt2219b_go_rx &rArr; cmt2219b_auto_switch_status &rArr; cmt2219b_get_chip_status &rArr; cmt2219b_read_reg &rArr; cmt2219b_spi_read_reg &rArr; cmt2219b_spi_pins_to_spi1 &rArr; gpio_output_options_set
</UL>
<BR>[Calls]<UL><LI><a href="#[c8]">&gt;&gt;</a>&nbsp;&nbsp;&nbsp;radio_rx_poll_packet
</UL>
<BR>[Called By]<UL><LI><a href="#[c1]">&gt;&gt;</a>&nbsp;&nbsp;&nbsp;packet_loss_test_run
</UL>

<P><STRONG><a name="[c5]"></a>__NVIC_SetPriority</STRONG> (Thumb, 124 bytes, Stack size 24 bytes, gd32e23x_misc.o(.text.__NVIC_SetPriority))
<BR><BR>[Stack]<UL><LI>Max Depth = 24<LI>Call Chain = __NVIC_SetPriority
</UL>
<BR>[Called By]<UL><LI><a href="#[c4]">&gt;&gt;</a>&nbsp;&nbsp;&nbsp;nvic_irq_enable
</UL>

<P><STRONG><a name="[c6]"></a>__NVIC_EnableIRQ</STRONG> (Thumb, 48 bytes, Stack size 4 bytes, gd32e23x_misc.o(.text.__NVIC_EnableIRQ))
<BR><BR>[Stack]<UL><LI>Max Depth = 4<LI>Call Chain = __NVIC_EnableIRQ
</UL>
<BR>[Called By]<UL><LI><a href="#[c4]">&gt;&gt;</a>&nbsp;&nbsp;&nbsp;nvic_irq_enable
</UL>

<P><STRONG><a name="[c3]"></a>__NVIC_DisableIRQ</STRONG> (Thumb, 56 bytes, Stack size 4 bytes, gd32e23x_misc.o(.text.__NVIC_DisableIRQ))
<BR><BR>[Stack]<UL><LI>Max Depth = 4<LI>Call Chain = __NVIC_DisableIRQ
</UL>
<BR>[Called By]<UL><LI><a href="#[c2]">&gt;&gt;</a>&nbsp;&nbsp;&nbsp;nvic_irq_disable
</UL>

<P><STRONG><a name="[d6]"></a>rf_flash_config_read</STRONG> (Thumb, 60 bytes, Stack size 32 bytes, rf_uart_set_config.o(.text.rf_flash_config_read))
<BR><BR>[Stack]<UL><LI>Max Depth = 136<LI>Call Chain = rf_flash_config_read &rArr; rf_flash_record_check &rArr; rf_crc16_calc
</UL>
<BR>[Calls]<UL><LI><a href="#[d7]">&gt;&gt;</a>&nbsp;&nbsp;&nbsp;rf_flash_record_check
</UL>
<BR>[Called By]<UL><LI><a href="#[be]">&gt;&gt;</a>&nbsp;&nbsp;&nbsp;rf_uart_config_restore
</UL>

<P><STRONG><a name="[d0]"></a>rf_build_default_flash_config</STRONG> (Thumb, 96 bytes, Stack size 32 bytes, rf_uart_set_config.o(.text.rf_build_default_flash_config))
<BR><BR>[Stack]<UL><LI>Max Depth = 96<LI>Call Chain = rf_build_default_flash_config &rArr; rf_build_one_config &rArr; rf_crc16_calc
</UL>
<BR>[Calls]<UL><LI><a href="#[d1]">&gt;&gt;</a>&nbsp;&nbsp;&nbsp;__aeabi_memclr4
<LI><a href="#[d2]">&gt;&gt;</a>&nbsp;&nbsp;&nbsp;rf_build_one_config
<LI><a href="#[d3]">&gt;&gt;</a>&nbsp;&nbsp;&nbsp;rf_crc16_calc
</UL>
<BR>[Called By]<UL><LI><a href="#[be]">&gt;&gt;</a>&nbsp;&nbsp;&nbsp;rf_uart_config_restore
</UL>

<P><STRONG><a name="[d7]"></a>rf_flash_record_check</STRONG> (Thumb, 200 bytes, Stack size 80 bytes, rf_uart_set_config.o(.text.rf_flash_record_check))
<BR><BR>[Stack]<UL><LI>Max Depth = 104<LI>Call Chain = rf_flash_record_check &rArr; rf_crc16_calc
</UL>
<BR>[Calls]<UL><LI><a href="#[d3]">&gt;&gt;</a>&nbsp;&nbsp;&nbsp;rf_crc16_calc
<LI><a href="#[d5]">&gt;&gt;</a>&nbsp;&nbsp;&nbsp;rf_config_check
</UL>
<BR>[Called By]<UL><LI><a href="#[d6]">&gt;&gt;</a>&nbsp;&nbsp;&nbsp;rf_flash_config_read
</UL>

<P><STRONG><a name="[d2]"></a>rf_build_one_config</STRONG> (Thumb, 100 bytes, Stack size 40 bytes, rf_uart_set_config.o(.text.rf_build_one_config))
<BR><BR>[Stack]<UL><LI>Max Depth = 64<LI>Call Chain = rf_build_one_config &rArr; rf_crc16_calc
</UL>
<BR>[Calls]<UL><LI><a href="#[d3]">&gt;&gt;</a>&nbsp;&nbsp;&nbsp;rf_crc16_calc
</UL>
<BR>[Called By]<UL><LI><a href="#[d0]">&gt;&gt;</a>&nbsp;&nbsp;&nbsp;rf_build_default_flash_config
</UL>

<P><STRONG><a name="[f7]"></a>_fp_digits</STRONG> (Thumb, 344 bytes, Stack size 64 bytes, printfa.o(i._fp_digits), UNUSED)
<BR><BR>[Calls]<UL><LI><a href="#[2f]">&gt;&gt;</a>&nbsp;&nbsp;&nbsp;__aeabi_uldivmod
<LI><a href="#[38]">&gt;&gt;</a>&nbsp;&nbsp;&nbsp;__aeabi_dmul
<LI><a href="#[39]">&gt;&gt;</a>&nbsp;&nbsp;&nbsp;__aeabi_ddiv
<LI><a href="#[32]">&gt;&gt;</a>&nbsp;&nbsp;&nbsp;__aeabi_dadd
<LI><a href="#[3a]">&gt;&gt;</a>&nbsp;&nbsp;&nbsp;__aeabi_d2ulz
<LI><a href="#[f8]">&gt;&gt;</a>&nbsp;&nbsp;&nbsp;__aeabi_cdrcmple
</UL>
<BR>[Called By]<UL><LI><a href="#[f6]">&gt;&gt;</a>&nbsp;&nbsp;&nbsp;_printf_core
</UL>

<P><STRONG><a name="[f6]"></a>_printf_core</STRONG> (Thumb, 1754 bytes, Stack size 128 bytes, printfa.o(i._printf_core), UNUSED)
<BR><BR>[Calls]<UL><LI><a href="#[fb]">&gt;&gt;</a>&nbsp;&nbsp;&nbsp;__aeabi_uidivmod
<LI><a href="#[2f]">&gt;&gt;</a>&nbsp;&nbsp;&nbsp;__aeabi_uldivmod
<LI><a href="#[f9]">&gt;&gt;</a>&nbsp;&nbsp;&nbsp;_printf_pre_padding
<LI><a href="#[fa]">&gt;&gt;</a>&nbsp;&nbsp;&nbsp;_printf_post_padding
<LI><a href="#[f7]">&gt;&gt;</a>&nbsp;&nbsp;&nbsp;_fp_digits
</UL>
<BR>[Called By]<UL><LI><a href="#[f5]">&gt;&gt;</a>&nbsp;&nbsp;&nbsp;__0printf
</UL>

<P><STRONG><a name="[fa]"></a>_printf_post_padding</STRONG> (Thumb, 32 bytes, Stack size 24 bytes, printfa.o(i._printf_post_padding), UNUSED)
<BR><BR>[Called By]<UL><LI><a href="#[f6]">&gt;&gt;</a>&nbsp;&nbsp;&nbsp;_printf_core
</UL>

<P><STRONG><a name="[f9]"></a>_printf_pre_padding</STRONG> (Thumb, 44 bytes, Stack size 40 bytes, printfa.o(i._printf_pre_padding), UNUSED)
<BR><BR>[Called By]<UL><LI><a href="#[f6]">&gt;&gt;</a>&nbsp;&nbsp;&nbsp;_printf_core
</UL>
<P>
<H3>
Undefined Global Symbols
</H3><HR></body></html>
