<!doctype html public "-//w3c//dtd html 4.0 transitional//en">
<html><head>
<title>Static Call Graph - [.\output\GD32E230C_START.axf]</title></head>
<body><HR>
<H1>Static Call Graph for image .\output\GD32E230C_START.axf</H1><HR>
<BR><P>#&#060CALLGRAPH&#062# ARM Linker, 6210000: Last Updated: Sat Jul 25 14:35:23 2026
<BR><P>
<H3>Maximum Stack Usage =        176 bytes + Unknown(Cycles, Untraceable Function Pointers)</H3><H3>
Call chain for Maximum Stack Depth:</H3>
main &rArr; radio_tx_send &rArr; cmt2119b_send_packet &rArr; cmt2119b_clear_interrupt_flags &rArr; cmt2119b_write_reg &rArr; cmt2119b_spi_write_reg &rArr; cmt2119b_sdio_output &rArr; gpio_output_options_set
<P>
<H3>
Mutually Recursive functions
</H3> <LI><a href="#[11]">ADC_CMP_IRQHandler</a>&nbsp;&nbsp;&nbsp;&rArr;&nbsp;&nbsp;&nbsp;<a href="#[11]">ADC_CMP_IRQHandler</a><BR>
</UL>
<P>
<H3>
Function Pointers
</H3><UL>
 <LI><a href="#[11]">ADC_CMP_IRQHandler</a> from startup_gd32e23x.o(.text) referenced from startup_gd32e23x.o(RESET)
 <LI><a href="#[e]">DMA_Channel0_IRQHandler</a> from startup_gd32e23x.o(.text) referenced from startup_gd32e23x.o(RESET)
 <LI><a href="#[f]">DMA_Channel1_2_IRQHandler</a> from startup_gd32e23x.o(.text) referenced from startup_gd32e23x.o(RESET)
 <LI><a href="#[10]">DMA_Channel3_4_IRQHandler</a> from startup_gd32e23x.o(.text) referenced from startup_gd32e23x.o(RESET)
 <LI><a href="#[b]">EXTI0_1_IRQHandler</a> from startup_gd32e23x.o(.text) referenced from startup_gd32e23x.o(RESET)
 <LI><a href="#[c]">EXTI2_3_IRQHandler</a> from startup_gd32e23x.o(.text) referenced from startup_gd32e23x.o(RESET)
 <LI><a href="#[d]">EXTI4_15_IRQHandler</a> from startup_gd32e23x.o(.text) referenced from startup_gd32e23x.o(RESET)
 <LI><a href="#[9]">FMC_IRQHandler</a> from startup_gd32e23x.o(.text) referenced from startup_gd32e23x.o(RESET)
 <LI><a href="#[2]">HardFault_Handler</a> from gd32e23x_it.o(.text.HardFault_Handler) referenced from startup_gd32e23x.o(RESET)
 <LI><a href="#[20]">I2C0_ER_IRQHandler</a> from startup_gd32e23x.o(.text) referenced from startup_gd32e23x.o(RESET)
 <LI><a href="#[1a]">I2C0_EV_IRQHandler</a> from startup_gd32e23x.o(.text) referenced from startup_gd32e23x.o(RESET)
 <LI><a href="#[21]">I2C1_ER_IRQHandler</a> from startup_gd32e23x.o(.text) referenced from startup_gd32e23x.o(RESET)
 <LI><a href="#[1b]">I2C1_EV_IRQHandler</a> from startup_gd32e23x.o(.text) referenced from startup_gd32e23x.o(RESET)
 <LI><a href="#[7]">LVD_IRQHandler</a> from startup_gd32e23x.o(.text) referenced from startup_gd32e23x.o(RESET)
 <LI><a href="#[1]">NMI_Handler</a> from gd32e23x_it.o(.text.NMI_Handler) referenced from startup_gd32e23x.o(RESET)
 <LI><a href="#[4]">PendSV_Handler</a> from gd32e23x_it.o(.text.PendSV_Handler) referenced from startup_gd32e23x.o(RESET)
 <LI><a href="#[a]">RCU_IRQHandler</a> from startup_gd32e23x.o(.text) referenced from startup_gd32e23x.o(RESET)
 <LI><a href="#[8]">RTC_IRQHandler</a> from startup_gd32e23x.o(.text) referenced from startup_gd32e23x.o(RESET)
 <LI><a href="#[0]">Reset_Handler</a> from startup_gd32e23x.o(.text) referenced from startup_gd32e23x.o(RESET)
 <LI><a href="#[1c]">SPI0_IRQHandler</a> from startup_gd32e23x.o(.text) referenced from startup_gd32e23x.o(RESET)
 <LI><a href="#[1d]">SPI1_IRQHandler</a> from startup_gd32e23x.o(.text) referenced from startup_gd32e23x.o(RESET)
 <LI><a href="#[3]">SVC_Handler</a> from gd32e23x_it.o(.text.SVC_Handler) referenced from startup_gd32e23x.o(RESET)
 <LI><a href="#[5]">SysTick_Handler</a> from gd32e23x_it.o(.text.SysTick_Handler) referenced from startup_gd32e23x.o(RESET)
 <LI><a href="#[23]">SystemInit</a> from system_gd32e23x.o(.text.SystemInit) referenced from startup_gd32e23x.o(.text)
 <LI><a href="#[12]">TIMER0_BRK_UP_TRG_COM_IRQHandler</a> from startup_gd32e23x.o(.text) referenced from startup_gd32e23x.o(RESET)
 <LI><a href="#[13]">TIMER0_Channel_IRQHandler</a> from startup_gd32e23x.o(.text) referenced from startup_gd32e23x.o(RESET)
 <LI><a href="#[16]">TIMER13_IRQHandler</a> from startup_gd32e23x.o(.text) referenced from startup_gd32e23x.o(RESET)
 <LI><a href="#[17]">TIMER14_IRQHandler</a> from startup_gd32e23x.o(.text) referenced from startup_gd32e23x.o(RESET)
 <LI><a href="#[18]">TIMER15_IRQHandler</a> from startup_gd32e23x.o(.text) referenced from startup_gd32e23x.o(RESET)
 <LI><a href="#[19]">TIMER16_IRQHandler</a> from startup_gd32e23x.o(.text) referenced from startup_gd32e23x.o(RESET)
 <LI><a href="#[14]">TIMER2_IRQHandler</a> from startup_gd32e23x.o(.text) referenced from startup_gd32e23x.o(RESET)
 <LI><a href="#[15]">TIMER5_IRQHandler</a> from startup_gd32e23x.o(.text) referenced from startup_gd32e23x.o(RESET)
 <LI><a href="#[1e]">USART0_IRQHandler</a> from bsp_usart.o(.text.USART0_IRQHandler) referenced from startup_gd32e23x.o(RESET)
 <LI><a href="#[1f]">USART1_IRQHandler</a> from startup_gd32e23x.o(.text) referenced from startup_gd32e23x.o(RESET)
 <LI><a href="#[6]">WWDGT_IRQHandler</a> from startup_gd32e23x.o(.text) referenced from startup_gd32e23x.o(RESET)
 <LI><a href="#[24]">__main</a> from entry.o(.ARM.Collect$$$$00000000) referenced from startup_gd32e23x.o(.text)
 <LI><a href="#[22]">main</a> from main.o(.text.main) referenced from entry9a.o(.ARM.Collect$$$$0000000B)
</UL>
<P>
<H3>
Global Symbols
</H3>
<P><STRONG><a name="[24]"></a>__main</STRONG> (Thumb, 0 bytes, Stack size unknown bytes, entry.o(.ARM.Collect$$$$00000000))
<BR>[Address Reference Count : 1]<UL><LI> startup_gd32e23x.o(.text)
</UL>
<P><STRONG><a name="[5f]"></a>_main_stk</STRONG> (Thumb, 0 bytes, Stack size unknown bytes, entry2.o(.ARM.Collect$$$$00000001))

<P><STRONG><a name="[25]"></a>_main_scatterload</STRONG> (Thumb, 0 bytes, Stack size unknown bytes, entry5.o(.ARM.Collect$$$$00000004))
<BR><BR>[Calls]<UL><LI><a href="#[26]">&gt;&gt;</a>&nbsp;&nbsp;&nbsp;__scatterload
</UL>

<P><STRONG><a name="[2b]"></a>__main_after_scatterload</STRONG> (Thumb, 0 bytes, Stack size unknown bytes, entry5.o(.ARM.Collect$$$$00000004))
<BR><BR>[Called By]<UL><LI><a href="#[26]">&gt;&gt;</a>&nbsp;&nbsp;&nbsp;__scatterload
</UL>

<P><STRONG><a name="[60]"></a>_main_clock</STRONG> (Thumb, 0 bytes, Stack size unknown bytes, entry7b.o(.ARM.Collect$$$$00000008))

<P><STRONG><a name="[61]"></a>_main_cpp_init</STRONG> (Thumb, 0 bytes, Stack size unknown bytes, entry8b.o(.ARM.Collect$$$$0000000A))

<P><STRONG><a name="[62]"></a>_main_init</STRONG> (Thumb, 0 bytes, Stack size unknown bytes, entry9a.o(.ARM.Collect$$$$0000000B))

<P><STRONG><a name="[63]"></a>__rt_final_cpp</STRONG> (Thumb, 0 bytes, Stack size unknown bytes, entry10a.o(.ARM.Collect$$$$0000000D))

<P><STRONG><a name="[64]"></a>__rt_final_exit</STRONG> (Thumb, 0 bytes, Stack size unknown bytes, entry11a.o(.ARM.Collect$$$$0000000F))

<P><STRONG><a name="[0]"></a>Reset_Handler</STRONG> (Thumb, 8 bytes, Stack size 0 bytes, startup_gd32e23x.o(.text))
<BR>[Address Reference Count : 1]<UL><LI> startup_gd32e23x.o(RESET)
</UL>
<P><STRONG><a name="[11]"></a>ADC_CMP_IRQHandler</STRONG> (Thumb, 0 bytes, Stack size 0 bytes, startup_gd32e23x.o(.text))
<BR><BR>[Calls]<UL><LI><a href="#[11]">&gt;&gt;</a>&nbsp;&nbsp;&nbsp;ADC_CMP_IRQHandler
</UL>
<BR>[Called By]<UL><LI><a href="#[11]">&gt;&gt;</a>&nbsp;&nbsp;&nbsp;ADC_CMP_IRQHandler
</UL>
<BR>[Address Reference Count : 1]<UL><LI> startup_gd32e23x.o(RESET)
</UL>
<P><STRONG><a name="[e]"></a>DMA_Channel0_IRQHandler</STRONG> (Thumb, 0 bytes, Stack size 0 bytes, startup_gd32e23x.o(.text))
<BR>[Address Reference Count : 1]<UL><LI> startup_gd32e23x.o(RESET)
</UL>
<P><STRONG><a name="[f]"></a>DMA_Channel1_2_IRQHandler</STRONG> (Thumb, 0 bytes, Stack size 0 bytes, startup_gd32e23x.o(.text))
<BR>[Address Reference Count : 1]<UL><LI> startup_gd32e23x.o(RESET)
</UL>
<P><STRONG><a name="[10]"></a>DMA_Channel3_4_IRQHandler</STRONG> (Thumb, 0 bytes, Stack size 0 bytes, startup_gd32e23x.o(.text))
<BR>[Address Reference Count : 1]<UL><LI> startup_gd32e23x.o(RESET)
</UL>
<P><STRONG><a name="[b]"></a>EXTI0_1_IRQHandler</STRONG> (Thumb, 0 bytes, Stack size 0 bytes, startup_gd32e23x.o(.text))
<BR>[Address Reference Count : 1]<UL><LI> startup_gd32e23x.o(RESET)
</UL>
<P><STRONG><a name="[c]"></a>EXTI2_3_IRQHandler</STRONG> (Thumb, 0 bytes, Stack size 0 bytes, startup_gd32e23x.o(.text))
<BR>[Address Reference Count : 1]<UL><LI> startup_gd32e23x.o(RESET)
</UL>
<P><STRONG><a name="[d]"></a>EXTI4_15_IRQHandler</STRONG> (Thumb, 0 bytes, Stack size 0 bytes, startup_gd32e23x.o(.text))
<BR>[Address Reference Count : 1]<UL><LI> startup_gd32e23x.o(RESET)
</UL>
<P><STRONG><a name="[9]"></a>FMC_IRQHandler</STRONG> (Thumb, 0 bytes, Stack size 0 bytes, startup_gd32e23x.o(.text))
<BR>[Address Reference Count : 1]<UL><LI> startup_gd32e23x.o(RESET)
</UL>
<P><STRONG><a name="[20]"></a>I2C0_ER_IRQHandler</STRONG> (Thumb, 0 bytes, Stack size 0 bytes, startup_gd32e23x.o(.text))
<BR>[Address Reference Count : 1]<UL><LI> startup_gd32e23x.o(RESET)
</UL>
<P><STRONG><a name="[1a]"></a>I2C0_EV_IRQHandler</STRONG> (Thumb, 0 bytes, Stack size 0 bytes, startup_gd32e23x.o(.text))
<BR>[Address Reference Count : 1]<UL><LI> startup_gd32e23x.o(RESET)
</UL>
<P><STRONG><a name="[21]"></a>I2C1_ER_IRQHandler</STRONG> (Thumb, 0 bytes, Stack size 0 bytes, startup_gd32e23x.o(.text))
<BR>[Address Reference Count : 1]<UL><LI> startup_gd32e23x.o(RESET)
</UL>
<P><STRONG><a name="[1b]"></a>I2C1_EV_IRQHandler</STRONG> (Thumb, 0 bytes, Stack size 0 bytes, startup_gd32e23x.o(.text))
<BR>[Address Reference Count : 1]<UL><LI> startup_gd32e23x.o(RESET)
</UL>
<P><STRONG><a name="[7]"></a>LVD_IRQHandler</STRONG> (Thumb, 0 bytes, Stack size 0 bytes, startup_gd32e23x.o(.text))
<BR>[Address Reference Count : 1]<UL><LI> startup_gd32e23x.o(RESET)
</UL>
<P><STRONG><a name="[a]"></a>RCU_IRQHandler</STRONG> (Thumb, 0 bytes, Stack size 0 bytes, startup_gd32e23x.o(.text))
<BR>[Address Reference Count : 1]<UL><LI> startup_gd32e23x.o(RESET)
</UL>
<P><STRONG><a name="[8]"></a>RTC_IRQHandler</STRONG> (Thumb, 0 bytes, Stack size 0 bytes, startup_gd32e23x.o(.text))
<BR>[Address Reference Count : 1]<UL><LI> startup_gd32e23x.o(RESET)
</UL>
<P><STRONG><a name="[1c]"></a>SPI0_IRQHandler</STRONG> (Thumb, 0 bytes, Stack size 0 bytes, startup_gd32e23x.o(.text))
<BR>[Address Reference Count : 1]<UL><LI> startup_gd32e23x.o(RESET)
</UL>
<P><STRONG><a name="[1d]"></a>SPI1_IRQHandler</STRONG> (Thumb, 0 bytes, Stack size 0 bytes, startup_gd32e23x.o(.text))
<BR>[Address Reference Count : 1]<UL><LI> startup_gd32e23x.o(RESET)
</UL>
<P><STRONG><a name="[12]"></a>TIMER0_BRK_UP_TRG_COM_IRQHandler</STRONG> (Thumb, 0 bytes, Stack size 0 bytes, startup_gd32e23x.o(.text))
<BR>[Address Reference Count : 1]<UL><LI> startup_gd32e23x.o(RESET)
</UL>
<P><STRONG><a name="[13]"></a>TIMER0_Channel_IRQHandler</STRONG> (Thumb, 0 bytes, Stack size 0 bytes, startup_gd32e23x.o(.text))
<BR>[Address Reference Count : 1]<UL><LI> startup_gd32e23x.o(RESET)
</UL>
<P><STRONG><a name="[16]"></a>TIMER13_IRQHandler</STRONG> (Thumb, 0 bytes, Stack size 0 bytes, startup_gd32e23x.o(.text))
<BR>[Address Reference Count : 1]<UL><LI> startup_gd32e23x.o(RESET)
</UL>
<P><STRONG><a name="[17]"></a>TIMER14_IRQHandler</STRONG> (Thumb, 0 bytes, Stack size 0 bytes, startup_gd32e23x.o(.text))
<BR>[Address Reference Count : 1]<UL><LI> startup_gd32e23x.o(RESET)
</UL>
<P><STRONG><a name="[18]"></a>TIMER15_IRQHandler</STRONG> (Thumb, 0 bytes, Stack size 0 bytes, startup_gd32e23x.o(.text))
<BR>[Address Reference Count : 1]<UL><LI> startup_gd32e23x.o(RESET)
</UL>
<P><STRONG><a name="[19]"></a>TIMER16_IRQHandler</STRONG> (Thumb, 0 bytes, Stack size 0 bytes, startup_gd32e23x.o(.text))
<BR>[Address Reference Count : 1]<UL><LI> startup_gd32e23x.o(RESET)
</UL>
<P><STRONG><a name="[14]"></a>TIMER2_IRQHandler</STRONG> (Thumb, 0 bytes, Stack size 0 bytes, startup_gd32e23x.o(.text))
<BR>[Address Reference Count : 1]<UL><LI> startup_gd32e23x.o(RESET)
</UL>
<P><STRONG><a name="[15]"></a>TIMER5_IRQHandler</STRONG> (Thumb, 0 bytes, Stack size 0 bytes, startup_gd32e23x.o(.text))
<BR>[Address Reference Count : 1]<UL><LI> startup_gd32e23x.o(RESET)
</UL>
<P><STRONG><a name="[1f]"></a>USART1_IRQHandler</STRONG> (Thumb, 0 bytes, Stack size 0 bytes, startup_gd32e23x.o(.text))
<BR>[Address Reference Count : 1]<UL><LI> startup_gd32e23x.o(RESET)
</UL>
<P><STRONG><a name="[6]"></a>WWDGT_IRQHandler</STRONG> (Thumb, 0 bytes, Stack size 0 bytes, startup_gd32e23x.o(.text))
<BR>[Address Reference Count : 1]<UL><LI> startup_gd32e23x.o(RESET)
</UL>
<P><STRONG><a name="[57]"></a>__aeabi_fmul</STRONG> (Thumb, 122 bytes, Stack size 16 bytes, fmul.o(.text))
<BR><BR>[Stack]<UL><LI>Max Depth = 16<LI>Call Chain = __aeabi_fmul
</UL>
<BR>[Called By]<UL><LI><a href="#[3c]">&gt;&gt;</a>&nbsp;&nbsp;&nbsp;delay_us
<LI><a href="#[3a]">&gt;&gt;</a>&nbsp;&nbsp;&nbsp;delay_ms
<LI><a href="#[59]">&gt;&gt;</a>&nbsp;&nbsp;&nbsp;systick_config
</UL>

<P><STRONG><a name="[27]"></a>__aeabi_fdiv</STRONG> (Thumb, 124 bytes, Stack size 16 bytes, fdiv.o(.text))
<BR><BR>[Stack]<UL><LI>Max Depth = 16<LI>Call Chain = __aeabi_fdiv
</UL>
<BR>[Calls]<UL><LI><a href="#[28]">&gt;&gt;</a>&nbsp;&nbsp;&nbsp;_float_round
</UL>
<BR>[Called By]<UL><LI><a href="#[59]">&gt;&gt;</a>&nbsp;&nbsp;&nbsp;systick_config
</UL>

<P><STRONG><a name="[29]"></a>__aeabi_ui2f</STRONG> (Thumb, 14 bytes, Stack size 8 bytes, ffltui.o(.text))
<BR><BR>[Stack]<UL><LI>Max Depth = 20<LI>Call Chain = __aeabi_ui2f &rArr; _float_epilogue
</UL>
<BR>[Calls]<UL><LI><a href="#[2a]">&gt;&gt;</a>&nbsp;&nbsp;&nbsp;_float_epilogue
</UL>
<BR>[Called By]<UL><LI><a href="#[3c]">&gt;&gt;</a>&nbsp;&nbsp;&nbsp;delay_us
<LI><a href="#[3a]">&gt;&gt;</a>&nbsp;&nbsp;&nbsp;delay_ms
<LI><a href="#[59]">&gt;&gt;</a>&nbsp;&nbsp;&nbsp;systick_config
</UL>

<P><STRONG><a name="[58]"></a>__aeabi_f2uiz</STRONG> (Thumb, 40 bytes, Stack size 0 bytes, ffixui.o(.text))
<BR><BR>[Called By]<UL><LI><a href="#[3c]">&gt;&gt;</a>&nbsp;&nbsp;&nbsp;delay_us
<LI><a href="#[3a]">&gt;&gt;</a>&nbsp;&nbsp;&nbsp;delay_ms
</UL>

<P><STRONG><a name="[65]"></a>__I$use$fp</STRONG> (Thumb, 0 bytes, Stack size 0 bytes, iusefp.o(.text), UNUSED)

<P><STRONG><a name="[28]"></a>_float_round</STRONG> (Thumb, 16 bytes, Stack size 0 bytes, fepilogue.o(.text))
<BR><BR>[Called By]<UL><LI><a href="#[27]">&gt;&gt;</a>&nbsp;&nbsp;&nbsp;__aeabi_fdiv
</UL>

<P><STRONG><a name="[2a]"></a>_float_epilogue</STRONG> (Thumb, 114 bytes, Stack size 12 bytes, fepilogue.o(.text))
<BR><BR>[Stack]<UL><LI>Max Depth = 12<LI>Call Chain = _float_epilogue
</UL>
<BR>[Called By]<UL><LI><a href="#[29]">&gt;&gt;</a>&nbsp;&nbsp;&nbsp;__aeabi_ui2f
</UL>

<P><STRONG><a name="[26]"></a>__scatterload</STRONG> (Thumb, 38 bytes, Stack size 0 bytes, init.o(.text))
<BR><BR>[Calls]<UL><LI><a href="#[2b]">&gt;&gt;</a>&nbsp;&nbsp;&nbsp;__main_after_scatterload
</UL>
<BR>[Called By]<UL><LI><a href="#[25]">&gt;&gt;</a>&nbsp;&nbsp;&nbsp;_main_scatterload
</UL>

<P><STRONG><a name="[66]"></a>__scatterload_rt2</STRONG> (Thumb, 0 bytes, Stack size 0 bytes, init.o(.text), UNUSED)

<P><STRONG><a name="[2]"></a>HardFault_Handler</STRONG> (Thumb, 4 bytes, Stack size 0 bytes, gd32e23x_it.o(.text.HardFault_Handler))
<BR>[Address Reference Count : 1]<UL><LI> startup_gd32e23x.o(RESET)
</UL>
<P><STRONG><a name="[1]"></a>NMI_Handler</STRONG> (Thumb, 2 bytes, Stack size 0 bytes, gd32e23x_it.o(.text.NMI_Handler))
<BR>[Address Reference Count : 1]<UL><LI> startup_gd32e23x.o(RESET)
</UL>
<P><STRONG><a name="[4]"></a>PendSV_Handler</STRONG> (Thumb, 2 bytes, Stack size 0 bytes, gd32e23x_it.o(.text.PendSV_Handler))
<BR>[Address Reference Count : 1]<UL><LI> startup_gd32e23x.o(RESET)
</UL>
<P><STRONG><a name="[3]"></a>SVC_Handler</STRONG> (Thumb, 2 bytes, Stack size 0 bytes, gd32e23x_it.o(.text.SVC_Handler))
<BR>[Address Reference Count : 1]<UL><LI> startup_gd32e23x.o(RESET)
</UL>
<P><STRONG><a name="[5]"></a>SysTick_Handler</STRONG> (Thumb, 2 bytes, Stack size 0 bytes, gd32e23x_it.o(.text.SysTick_Handler))
<BR>[Address Reference Count : 1]<UL><LI> startup_gd32e23x.o(RESET)
</UL>
<P><STRONG><a name="[23]"></a>SystemInit</STRONG> (Thumb, 136 bytes, Stack size 16 bytes, system_gd32e23x.o(.text.SystemInit))
<BR><BR>[Stack]<UL><LI>Max Depth = 40<LI>Call Chain = SystemInit &rArr; system_clock_config &rArr; system_clock_72m_hxtal
</UL>
<BR>[Calls]<UL><LI><a href="#[2d]">&gt;&gt;</a>&nbsp;&nbsp;&nbsp;nvic_vector_table_set
<LI><a href="#[2c]">&gt;&gt;</a>&nbsp;&nbsp;&nbsp;system_clock_config
</UL>
<BR>[Address Reference Count : 1]<UL><LI> startup_gd32e23x.o(.text)
</UL>
<P><STRONG><a name="[1e]"></a>USART0_IRQHandler</STRONG> (Thumb, 92 bytes, Stack size 16 bytes, bsp_usart.o(.text.USART0_IRQHandler))
<BR><BR>[Stack]<UL><LI>Max Depth = 44<LI>Call Chain = USART0_IRQHandler &rArr; usart_interrupt_flag_get
</UL>
<BR>[Calls]<UL><LI><a href="#[30]">&gt;&gt;</a>&nbsp;&nbsp;&nbsp;usart_interrupt_flag_clear
<LI><a href="#[2f]">&gt;&gt;</a>&nbsp;&nbsp;&nbsp;usart_data_receive
<LI><a href="#[2e]">&gt;&gt;</a>&nbsp;&nbsp;&nbsp;usart_interrupt_flag_get
</UL>
<BR>[Address Reference Count : 1]<UL><LI> startup_gd32e23x.o(RESET)
</UL>
<P><STRONG><a name="[31]"></a>cmt2119b_clear_interrupt_flags</STRONG> (Thumb, 26 bytes, Stack size 16 bytes, cmt2119b.o(.text.cmt2119b_clear_interrupt_flags))
<BR><BR>[Stack]<UL><LI>Max Depth = 112<LI>Call Chain = cmt2119b_clear_interrupt_flags &rArr; cmt2119b_write_reg &rArr; cmt2119b_spi_write_reg &rArr; cmt2119b_sdio_output &rArr; gpio_output_options_set
</UL>
<BR>[Calls]<UL><LI><a href="#[32]">&gt;&gt;</a>&nbsp;&nbsp;&nbsp;cmt2119b_write_reg
</UL>
<BR>[Called By]<UL><LI><a href="#[50]">&gt;&gt;</a>&nbsp;&nbsp;&nbsp;cmt2119b_send_packet
</UL>

<P><STRONG><a name="[33]"></a>cmt2119b_clear_tx_fifo</STRONG> (Thumb, 12 bytes, Stack size 8 bytes, cmt2119b.o(.text.cmt2119b_clear_tx_fifo))
<BR><BR>[Stack]<UL><LI>Max Depth = 104<LI>Call Chain = cmt2119b_clear_tx_fifo &rArr; cmt2119b_write_reg &rArr; cmt2119b_spi_write_reg &rArr; cmt2119b_sdio_output &rArr; gpio_output_options_set
</UL>
<BR>[Calls]<UL><LI><a href="#[32]">&gt;&gt;</a>&nbsp;&nbsp;&nbsp;cmt2119b_write_reg
</UL>
<BR>[Called By]<UL><LI><a href="#[50]">&gt;&gt;</a>&nbsp;&nbsp;&nbsp;cmt2119b_send_packet
</UL>

<P><STRONG><a name="[35]"></a>cmt2119b_csb_high</STRONG> (Thumb, 14 bytes, Stack size 8 bytes, cmt2119b_port.o(.text.cmt2119b_csb_high))
<BR><BR>[Stack]<UL><LI>Max Depth = 16<LI>Call Chain = cmt2119b_csb_high &rArr; gpio_bit_set
</UL>
<BR>[Calls]<UL><LI><a href="#[36]">&gt;&gt;</a>&nbsp;&nbsp;&nbsp;gpio_bit_set
</UL>
<BR>[Called By]<UL><LI><a href="#[46]">&gt;&gt;</a>&nbsp;&nbsp;&nbsp;cmt2119b_port_init
<LI><a href="#[55]">&gt;&gt;</a>&nbsp;&nbsp;&nbsp;cmt2119b_spi_write_fifo
<LI><a href="#[56]">&gt;&gt;</a>&nbsp;&nbsp;&nbsp;cmt2119b_spi_write_reg
<LI><a href="#[45]">&gt;&gt;</a>&nbsp;&nbsp;&nbsp;cmt2119b_spi_init
</UL>

<P><STRONG><a name="[37]"></a>cmt2119b_csb_low</STRONG> (Thumb, 14 bytes, Stack size 8 bytes, cmt2119b_port.o(.text.cmt2119b_csb_low))
<BR><BR>[Stack]<UL><LI>Max Depth = 16<LI>Call Chain = cmt2119b_csb_low &rArr; gpio_bit_reset
</UL>
<BR>[Calls]<UL><LI><a href="#[38]">&gt;&gt;</a>&nbsp;&nbsp;&nbsp;gpio_bit_reset
</UL>
<BR>[Called By]<UL><LI><a href="#[56]">&gt;&gt;</a>&nbsp;&nbsp;&nbsp;cmt2119b_spi_write_reg
</UL>

<P><STRONG><a name="[39]"></a>cmt2119b_delay_ms</STRONG> (Thumb, 16 bytes, Stack size 16 bytes, cmt2119b_port.o(.text.cmt2119b_delay_ms))
<BR><BR>[Stack]<UL><LI>Max Depth = 60<LI>Call Chain = cmt2119b_delay_ms &rArr; delay_ms &rArr; __aeabi_ui2f &rArr; _float_epilogue
</UL>
<BR>[Calls]<UL><LI><a href="#[3a]">&gt;&gt;</a>&nbsp;&nbsp;&nbsp;delay_ms
</UL>
<BR>[Called By]<UL><LI><a href="#[50]">&gt;&gt;</a>&nbsp;&nbsp;&nbsp;cmt2119b_send_packet
</UL>

<P><STRONG><a name="[3b]"></a>cmt2119b_delay_us</STRONG> (Thumb, 16 bytes, Stack size 16 bytes, cmt2119b_port.o(.text.cmt2119b_delay_us))
<BR><BR>[Stack]<UL><LI>Max Depth = 60<LI>Call Chain = cmt2119b_delay_us &rArr; delay_us &rArr; __aeabi_ui2f &rArr; _float_epilogue
</UL>
<BR>[Calls]<UL><LI><a href="#[3c]">&gt;&gt;</a>&nbsp;&nbsp;&nbsp;delay_us
</UL>
<BR>[Called By]<UL><LI><a href="#[52]">&gt;&gt;</a>&nbsp;&nbsp;&nbsp;cmt2119b_spi_delay_us
</UL>

<P><STRONG><a name="[3d]"></a>cmt2119b_fcsb_high</STRONG> (Thumb, 12 bytes, Stack size 8 bytes, cmt2119b_port.o(.text.cmt2119b_fcsb_high))
<BR><BR>[Stack]<UL><LI>Max Depth = 16<LI>Call Chain = cmt2119b_fcsb_high &rArr; gpio_bit_set
</UL>
<BR>[Calls]<UL><LI><a href="#[36]">&gt;&gt;</a>&nbsp;&nbsp;&nbsp;gpio_bit_set
</UL>
<BR>[Called By]<UL><LI><a href="#[46]">&gt;&gt;</a>&nbsp;&nbsp;&nbsp;cmt2119b_port_init
<LI><a href="#[55]">&gt;&gt;</a>&nbsp;&nbsp;&nbsp;cmt2119b_spi_write_fifo
<LI><a href="#[56]">&gt;&gt;</a>&nbsp;&nbsp;&nbsp;cmt2119b_spi_write_reg
<LI><a href="#[45]">&gt;&gt;</a>&nbsp;&nbsp;&nbsp;cmt2119b_spi_init
</UL>

<P><STRONG><a name="[3e]"></a>cmt2119b_fcsb_low</STRONG> (Thumb, 12 bytes, Stack size 8 bytes, cmt2119b_port.o(.text.cmt2119b_fcsb_low))
<BR><BR>[Stack]<UL><LI>Max Depth = 16<LI>Call Chain = cmt2119b_fcsb_low &rArr; gpio_bit_reset
</UL>
<BR>[Calls]<UL><LI><a href="#[38]">&gt;&gt;</a>&nbsp;&nbsp;&nbsp;gpio_bit_reset
</UL>
<BR>[Called By]<UL><LI><a href="#[55]">&gt;&gt;</a>&nbsp;&nbsp;&nbsp;cmt2119b_spi_write_fifo
</UL>

<P><STRONG><a name="[3f]"></a>cmt2119b_go_sleep</STRONG> (Thumb, 12 bytes, Stack size 8 bytes, cmt2119b.o(.text.cmt2119b_go_sleep))
<BR><BR>[Stack]<UL><LI>Max Depth = 104<LI>Call Chain = cmt2119b_go_sleep &rArr; cmt2119b_write_reg &rArr; cmt2119b_spi_write_reg &rArr; cmt2119b_sdio_output &rArr; gpio_output_options_set
</UL>
<BR>[Calls]<UL><LI><a href="#[32]">&gt;&gt;</a>&nbsp;&nbsp;&nbsp;cmt2119b_write_reg
</UL>
<BR>[Called By]<UL><LI><a href="#[50]">&gt;&gt;</a>&nbsp;&nbsp;&nbsp;cmt2119b_send_packet
<LI><a href="#[44]">&gt;&gt;</a>&nbsp;&nbsp;&nbsp;cmt2119b_init
</UL>

<P><STRONG><a name="[40]"></a>cmt2119b_go_stby</STRONG> (Thumb, 12 bytes, Stack size 8 bytes, cmt2119b.o(.text.cmt2119b_go_stby))
<BR><BR>[Stack]<UL><LI>Max Depth = 104<LI>Call Chain = cmt2119b_go_stby &rArr; cmt2119b_write_reg &rArr; cmt2119b_spi_write_reg &rArr; cmt2119b_sdio_output &rArr; gpio_output_options_set
</UL>
<BR>[Calls]<UL><LI><a href="#[32]">&gt;&gt;</a>&nbsp;&nbsp;&nbsp;cmt2119b_write_reg
</UL>
<BR>[Called By]<UL><LI><a href="#[50]">&gt;&gt;</a>&nbsp;&nbsp;&nbsp;cmt2119b_send_packet
</UL>

<P><STRONG><a name="[41]"></a>cmt2119b_go_tx</STRONG> (Thumb, 12 bytes, Stack size 8 bytes, cmt2119b.o(.text.cmt2119b_go_tx))
<BR><BR>[Stack]<UL><LI>Max Depth = 104<LI>Call Chain = cmt2119b_go_tx &rArr; cmt2119b_write_reg &rArr; cmt2119b_spi_write_reg &rArr; cmt2119b_sdio_output &rArr; gpio_output_options_set
</UL>
<BR>[Calls]<UL><LI><a href="#[32]">&gt;&gt;</a>&nbsp;&nbsp;&nbsp;cmt2119b_write_reg
</UL>
<BR>[Called By]<UL><LI><a href="#[50]">&gt;&gt;</a>&nbsp;&nbsp;&nbsp;cmt2119b_send_packet
</UL>

<P><STRONG><a name="[42]"></a>cmt2119b_gpio3_read</STRONG> (Thumb, 16 bytes, Stack size 8 bytes, cmt2119b_port.o(.text.cmt2119b_gpio3_read))
<BR><BR>[Stack]<UL><LI>Max Depth = 20<LI>Call Chain = cmt2119b_gpio3_read &rArr; gpio_input_bit_get
</UL>
<BR>[Calls]<UL><LI><a href="#[43]">&gt;&gt;</a>&nbsp;&nbsp;&nbsp;gpio_input_bit_get
</UL>
<BR>[Called By]<UL><LI><a href="#[50]">&gt;&gt;</a>&nbsp;&nbsp;&nbsp;cmt2119b_send_packet
</UL>

<P><STRONG><a name="[44]"></a>cmt2119b_init</STRONG> (Thumb, 80 bytes, Stack size 16 bytes, cmt2119b.o(.text.cmt2119b_init))
<BR><BR>[Stack]<UL><LI>Max Depth = 136<LI>Call Chain = cmt2119b_init &rArr; cmt2119b_config_reg_bank &rArr; cmt2119b_write_reg &rArr; cmt2119b_spi_write_reg &rArr; cmt2119b_sdio_output &rArr; gpio_output_options_set
</UL>
<BR>[Calls]<UL><LI><a href="#[3f]">&gt;&gt;</a>&nbsp;&nbsp;&nbsp;cmt2119b_go_sleep
<LI><a href="#[45]">&gt;&gt;</a>&nbsp;&nbsp;&nbsp;cmt2119b_spi_init
<LI><a href="#[34]">&gt;&gt;</a>&nbsp;&nbsp;&nbsp;cmt2119b_config_reg_bank
</UL>
<BR>[Called By]<UL><LI><a href="#[5b]">&gt;&gt;</a>&nbsp;&nbsp;&nbsp;radio_tx_init
</UL>

<P><STRONG><a name="[46]"></a>cmt2119b_port_init</STRONG> (Thumb, 164 bytes, Stack size 48 bytes, cmt2119b_port.o(.text.cmt2119b_port_init))
<BR><BR>[Stack]<UL><LI>Max Depth = 104<LI>Call Chain = cmt2119b_port_init &rArr; cmt2119b_sdio_output &rArr; gpio_output_options_set
</UL>
<BR>[Calls]<UL><LI><a href="#[49]">&gt;&gt;</a>&nbsp;&nbsp;&nbsp;gpio_output_options_set
<LI><a href="#[48]">&gt;&gt;</a>&nbsp;&nbsp;&nbsp;gpio_mode_set
<LI><a href="#[47]">&gt;&gt;</a>&nbsp;&nbsp;&nbsp;rcu_periph_clock_enable
<LI><a href="#[4c]">&gt;&gt;</a>&nbsp;&nbsp;&nbsp;cmt2119b_sdio_high
<LI><a href="#[4b]">&gt;&gt;</a>&nbsp;&nbsp;&nbsp;cmt2119b_sclk_low
<LI><a href="#[3d]">&gt;&gt;</a>&nbsp;&nbsp;&nbsp;cmt2119b_fcsb_high
<LI><a href="#[35]">&gt;&gt;</a>&nbsp;&nbsp;&nbsp;cmt2119b_csb_high
<LI><a href="#[4a]">&gt;&gt;</a>&nbsp;&nbsp;&nbsp;cmt2119b_sdio_output
</UL>
<BR>[Called By]<UL><LI><a href="#[45]">&gt;&gt;</a>&nbsp;&nbsp;&nbsp;cmt2119b_spi_init
</UL>

<P><STRONG><a name="[4d]"></a>cmt2119b_sclk_high</STRONG> (Thumb, 14 bytes, Stack size 8 bytes, cmt2119b_port.o(.text.cmt2119b_sclk_high))
<BR><BR>[Stack]<UL><LI>Max Depth = 16<LI>Call Chain = cmt2119b_sclk_high &rArr; gpio_bit_set
</UL>
<BR>[Calls]<UL><LI><a href="#[36]">&gt;&gt;</a>&nbsp;&nbsp;&nbsp;gpio_bit_set
</UL>
<BR>[Called By]<UL><LI><a href="#[54]">&gt;&gt;</a>&nbsp;&nbsp;&nbsp;cmt2119b_spi_send
</UL>

<P><STRONG><a name="[4b]"></a>cmt2119b_sclk_low</STRONG> (Thumb, 14 bytes, Stack size 8 bytes, cmt2119b_port.o(.text.cmt2119b_sclk_low))
<BR><BR>[Stack]<UL><LI>Max Depth = 16<LI>Call Chain = cmt2119b_sclk_low &rArr; gpio_bit_reset
</UL>
<BR>[Calls]<UL><LI><a href="#[38]">&gt;&gt;</a>&nbsp;&nbsp;&nbsp;gpio_bit_reset
</UL>
<BR>[Called By]<UL><LI><a href="#[54]">&gt;&gt;</a>&nbsp;&nbsp;&nbsp;cmt2119b_spi_send
<LI><a href="#[46]">&gt;&gt;</a>&nbsp;&nbsp;&nbsp;cmt2119b_port_init
<LI><a href="#[55]">&gt;&gt;</a>&nbsp;&nbsp;&nbsp;cmt2119b_spi_write_fifo
<LI><a href="#[56]">&gt;&gt;</a>&nbsp;&nbsp;&nbsp;cmt2119b_spi_write_reg
<LI><a href="#[45]">&gt;&gt;</a>&nbsp;&nbsp;&nbsp;cmt2119b_spi_init
</UL>

<P><STRONG><a name="[4c]"></a>cmt2119b_sdio_high</STRONG> (Thumb, 14 bytes, Stack size 8 bytes, cmt2119b_port.o(.text.cmt2119b_sdio_high))
<BR><BR>[Stack]<UL><LI>Max Depth = 16<LI>Call Chain = cmt2119b_sdio_high &rArr; gpio_bit_set
</UL>
<BR>[Calls]<UL><LI><a href="#[36]">&gt;&gt;</a>&nbsp;&nbsp;&nbsp;gpio_bit_set
</UL>
<BR>[Called By]<UL><LI><a href="#[54]">&gt;&gt;</a>&nbsp;&nbsp;&nbsp;cmt2119b_spi_send
<LI><a href="#[46]">&gt;&gt;</a>&nbsp;&nbsp;&nbsp;cmt2119b_port_init
<LI><a href="#[56]">&gt;&gt;</a>&nbsp;&nbsp;&nbsp;cmt2119b_spi_write_reg
<LI><a href="#[45]">&gt;&gt;</a>&nbsp;&nbsp;&nbsp;cmt2119b_spi_init
</UL>

<P><STRONG><a name="[4e]"></a>cmt2119b_sdio_input</STRONG> (Thumb, 18 bytes, Stack size 8 bytes, cmt2119b_port.o(.text.cmt2119b_sdio_input))
<BR><BR>[Stack]<UL><LI>Max Depth = 36<LI>Call Chain = cmt2119b_sdio_input &rArr; gpio_mode_set
</UL>
<BR>[Calls]<UL><LI><a href="#[48]">&gt;&gt;</a>&nbsp;&nbsp;&nbsp;gpio_mode_set
</UL>
<BR>[Called By]<UL><LI><a href="#[55]">&gt;&gt;</a>&nbsp;&nbsp;&nbsp;cmt2119b_spi_write_fifo
<LI><a href="#[56]">&gt;&gt;</a>&nbsp;&nbsp;&nbsp;cmt2119b_spi_write_reg
</UL>

<P><STRONG><a name="[4f]"></a>cmt2119b_sdio_low</STRONG> (Thumb, 14 bytes, Stack size 8 bytes, cmt2119b_port.o(.text.cmt2119b_sdio_low))
<BR><BR>[Stack]<UL><LI>Max Depth = 16<LI>Call Chain = cmt2119b_sdio_low &rArr; gpio_bit_reset
</UL>
<BR>[Calls]<UL><LI><a href="#[38]">&gt;&gt;</a>&nbsp;&nbsp;&nbsp;gpio_bit_reset
</UL>
<BR>[Called By]<UL><LI><a href="#[54]">&gt;&gt;</a>&nbsp;&nbsp;&nbsp;cmt2119b_spi_send
</UL>

<P><STRONG><a name="[4a]"></a>cmt2119b_sdio_output</STRONG> (Thumb, 40 bytes, Stack size 24 bytes, cmt2119b_port.o(.text.cmt2119b_sdio_output))
<BR><BR>[Stack]<UL><LI>Max Depth = 56<LI>Call Chain = cmt2119b_sdio_output &rArr; gpio_output_options_set
</UL>
<BR>[Calls]<UL><LI><a href="#[49]">&gt;&gt;</a>&nbsp;&nbsp;&nbsp;gpio_output_options_set
<LI><a href="#[48]">&gt;&gt;</a>&nbsp;&nbsp;&nbsp;gpio_mode_set
</UL>
<BR>[Called By]<UL><LI><a href="#[46]">&gt;&gt;</a>&nbsp;&nbsp;&nbsp;cmt2119b_port_init
<LI><a href="#[55]">&gt;&gt;</a>&nbsp;&nbsp;&nbsp;cmt2119b_spi_write_fifo
<LI><a href="#[56]">&gt;&gt;</a>&nbsp;&nbsp;&nbsp;cmt2119b_spi_write_reg
<LI><a href="#[45]">&gt;&gt;</a>&nbsp;&nbsp;&nbsp;cmt2119b_spi_init
</UL>

<P><STRONG><a name="[50]"></a>cmt2119b_send_packet</STRONG> (Thumb, 134 bytes, Stack size 24 bytes, cmt2119b.o(.text.cmt2119b_send_packet))
<BR><BR>[Stack]<UL><LI>Max Depth = 136<LI>Call Chain = cmt2119b_send_packet &rArr; cmt2119b_clear_interrupt_flags &rArr; cmt2119b_write_reg &rArr; cmt2119b_spi_write_reg &rArr; cmt2119b_sdio_output &rArr; gpio_output_options_set
</UL>
<BR>[Calls]<UL><LI><a href="#[39]">&gt;&gt;</a>&nbsp;&nbsp;&nbsp;cmt2119b_delay_ms
<LI><a href="#[42]">&gt;&gt;</a>&nbsp;&nbsp;&nbsp;cmt2119b_gpio3_read
<LI><a href="#[33]">&gt;&gt;</a>&nbsp;&nbsp;&nbsp;cmt2119b_clear_tx_fifo
<LI><a href="#[31]">&gt;&gt;</a>&nbsp;&nbsp;&nbsp;cmt2119b_clear_interrupt_flags
<LI><a href="#[41]">&gt;&gt;</a>&nbsp;&nbsp;&nbsp;cmt2119b_go_tx
<LI><a href="#[40]">&gt;&gt;</a>&nbsp;&nbsp;&nbsp;cmt2119b_go_stby
<LI><a href="#[51]">&gt;&gt;</a>&nbsp;&nbsp;&nbsp;cmt2119b_write_fifo
<LI><a href="#[3f]">&gt;&gt;</a>&nbsp;&nbsp;&nbsp;cmt2119b_go_sleep
</UL>
<BR>[Called By]<UL><LI><a href="#[5c]">&gt;&gt;</a>&nbsp;&nbsp;&nbsp;radio_tx_send
</UL>

<P><STRONG><a name="[45]"></a>cmt2119b_spi_init</STRONG> (Thumb, 32 bytes, Stack size 8 bytes, cmt2119b_spi.o(.text.cmt2119b_spi_init))
<BR><BR>[Stack]<UL><LI>Max Depth = 112<LI>Call Chain = cmt2119b_spi_init &rArr; cmt2119b_port_init &rArr; cmt2119b_sdio_output &rArr; gpio_output_options_set
</UL>
<BR>[Calls]<UL><LI><a href="#[53]">&gt;&gt;</a>&nbsp;&nbsp;&nbsp;cmt2119b_spi_delay
<LI><a href="#[4c]">&gt;&gt;</a>&nbsp;&nbsp;&nbsp;cmt2119b_sdio_high
<LI><a href="#[4b]">&gt;&gt;</a>&nbsp;&nbsp;&nbsp;cmt2119b_sclk_low
<LI><a href="#[3d]">&gt;&gt;</a>&nbsp;&nbsp;&nbsp;cmt2119b_fcsb_high
<LI><a href="#[35]">&gt;&gt;</a>&nbsp;&nbsp;&nbsp;cmt2119b_csb_high
<LI><a href="#[4a]">&gt;&gt;</a>&nbsp;&nbsp;&nbsp;cmt2119b_sdio_output
<LI><a href="#[46]">&gt;&gt;</a>&nbsp;&nbsp;&nbsp;cmt2119b_port_init
</UL>
<BR>[Called By]<UL><LI><a href="#[44]">&gt;&gt;</a>&nbsp;&nbsp;&nbsp;cmt2119b_init
</UL>

<P><STRONG><a name="[55]"></a>cmt2119b_spi_write_fifo</STRONG> (Thumb, 136 bytes, Stack size 24 bytes, cmt2119b_spi.o(.text.cmt2119b_spi_write_fifo))
<BR><BR>[Stack]<UL><LI>Max Depth = 92<LI>Call Chain = cmt2119b_spi_write_fifo &rArr; cmt2119b_spi_delay_us &rArr; cmt2119b_delay_us &rArr; delay_us &rArr; __aeabi_ui2f &rArr; _float_epilogue
</UL>
<BR>[Calls]<UL><LI><a href="#[52]">&gt;&gt;</a>&nbsp;&nbsp;&nbsp;cmt2119b_spi_delay_us
<LI><a href="#[54]">&gt;&gt;</a>&nbsp;&nbsp;&nbsp;cmt2119b_spi_send
<LI><a href="#[53]">&gt;&gt;</a>&nbsp;&nbsp;&nbsp;cmt2119b_spi_delay
<LI><a href="#[4e]">&gt;&gt;</a>&nbsp;&nbsp;&nbsp;cmt2119b_sdio_input
<LI><a href="#[3e]">&gt;&gt;</a>&nbsp;&nbsp;&nbsp;cmt2119b_fcsb_low
<LI><a href="#[4b]">&gt;&gt;</a>&nbsp;&nbsp;&nbsp;cmt2119b_sclk_low
<LI><a href="#[3d]">&gt;&gt;</a>&nbsp;&nbsp;&nbsp;cmt2119b_fcsb_high
<LI><a href="#[35]">&gt;&gt;</a>&nbsp;&nbsp;&nbsp;cmt2119b_csb_high
<LI><a href="#[4a]">&gt;&gt;</a>&nbsp;&nbsp;&nbsp;cmt2119b_sdio_output
</UL>
<BR>[Called By]<UL><LI><a href="#[51]">&gt;&gt;</a>&nbsp;&nbsp;&nbsp;cmt2119b_write_fifo
</UL>

<P><STRONG><a name="[56]"></a>cmt2119b_spi_write_reg</STRONG> (Thumb, 96 bytes, Stack size 24 bytes, cmt2119b_spi.o(.text.cmt2119b_spi_write_reg))
<BR><BR>[Stack]<UL><LI>Max Depth = 80<LI>Call Chain = cmt2119b_spi_write_reg &rArr; cmt2119b_sdio_output &rArr; gpio_output_options_set
</UL>
<BR>[Calls]<UL><LI><a href="#[54]">&gt;&gt;</a>&nbsp;&nbsp;&nbsp;cmt2119b_spi_send
<LI><a href="#[53]">&gt;&gt;</a>&nbsp;&nbsp;&nbsp;cmt2119b_spi_delay
<LI><a href="#[4e]">&gt;&gt;</a>&nbsp;&nbsp;&nbsp;cmt2119b_sdio_input
<LI><a href="#[37]">&gt;&gt;</a>&nbsp;&nbsp;&nbsp;cmt2119b_csb_low
<LI><a href="#[4c]">&gt;&gt;</a>&nbsp;&nbsp;&nbsp;cmt2119b_sdio_high
<LI><a href="#[4b]">&gt;&gt;</a>&nbsp;&nbsp;&nbsp;cmt2119b_sclk_low
<LI><a href="#[3d]">&gt;&gt;</a>&nbsp;&nbsp;&nbsp;cmt2119b_fcsb_high
<LI><a href="#[35]">&gt;&gt;</a>&nbsp;&nbsp;&nbsp;cmt2119b_csb_high
<LI><a href="#[4a]">&gt;&gt;</a>&nbsp;&nbsp;&nbsp;cmt2119b_sdio_output
</UL>
<BR>[Called By]<UL><LI><a href="#[32]">&gt;&gt;</a>&nbsp;&nbsp;&nbsp;cmt2119b_write_reg
</UL>

<P><STRONG><a name="[51]"></a>cmt2119b_write_fifo</STRONG> (Thumb, 40 bytes, Stack size 16 bytes, cmt2119b.o(.text.cmt2119b_write_fifo))
<BR><BR>[Stack]<UL><LI>Max Depth = 108<LI>Call Chain = cmt2119b_write_fifo &rArr; cmt2119b_spi_write_fifo &rArr; cmt2119b_spi_delay_us &rArr; cmt2119b_delay_us &rArr; delay_us &rArr; __aeabi_ui2f &rArr; _float_epilogue
</UL>
<BR>[Calls]<UL><LI><a href="#[55]">&gt;&gt;</a>&nbsp;&nbsp;&nbsp;cmt2119b_spi_write_fifo
</UL>
<BR>[Called By]<UL><LI><a href="#[50]">&gt;&gt;</a>&nbsp;&nbsp;&nbsp;cmt2119b_send_packet
</UL>

<P><STRONG><a name="[32]"></a>cmt2119b_write_reg</STRONG> (Thumb, 28 bytes, Stack size 16 bytes, cmt2119b.o(.text.cmt2119b_write_reg))
<BR><BR>[Stack]<UL><LI>Max Depth = 96<LI>Call Chain = cmt2119b_write_reg &rArr; cmt2119b_spi_write_reg &rArr; cmt2119b_sdio_output &rArr; gpio_output_options_set
</UL>
<BR>[Calls]<UL><LI><a href="#[56]">&gt;&gt;</a>&nbsp;&nbsp;&nbsp;cmt2119b_spi_write_reg
</UL>
<BR>[Called By]<UL><LI><a href="#[33]">&gt;&gt;</a>&nbsp;&nbsp;&nbsp;cmt2119b_clear_tx_fifo
<LI><a href="#[31]">&gt;&gt;</a>&nbsp;&nbsp;&nbsp;cmt2119b_clear_interrupt_flags
<LI><a href="#[41]">&gt;&gt;</a>&nbsp;&nbsp;&nbsp;cmt2119b_go_tx
<LI><a href="#[40]">&gt;&gt;</a>&nbsp;&nbsp;&nbsp;cmt2119b_go_stby
<LI><a href="#[3f]">&gt;&gt;</a>&nbsp;&nbsp;&nbsp;cmt2119b_go_sleep
<LI><a href="#[34]">&gt;&gt;</a>&nbsp;&nbsp;&nbsp;cmt2119b_config_reg_bank
</UL>

<P><STRONG><a name="[3a]"></a>delay_ms</STRONG> (Thumb, 112 bytes, Stack size 24 bytes, systick.o(.text.delay_ms))
<BR><BR>[Stack]<UL><LI>Max Depth = 44<LI>Call Chain = delay_ms &rArr; __aeabi_ui2f &rArr; _float_epilogue
</UL>
<BR>[Calls]<UL><LI><a href="#[58]">&gt;&gt;</a>&nbsp;&nbsp;&nbsp;__aeabi_f2uiz
<LI><a href="#[57]">&gt;&gt;</a>&nbsp;&nbsp;&nbsp;__aeabi_fmul
<LI><a href="#[29]">&gt;&gt;</a>&nbsp;&nbsp;&nbsp;__aeabi_ui2f
</UL>
<BR>[Called By]<UL><LI><a href="#[22]">&gt;&gt;</a>&nbsp;&nbsp;&nbsp;main
<LI><a href="#[39]">&gt;&gt;</a>&nbsp;&nbsp;&nbsp;cmt2119b_delay_ms
</UL>

<P><STRONG><a name="[3c]"></a>delay_us</STRONG> (Thumb, 112 bytes, Stack size 24 bytes, systick.o(.text.delay_us))
<BR><BR>[Stack]<UL><LI>Max Depth = 44<LI>Call Chain = delay_us &rArr; __aeabi_ui2f &rArr; _float_epilogue
</UL>
<BR>[Calls]<UL><LI><a href="#[58]">&gt;&gt;</a>&nbsp;&nbsp;&nbsp;__aeabi_f2uiz
<LI><a href="#[57]">&gt;&gt;</a>&nbsp;&nbsp;&nbsp;__aeabi_fmul
<LI><a href="#[29]">&gt;&gt;</a>&nbsp;&nbsp;&nbsp;__aeabi_ui2f
</UL>
<BR>[Called By]<UL><LI><a href="#[3b]">&gt;&gt;</a>&nbsp;&nbsp;&nbsp;cmt2119b_delay_us
</UL>

<P><STRONG><a name="[38]"></a>gpio_bit_reset</STRONG> (Thumb, 16 bytes, Stack size 8 bytes, gd32e23x_gpio.o(.text.gpio_bit_reset))
<BR><BR>[Stack]<UL><LI>Max Depth = 8<LI>Call Chain = gpio_bit_reset
</UL>
<BR>[Called By]<UL><LI><a href="#[4f]">&gt;&gt;</a>&nbsp;&nbsp;&nbsp;cmt2119b_sdio_low
<LI><a href="#[3e]">&gt;&gt;</a>&nbsp;&nbsp;&nbsp;cmt2119b_fcsb_low
<LI><a href="#[37]">&gt;&gt;</a>&nbsp;&nbsp;&nbsp;cmt2119b_csb_low
<LI><a href="#[4b]">&gt;&gt;</a>&nbsp;&nbsp;&nbsp;cmt2119b_sclk_low
</UL>

<P><STRONG><a name="[36]"></a>gpio_bit_set</STRONG> (Thumb, 16 bytes, Stack size 8 bytes, gd32e23x_gpio.o(.text.gpio_bit_set))
<BR><BR>[Stack]<UL><LI>Max Depth = 8<LI>Call Chain = gpio_bit_set
</UL>
<BR>[Called By]<UL><LI><a href="#[4d]">&gt;&gt;</a>&nbsp;&nbsp;&nbsp;cmt2119b_sclk_high
<LI><a href="#[4c]">&gt;&gt;</a>&nbsp;&nbsp;&nbsp;cmt2119b_sdio_high
<LI><a href="#[3d]">&gt;&gt;</a>&nbsp;&nbsp;&nbsp;cmt2119b_fcsb_high
<LI><a href="#[35]">&gt;&gt;</a>&nbsp;&nbsp;&nbsp;cmt2119b_csb_high
</UL>

<P><STRONG><a name="[43]"></a>gpio_input_bit_get</STRONG> (Thumb, 42 bytes, Stack size 12 bytes, gd32e23x_gpio.o(.text.gpio_input_bit_get))
<BR><BR>[Stack]<UL><LI>Max Depth = 12<LI>Call Chain = gpio_input_bit_get
</UL>
<BR>[Called By]<UL><LI><a href="#[42]">&gt;&gt;</a>&nbsp;&nbsp;&nbsp;cmt2119b_gpio3_read
</UL>

<P><STRONG><a name="[48]"></a>gpio_mode_set</STRONG> (Thumb, 142 bytes, Stack size 28 bytes, gd32e23x_gpio.o(.text.gpio_mode_set))
<BR><BR>[Stack]<UL><LI>Max Depth = 28<LI>Call Chain = gpio_mode_set
</UL>
<BR>[Called By]<UL><LI><a href="#[4e]">&gt;&gt;</a>&nbsp;&nbsp;&nbsp;cmt2119b_sdio_input
<LI><a href="#[4a]">&gt;&gt;</a>&nbsp;&nbsp;&nbsp;cmt2119b_sdio_output
<LI><a href="#[46]">&gt;&gt;</a>&nbsp;&nbsp;&nbsp;cmt2119b_port_init
</UL>

<P><STRONG><a name="[49]"></a>gpio_output_options_set</STRONG> (Thumb, 138 bytes, Stack size 32 bytes, gd32e23x_gpio.o(.text.gpio_output_options_set))
<BR><BR>[Stack]<UL><LI>Max Depth = 32<LI>Call Chain = gpio_output_options_set
</UL>
<BR>[Called By]<UL><LI><a href="#[4a]">&gt;&gt;</a>&nbsp;&nbsp;&nbsp;cmt2119b_sdio_output
<LI><a href="#[46]">&gt;&gt;</a>&nbsp;&nbsp;&nbsp;cmt2119b_port_init
</UL>

<P><STRONG><a name="[22]"></a>main</STRONG> (Thumb, 40 bytes, Stack size 16 bytes, main.o(.text.main))
<BR><BR>[Stack]<UL><LI>Max Depth = 176<LI>Call Chain = main &rArr; radio_tx_send &rArr; cmt2119b_send_packet &rArr; cmt2119b_clear_interrupt_flags &rArr; cmt2119b_write_reg &rArr; cmt2119b_spi_write_reg &rArr; cmt2119b_sdio_output &rArr; gpio_output_options_set
</UL>
<BR>[Calls]<UL><LI><a href="#[3a]">&gt;&gt;</a>&nbsp;&nbsp;&nbsp;delay_ms
<LI><a href="#[5c]">&gt;&gt;</a>&nbsp;&nbsp;&nbsp;radio_tx_send
<LI><a href="#[5b]">&gt;&gt;</a>&nbsp;&nbsp;&nbsp;radio_tx_init
<LI><a href="#[59]">&gt;&gt;</a>&nbsp;&nbsp;&nbsp;systick_config
<LI><a href="#[5a]">&gt;&gt;</a>&nbsp;&nbsp;&nbsp;test_packet_init
</UL>
<BR>[Address Reference Count : 1]<UL><LI> entry9a.o(.ARM.Collect$$$$0000000B)
</UL>
<P><STRONG><a name="[2d]"></a>nvic_vector_table_set</STRONG> (Thumb, 24 bytes, Stack size 8 bytes, gd32e23x_misc.o(.text.nvic_vector_table_set))
<BR><BR>[Stack]<UL><LI>Max Depth = 8<LI>Call Chain = nvic_vector_table_set
</UL>
<BR>[Called By]<UL><LI><a href="#[23]">&gt;&gt;</a>&nbsp;&nbsp;&nbsp;SystemInit
</UL>

<P><STRONG><a name="[5b]"></a>radio_tx_init</STRONG> (Thumb, 8 bytes, Stack size 8 bytes, radio_tx.o(.text.radio_tx_init))
<BR><BR>[Stack]<UL><LI>Max Depth = 144<LI>Call Chain = radio_tx_init &rArr; cmt2119b_init &rArr; cmt2119b_config_reg_bank &rArr; cmt2119b_write_reg &rArr; cmt2119b_spi_write_reg &rArr; cmt2119b_sdio_output &rArr; gpio_output_options_set
</UL>
<BR>[Calls]<UL><LI><a href="#[44]">&gt;&gt;</a>&nbsp;&nbsp;&nbsp;cmt2119b_init
</UL>
<BR>[Called By]<UL><LI><a href="#[22]">&gt;&gt;</a>&nbsp;&nbsp;&nbsp;main
</UL>

<P><STRONG><a name="[5c]"></a>radio_tx_send</STRONG> (Thumb, 32 bytes, Stack size 24 bytes, radio_tx.o(.text.radio_tx_send))
<BR><BR>[Stack]<UL><LI>Max Depth = 160<LI>Call Chain = radio_tx_send &rArr; cmt2119b_send_packet &rArr; cmt2119b_clear_interrupt_flags &rArr; cmt2119b_write_reg &rArr; cmt2119b_spi_write_reg &rArr; cmt2119b_sdio_output &rArr; gpio_output_options_set
</UL>
<BR>[Calls]<UL><LI><a href="#[50]">&gt;&gt;</a>&nbsp;&nbsp;&nbsp;cmt2119b_send_packet
</UL>
<BR>[Called By]<UL><LI><a href="#[22]">&gt;&gt;</a>&nbsp;&nbsp;&nbsp;main
</UL>

<P><STRONG><a name="[47]"></a>rcu_periph_clock_enable</STRONG> (Thumb, 36 bytes, Stack size 4 bytes, gd32e23x_rcu.o(.text.rcu_periph_clock_enable))
<BR><BR>[Stack]<UL><LI>Max Depth = 4<LI>Call Chain = rcu_periph_clock_enable
</UL>
<BR>[Called By]<UL><LI><a href="#[46]">&gt;&gt;</a>&nbsp;&nbsp;&nbsp;cmt2119b_port_init
</UL>

<P><STRONG><a name="[5e]"></a>systick_clksource_set</STRONG> (Thumb, 40 bytes, Stack size 4 bytes, gd32e23x_misc.o(.text.systick_clksource_set))
<BR><BR>[Stack]<UL><LI>Max Depth = 4<LI>Call Chain = systick_clksource_set
</UL>
<BR>[Called By]<UL><LI><a href="#[59]">&gt;&gt;</a>&nbsp;&nbsp;&nbsp;systick_config
</UL>

<P><STRONG><a name="[59]"></a>systick_config</STRONG> (Thumb, 44 bytes, Stack size 8 bytes, systick.o(.text.systick_config))
<BR><BR>[Stack]<UL><LI>Max Depth = 28<LI>Call Chain = systick_config &rArr; __aeabi_ui2f &rArr; _float_epilogue
</UL>
<BR>[Calls]<UL><LI><a href="#[57]">&gt;&gt;</a>&nbsp;&nbsp;&nbsp;__aeabi_fmul
<LI><a href="#[27]">&gt;&gt;</a>&nbsp;&nbsp;&nbsp;__aeabi_fdiv
<LI><a href="#[29]">&gt;&gt;</a>&nbsp;&nbsp;&nbsp;__aeabi_ui2f
<LI><a href="#[5e]">&gt;&gt;</a>&nbsp;&nbsp;&nbsp;systick_clksource_set
</UL>
<BR>[Called By]<UL><LI><a href="#[22]">&gt;&gt;</a>&nbsp;&nbsp;&nbsp;main
</UL>

<P><STRONG><a name="[2f]"></a>usart_data_receive</STRONG> (Thumb, 16 bytes, Stack size 4 bytes, gd32e23x_usart.o(.text.usart_data_receive))
<BR><BR>[Stack]<UL><LI>Max Depth = 4<LI>Call Chain = usart_data_receive
</UL>
<BR>[Called By]<UL><LI><a href="#[1e]">&gt;&gt;</a>&nbsp;&nbsp;&nbsp;USART0_IRQHandler
</UL>

<P><STRONG><a name="[30]"></a>usart_interrupt_flag_clear</STRONG> (Thumb, 60 bytes, Stack size 8 bytes, gd32e23x_usart.o(.text.usart_interrupt_flag_clear))
<BR><BR>[Stack]<UL><LI>Max Depth = 8<LI>Call Chain = usart_interrupt_flag_clear
</UL>
<BR>[Called By]<UL><LI><a href="#[1e]">&gt;&gt;</a>&nbsp;&nbsp;&nbsp;USART0_IRQHandler
</UL>

<P><STRONG><a name="[2e]"></a>usart_interrupt_flag_get</STRONG> (Thumb, 98 bytes, Stack size 28 bytes, gd32e23x_usart.o(.text.usart_interrupt_flag_get))
<BR><BR>[Stack]<UL><LI>Max Depth = 28<LI>Call Chain = usart_interrupt_flag_get
</UL>
<BR>[Called By]<UL><LI><a href="#[1e]">&gt;&gt;</a>&nbsp;&nbsp;&nbsp;USART0_IRQHandler
</UL>

<P><STRONG><a name="[67]"></a>__scatterload_copy</STRONG> (Thumb, 14 bytes, Stack size unknown bytes, handlers.o(i.__scatterload_copy), UNUSED)

<P><STRONG><a name="[68]"></a>__scatterload_null</STRONG> (Thumb, 2 bytes, Stack size unknown bytes, handlers.o(i.__scatterload_null), UNUSED)

<P><STRONG><a name="[69]"></a>__scatterload_zeroinit</STRONG> (Thumb, 14 bytes, Stack size unknown bytes, handlers.o(i.__scatterload_zeroinit), UNUSED)
<P>
<H3>
Local Symbols
</H3>
<P><STRONG><a name="[5a]"></a>test_packet_init</STRONG> (Thumb, 48 bytes, Stack size 4 bytes, main.o(.text.test_packet_init))
<BR><BR>[Stack]<UL><LI>Max Depth = 4<LI>Call Chain = test_packet_init
</UL>
<BR>[Called By]<UL><LI><a href="#[22]">&gt;&gt;</a>&nbsp;&nbsp;&nbsp;main
</UL>

<P><STRONG><a name="[2c]"></a>system_clock_config</STRONG> (Thumb, 8 bytes, Stack size 8 bytes, system_gd32e23x.o(.text.system_clock_config))
<BR><BR>[Stack]<UL><LI>Max Depth = 24<LI>Call Chain = system_clock_config &rArr; system_clock_72m_hxtal
</UL>
<BR>[Calls]<UL><LI><a href="#[5d]">&gt;&gt;</a>&nbsp;&nbsp;&nbsp;system_clock_72m_hxtal
</UL>
<BR>[Called By]<UL><LI><a href="#[23]">&gt;&gt;</a>&nbsp;&nbsp;&nbsp;SystemInit
</UL>

<P><STRONG><a name="[5d]"></a>system_clock_72m_hxtal</STRONG> (Thumb, 208 bytes, Stack size 16 bytes, system_gd32e23x.o(.text.system_clock_72m_hxtal))
<BR><BR>[Stack]<UL><LI>Max Depth = 16<LI>Call Chain = system_clock_72m_hxtal
</UL>
<BR>[Called By]<UL><LI><a href="#[2c]">&gt;&gt;</a>&nbsp;&nbsp;&nbsp;system_clock_config
</UL>

<P><STRONG><a name="[34]"></a>cmt2119b_config_reg_bank</STRONG> (Thumb, 70 bytes, Stack size 24 bytes, cmt2119b.o(.text.cmt2119b_config_reg_bank))
<BR><BR>[Stack]<UL><LI>Max Depth = 120<LI>Call Chain = cmt2119b_config_reg_bank &rArr; cmt2119b_write_reg &rArr; cmt2119b_spi_write_reg &rArr; cmt2119b_sdio_output &rArr; gpio_output_options_set
</UL>
<BR>[Calls]<UL><LI><a href="#[32]">&gt;&gt;</a>&nbsp;&nbsp;&nbsp;cmt2119b_write_reg
</UL>
<BR>[Called By]<UL><LI><a href="#[44]">&gt;&gt;</a>&nbsp;&nbsp;&nbsp;cmt2119b_init
</UL>

<P><STRONG><a name="[53]"></a>cmt2119b_spi_delay</STRONG> (Thumb, 24 bytes, Stack size 4 bytes, cmt2119b_spi.o(.text.cmt2119b_spi_delay))
<BR><BR>[Stack]<UL><LI>Max Depth = 4<LI>Call Chain = cmt2119b_spi_delay
</UL>
<BR>[Called By]<UL><LI><a href="#[54]">&gt;&gt;</a>&nbsp;&nbsp;&nbsp;cmt2119b_spi_send
<LI><a href="#[55]">&gt;&gt;</a>&nbsp;&nbsp;&nbsp;cmt2119b_spi_write_fifo
<LI><a href="#[56]">&gt;&gt;</a>&nbsp;&nbsp;&nbsp;cmt2119b_spi_write_reg
<LI><a href="#[45]">&gt;&gt;</a>&nbsp;&nbsp;&nbsp;cmt2119b_spi_init
</UL>

<P><STRONG><a name="[54]"></a>cmt2119b_spi_send</STRONG> (Thumb, 90 bytes, Stack size 16 bytes, cmt2119b_spi.o(.text.cmt2119b_spi_send))
<BR><BR>[Stack]<UL><LI>Max Depth = 32<LI>Call Chain = cmt2119b_spi_send &rArr; cmt2119b_sdio_low &rArr; gpio_bit_reset
</UL>
<BR>[Calls]<UL><LI><a href="#[53]">&gt;&gt;</a>&nbsp;&nbsp;&nbsp;cmt2119b_spi_delay
<LI><a href="#[4f]">&gt;&gt;</a>&nbsp;&nbsp;&nbsp;cmt2119b_sdio_low
<LI><a href="#[4d]">&gt;&gt;</a>&nbsp;&nbsp;&nbsp;cmt2119b_sclk_high
<LI><a href="#[4c]">&gt;&gt;</a>&nbsp;&nbsp;&nbsp;cmt2119b_sdio_high
<LI><a href="#[4b]">&gt;&gt;</a>&nbsp;&nbsp;&nbsp;cmt2119b_sclk_low
</UL>
<BR>[Called By]<UL><LI><a href="#[55]">&gt;&gt;</a>&nbsp;&nbsp;&nbsp;cmt2119b_spi_write_fifo
<LI><a href="#[56]">&gt;&gt;</a>&nbsp;&nbsp;&nbsp;cmt2119b_spi_write_reg
</UL>

<P><STRONG><a name="[52]"></a>cmt2119b_spi_delay_us</STRONG> (Thumb, 10 bytes, Stack size 8 bytes, cmt2119b_spi.o(.text.cmt2119b_spi_delay_us))
<BR><BR>[Stack]<UL><LI>Max Depth = 68<LI>Call Chain = cmt2119b_spi_delay_us &rArr; cmt2119b_delay_us &rArr; delay_us &rArr; __aeabi_ui2f &rArr; _float_epilogue
</UL>
<BR>[Calls]<UL><LI><a href="#[3b]">&gt;&gt;</a>&nbsp;&nbsp;&nbsp;cmt2119b_delay_us
</UL>
<BR>[Called By]<UL><LI><a href="#[55]">&gt;&gt;</a>&nbsp;&nbsp;&nbsp;cmt2119b_spi_write_fifo
</UL>
<P>
<H3>
Undefined Global Symbols
</H3><HR></body></html>
