*** Using Compiler 'V6.21', folder: 'D:\_Keil5\ARM\ARMCLANG\Bin'
Rebuild target 'GD32E230C_START'
compiling cmt2119b_port.c...
compiling bsp_usart.c...
compiling cmt2119b.c...
compiling radio_tx.c...
compiling cmt2219b_spi.c...
compiling cmt2219b_port.c...
compiling systick.c...
compiling gd32e23x_it.c...
compiling main.c...
compiling cmt2219b.c...
compiling cmt2119b_spi.c...
assembling startup_gd32e23x.s...
compiling radio_rx.c...
compiling system_gd32e23x.c...
compiling app_tx-rx_config.c...
compiling led_test.c...
App/app_211.c(14): warning: 'extern' variable has an initializer [-Wextern-initializer]
   14 | extern volatile uint8_t tx_buf_data[TEST_PACKET_LEN] = {
      |                         ^
App/app_211.c(119): warning: passing 'volatile uint8_t[32]' (aka 'volatile unsigned char[32]') to parameter of type 'const uint8_t *' (aka 'const unsigned char *') discards qualifiers [-Wincompatible-pointer-types-discards-qualifiers]
  119 |         send_ret = radio_tx_send(tx_buf_data, TEST_PACKET_LEN);
      |                                  ^~~~~~~~~~~
../Hardware/cmt2119b\radio_tx.h(7): note: passing argument to parameter 'buf' here
    7 | uint8_t radio_tx_send(const uint8_t *buf, uint8_t len);
      |                                      ^
App/app_211.c(141): warning: passing 'volatile uint8_t[32]' (aka 'volatile unsigned char[32]') to parameter of type 'const uint8_t *' (aka 'const unsigned char *') discards qualifiers [-Wincompatible-pointer-types-discards-qualifiers]
  141 |     radio_tx_send(tx_buf_data, TEST_PACKET_LEN);
      |                   ^~~~~~~~~~~
../Hardware/cmt2119b\radio_tx.h(7): note: passing argument to parameter 'buf' here
    7 | uint8_t radio_tx_send(const uint8_t *buf, uint8_t len);
      |                                      ^
3 warnings generated.
compiling app_211.c...
compiling app_221.c...
compiling app_key.c...
compiling gd32e23x_dbg.c...
compiling gd32e23x_cmp.c...
compiling gd32e23x_crc.c...
compiling gd32e23x_adc.c...
compiling gd32e23x_dma.c...
compiling gd32e23x_exti.c...
compiling gd32e23x_fwdgt.c...
compiling gd32e23x_pmu.c...
compiling gd32e23x_misc.c...
compiling gd32e23x_gpio.c...
compiling gd32e23x_fmc.c...
compiling gd32e23x_i2c.c...
compiling gd32e23x_rtc.c...
compiling gd32e23x_rcu.c...
compiling gd32e23x_spi.c...
compiling gd32e23x_syscfg.c...
compiling gd32e23x_timer.c...
compiling rf_apply.c...
compiling gd32e23x_wwdgt.c...
compiling rf_config.c...
compiling gd32e23x_usart.c...
compiling rf_uart_set_config.c...
linking...
Program Size: Code=16116 RO-data=708 RW-data=40 ZI-data=5224  
FromELF: creating hex file...
".\output\GD32E230C_START.axf" - 0 Error(s), 3 Warning(s).
Build Time Elapsed:  00:00:04
