Component: Arm Compiler for Embedded 6.21 Tool: armlink [5ec1fa00]

==============================================================================

Section Cross References

    gd32e23x_it.o(.ARM.exidx.text.NMI_Handler) refers to gd32e23x_it.o(.text.NMI_Handler) for [Anonymous Symbol]
    gd32e23x_it.o(.ARM.exidx.text.HardFault_Handler) refers to gd32e23x_it.o(.text.HardFault_Handler) for [Anonymous Symbol]
    gd32e23x_it.o(.ARM.exidx.text.MemManage_Handler) refers to gd32e23x_it.o(.text.MemManage_Handler) for [Anonymous Symbol]
    gd32e23x_it.o(.ARM.exidx.text.BusFault_Handler) refers to gd32e23x_it.o(.text.BusFault_Handler) for [Anonymous Symbol]
    gd32e23x_it.o(.ARM.exidx.text.UsageFault_Handler) refers to gd32e23x_it.o(.text.UsageFault_Handler) for [Anonymous Symbol]
    gd32e23x_it.o(.ARM.exidx.text.SVC_Handler) refers to gd32e23x_it.o(.text.SVC_Handler) for [Anonymous Symbol]
    gd32e23x_it.o(.ARM.exidx.text.DebugMon_Handler) refers to gd32e23x_it.o(.text.DebugMon_Handler) for [Anonymous Symbol]
    gd32e23x_it.o(.ARM.exidx.text.PendSV_Handler) refers to gd32e23x_it.o(.text.PendSV_Handler) for [Anonymous Symbol]
    gd32e23x_it.o(.ARM.exidx.text.SysTick_Handler) refers to gd32e23x_it.o(.text.SysTick_Handler) for [Anonymous Symbol]
    main.o(.text.main) refers to led_test.o(.text.pa15_led_init) for pa15_led_init
    main.o(.text.main) refers to led_test.o(.text.pb9_led_init) for pb9_led_init
    main.o(.text.main) refers to app_211.o(.text.app_211_init) for app_211_init
    main.o(.text.main) refers to systick.o(.text.delay_ms) for delay_ms
    main.o(.text.main) refers to app_221.o(.text.app_221_init) for app_221_init
    main.o(.text.main) refers to app_key.o(.text.key_init) for key_init
    main.o(.text.main) refers to rf_uart_set_config.o(.text.rf_uart_config_restore) for rf_uart_config_restore
    main.o(.text.main) refers to rf_apply.o(.text.rf_test_apply_config) for rf_test_apply_config
    main.o(.text.main) refers to app_tx-rx_config.o(.text.rf_print_tx_rx_real_freq) for rf_print_tx_rx_real_freq
    main.o(.text.main) refers to rf_uart_set_config.o(.text.rf_uart_config_process) for rf_uart_config_process
    main.o(.text.main) refers to app_key.o(.text.get_key_num) for get_key_num
    main.o(.text.main) refers to app_211.o(.text.app_211_send_test_data) for app_211_send_test_data
    main.o(.ARM.exidx.text.main) refers to main.o(.text.main) for [Anonymous Symbol]
    systick.o(.text.systick_config) refers to gd32e23x_misc.o(.text.systick_clksource_set) for systick_clksource_set
    systick.o(.text.systick_config) refers to ffltui.o(.text) for __aeabi_ui2f
    systick.o(.text.systick_config) refers to fdiv.o(.text) for __aeabi_fdiv
    systick.o(.text.systick_config) refers to fmul.o(.text) for __aeabi_fmul
    systick.o(.text.systick_config) refers to system_gd32e23x.o(.data.SystemCoreClock) for SystemCoreClock
    systick.o(.text.systick_config) refers to systick.o(.bss.count_1us) for [Anonymous Symbol]
    systick.o(.text.systick_config) refers to systick.o(.bss.count_1ms) for [Anonymous Symbol]
    systick.o(.ARM.exidx.text.systick_config) refers to systick.o(.text.systick_config) for [Anonymous Symbol]
    systick.o(.text.delay_1us) refers to ffltui.o(.text) for __aeabi_ui2f
    systick.o(.text.delay_1us) refers to fmul.o(.text) for __aeabi_fmul
    systick.o(.text.delay_1us) refers to ffixui.o(.text) for __aeabi_f2uiz
    systick.o(.text.delay_1us) refers to systick.o(.bss.count_1us) for [Anonymous Symbol]
    systick.o(.ARM.exidx.text.delay_1us) refers to systick.o(.text.delay_1us) for [Anonymous Symbol]
    systick.o(.text.delay_us) refers to ffltui.o(.text) for __aeabi_ui2f
    systick.o(.text.delay_us) refers to fmul.o(.text) for __aeabi_fmul
    systick.o(.text.delay_us) refers to ffixui.o(.text) for __aeabi_f2uiz
    systick.o(.text.delay_us) refers to systick.o(.bss.count_1us) for [Anonymous Symbol]
    systick.o(.ARM.exidx.text.delay_us) refers to systick.o(.text.delay_us) for [Anonymous Symbol]
    systick.o(.text.delay_1ms) refers to ffltui.o(.text) for __aeabi_ui2f
    systick.o(.text.delay_1ms) refers to fmul.o(.text) for __aeabi_fmul
    systick.o(.text.delay_1ms) refers to ffixui.o(.text) for __aeabi_f2uiz
    systick.o(.text.delay_1ms) refers to systick.o(.bss.count_1ms) for [Anonymous Symbol]
    systick.o(.ARM.exidx.text.delay_1ms) refers to systick.o(.text.delay_1ms) for [Anonymous Symbol]
    systick.o(.text.delay_ms) refers to ffltui.o(.text) for __aeabi_ui2f
    systick.o(.text.delay_ms) refers to fmul.o(.text) for __aeabi_fmul
    systick.o(.text.delay_ms) refers to ffixui.o(.text) for __aeabi_f2uiz
    systick.o(.text.delay_ms) refers to systick.o(.bss.count_1ms) for [Anonymous Symbol]
    systick.o(.ARM.exidx.text.delay_ms) refers to systick.o(.text.delay_ms) for [Anonymous Symbol]
    bsp_usart.o(.text.usart_gpio_config) refers to gd32e23x_rcu.o(.text.rcu_periph_clock_enable) for rcu_periph_clock_enable
[...]
    __arm_cp.7_1                             0x08002978   Number         4  gd32e23x_misc.o(.text.nvic_vector_table_set)
    [Anonymous Symbol]                       0x0800297c   Section        0  led_test.o(.text.pa15_led_init)
    __arm_cp.0_0                             0x080029b4   Number         4  led_test.o(.text.pa15_led_init)
    [Anonymous Symbol]                       0x080029b8   Section        0  led_test.o(.text.pb9_led_init)
    __arm_cp.1_0                             0x080029f0   Number         4  led_test.o(.text.pb9_led_init)
    __arm_cp.1_1                             0x080029f4   Number         4  led_test.o(.text.pb9_led_init)
    [Anonymous Symbol]                       0x080029f8   Section        0  app_211.o(.text.print_buf)
    __arm_cp.1_0                             0x08002a3c   Number         4  app_211.o(.text.print_buf)
    __arm_cp.1_1                             0x08002a40   Number         4  app_211.o(.text.print_buf)
    [Anonymous Symbol]                       0x08002a44   Section        0  radio_rx.o(.text.radio_rx_init)
    [Anonymous Symbol]                       0x08002aaa   Section        0  radio_rx.o(.text.radio_rx_set_channel)
    [Anonymous Symbol]                       0x08002ad4   Section        0  radio_rx.o(.text.radio_rx_set_frequency_step)
    [Anonymous Symbol]                       0x08002afe   Section        0  radio_tx.o(.text.radio_tx_init)
    [Anonymous Symbol]                       0x08002b38   Section        0  radio_tx.o(.text.radio_tx_send)
    [Anonymous Symbol]                       0x08002b58   Section        0  radio_tx.o(.text.radio_tx_set_channel)
    [Anonymous Symbol]                       0x08002b76   Section        0  radio_tx.o(.text.radio_tx_set_frequency_step)
    [Anonymous Symbol]                       0x08002b94   Section        0  gd32e23x_rcu.o(.text.rcu_clock_freq_get)
    __arm_cp.38_0                            0x08002dec   Number         4  gd32e23x_rcu.o(.text.rcu_clock_freq_get)
    __arm_cp.38_1                            0x08002df0   Number         4  gd32e23x_rcu.o(.text.rcu_clock_freq_get)
    __arm_cp.38_2                            0x08002df4   Number         4  gd32e23x_rcu.o(.text.rcu_clock_freq_get)
    __arm_cp.38_3                            0x08002df8   Number         4  gd32e23x_rcu.o(.text.rcu_clock_freq_get)
    __arm_cp.38_4                            0x08002dfc   Number         4  gd32e23x_rcu.o(.text.rcu_clock_freq_get)
    __arm_cp.38_5                            0x08002e00   Number         4  gd32e23x_rcu.o(.text.rcu_clock_freq_get)
    __arm_cp.38_6                            0x08002e04   Number         4  gd32e23x_rcu.o(.text.rcu_clock_freq_get)
    __arm_cp.38_7                            0x08002e08   Number         4  gd32e23x_rcu.o(.text.rcu_clock_freq_get)
    __arm_cp.38_8                            0x08002e0c   Number         4  gd32e23x_rcu.o(.text.rcu_clock_freq_get)
    [Anonymous Symbol]                       0x08002e10   Section        0  gd32e23x_rcu.o(.text.rcu_periph_clock_enable)
    [Anonymous Symbol]                       0x08002e34   Section        0  gd32e23x_rcu.o(.text.rcu_periph_reset_disable)
    [Anonymous Symbol]                       0x08002e58   Section        0  gd32e23x_rcu.o(.text.rcu_periph_reset_enable)
    __arm_cp.5_0                             0x08002e7c   Number         4  gd32e23x_rcu.o(.text.rcu_periph_reset_enable)
    rf_build_default_flash_config            0x08002e81   Thumb Code    96  rf_uart_set_config.o(.text.rf_build_default_flash_config)
    [Anonymous Symbol]                       0x08002e80   Section        0  rf_uart_set_config.o(.text.rf_build_default_flash_config)
    __arm_cp.2_0                             0x08002ee0   Number         4  rf_uart_set_config.o(.text.rf_build_default_flash_config)
    rf_build_one_config                      0x08002ee5   Thumb Code   100  rf_uart_set_config.o(.text.rf_build_one_config)
    [Anonymous Symbol]                       0x08002ee4   Section        0  rf_uart_set_config.o(.text.rf_build_one_config)
    rf_calc_freq_hz                          0x08002f49   Thumb Code    32  app_tx-rx_config.o(.text.rf_calc_freq_hz)
    [Anonymous Symbol]                       0x08002f48   Section        0  app_tx-rx_config.o(.text.rf_calc_freq_hz)
    __arm_cp.1_0                             0x08002f68   Number         4  app_tx-rx_config.o(.text.rf_calc_freq_hz)
    __arm_cp.1_1                             0x08002f6c   Number         4  app_tx-rx_config.o(.text.rf_calc_freq_hz)
    [Anonymous Symbol]                       0x08002f70   Section        0  rf_apply.o(.text.rf_config_apply)
    __arm_cp.0_0                             0x08002ff0   Number         4  rf_apply.o(.text.rf_config_apply)
    __arm_cp.0_1                             0x08002ff4   Number         4  rf_apply.o(.text.rf_config_apply)
    __arm_cp.0_2                             0x08002ff8   Number         4  rf_apply.o(.text.rf_config_apply)
    [Anonymous Symbol]                       0x08002ffc   Section        0  rf_config.o(.text.rf_config_check)
    __arm_cp.0_0                             0x080030d4   Number         4  rf_config.o(.text.rf_config_check)
    __arm_cp.0_1                             0x080030d8   Number         4  rf_config.o(.text.rf_config_check)
    __arm_cp.0_2                             0x080030dc   Number         4  rf_config.o(.text.rf_config_check)
    [Anonymous Symbol]                       0x080030e0   Section        0  rf_config.o(.text.rf_crc16_calc)
    __arm_cp.1_0                             0x08003180   Number         4  rf_config.o(.text.rf_crc16_calc)
    __arm_cp.1_1                             0x08003184   Number         4  rf_config.o(.text.rf_crc16_calc)
    rf_execute_command                       0x08003189   Thumb Code   312  rf_uart_set_config.o(.text.rf_execute_command)
    [Anonymous Symbol]                       0x08003188   Section        0  rf_uart_set_config.o(.text.rf_execute_command)
    __arm_cp.5_0                             0x080032c0   Number         4  rf_uart_set_config.o(.text.rf_execute_command)
    rf_expect_char                           0x080032c5   Thumb Code    78  rf_uart_set_config.o(.text.rf_expect_char)
    [Anonymous Symbol]                       0x080032c4   Section        0  rf_uart_set_config.o(.text.rf_expect_char)
    rf_flash_config_read                     0x08003315   Thumb Code    60  rf_uart_set_config.o(.text.rf_flash_config_read)
    [Anonymous Symbol]                       0x08003314   Section        0  rf_uart_set_config.o(.text.rf_flash_config_read)
    rf_flash_config_write                    0x08003351   Thumb Code   252  rf_uart_set_config.o(.text.rf_flash_config_write)
    [Anonymous Symbol]                       0x08003350   Section        0  rf_uart_set_config.o(.text.rf_flash_config_write)
    __arm_cp.10_1                            0x0800344c   Number         4  rf_uart_set_config.o(.text.rf_flash_config_write)
    rf_flash_record_check                    0x08003451   Thumb Code   200  rf_uart_set_config.o(.text.rf_flash_record_check)
    [Anonymous Symbol]                       0x08003450   Section        0  rf_uart_set_config.o(.text.rf_flash_record_check)
    __arm_cp.6_0                             0x08003518   Number         4  rf_uart_set_config.o(.text.rf_flash_record_check)
    [Anonymous Symbol]                       0x0800351c   Section        0  app_tx-rx_config.o(.text.rf_get_tx_rx_real_freq)
    rf_parse_command                         0x080035a5   Thumb Code   396  rf_uart_set_config.o(.text.rf_parse_command)
    [Anonymous Symbol]                       0x080035a4   Section        0  rf_uart_set_config.o(.text.rf_parse_command)
    rf_parse_uint8                           0x08003731   Thumb Code   192  rf_uart_set_config.o(.text.rf_parse_uint8)
    [Anonymous Symbol]                       0x08003730   Section        0  rf_uart_set_config.o(.text.rf_parse_uint8)
    [Anonymous Symbol]                       0x080037f0   Section        0  app_tx-rx_config.o(.text.rf_print_tx_rx_real_freq)
    __arm_cp.2_0                             0x08003828   Number         4  app_tx-rx_config.o(.text.rf_print_tx_rx_real_freq)
    __arm_cp.2_1                             0x0800382c   Number         4  app_tx-rx_config.o(.text.rf_print_tx_rx_real_freq)
    [Anonymous Symbol]                       0x08003830   Section        0  rf_apply.o(.text.rf_test_apply_config)
    __arm_cp.1_0                             0x080038a8   Number         4  rf_apply.o(.text.rf_test_apply_config)
    __arm_cp.1_1                             0x080038ac   Number         4  rf_apply.o(.text.rf_test_apply_config)
    __arm_cp.1_2                             0x080038b0   Number         4  rf_apply.o(.text.rf_test_apply_config)
    __arm_cp.1_3                             0x080038b4   Number         4  rf_apply.o(.text.rf_test_apply_config)
    [Anonymous Symbol]                       0x080038b8   Section        0  rf_uart_set_config.o(.text.rf_uart_config_process)
    __arm_cp.3_0                             0x080039dc   Number         4  rf_uart_set_config.o(.text.rf_uart_config_process)
    __arm_cp.3_1                             0x080039e0   Number         4  rf_uart_set_config.o(.text.rf_uart_config_process)
    __arm_cp.3_2                             0x080039e4   Number         4  rf_uart_set_config.o(.text.rf_uart_config_process)
    __arm_cp.3_3                             0x080039e8   Number         4  rf_uart_set_config.o(.text.rf_uart_config_process)
    __arm_cp.3_4                             0x080039ec   Number         4  rf_uart_set_config.o(.text.rf_uart_config_process)
    [Anonymous Symbol]                       0x080039f0   Section        0  rf_uart_set_config.o(.text.rf_uart_config_restore)
    __arm_cp.0_0                             0x08003a48   Number         4  rf_uart_set_config.o(.text.rf_uart_config_restore)
    [Anonymous Symbol]                       0x08003a4c   Section        0  gd32e23x_spi.o(.text.spi_disable)
    [Anonymous Symbol]                       0x08003a5e   Section        0  gd32e23x_spi.o(.text.spi_enable)
    [Anonymous Symbol]                       0x08003a70   Section        0  gd32e23x_spi.o(.text.spi_fifo_access_size_config)
    [Anonymous Symbol]                       0x08003a94   Section        0  gd32e23x_spi.o(.text.spi_i2s_data_transmit)
    [Anonymous Symbol]                       0x08003ae0   Section        0  gd32e23x_spi.o(.text.spi_i2s_deinit)
    __arm_cp.0_2                             0x08003b24   Number         4  gd32e23x_spi.o(.text.spi_i2s_deinit)
    [Anonymous Symbol]                       0x08003b28   Section        0  gd32e23x_spi.o(.text.spi_i2s_flag_get)
    __arm_cp.38_0                            0x08003ba4   Number         4  gd32e23x_spi.o(.text.spi_i2s_flag_get)
    [Anonymous Symbol]                       0x08003ba8   Section        0  gd32e23x_spi.o(.text.spi_init)
    __arm_cp.2_0                             0x08003cd4   Number         4  gd32e23x_spi.o(.text.spi_init)
    __arm_cp.2_1                             0x08003cd8   Number         4  gd32e23x_spi.o(.text.spi_init)
    [Anonymous Symbol]                       0x08003cdc   Section        0  gd32e23x_spi.o(.text.spi_struct_para_init)
    system_clock_72m_irc8m                   0x08003d05   Thumb Code   204  system_gd32e23x.o(.text.system_clock_72m_irc8m)
    [Anonymous Symbol]                       0x08003d04   Section        0  system_gd32e23x.o(.text.system_clock_72m_irc8m)
    __arm_cp.3_0                             0x08003dd0   Number         4  system_gd32e23x.o(.text.system_clock_72m_irc8m)
    __arm_cp.3_1                             0x08003dd4   Number         4  system_gd32e23x.o(.text.system_clock_72m_irc8m)
    __arm_cp.3_2                             0x08003dd8   Number         4  system_gd32e23x.o(.text.system_clock_72m_irc8m)
    __arm_cp.3_3                             0x08003ddc   Number         4  system_gd32e23x.o(.text.system_clock_72m_irc8m)
    __arm_cp.3_4                             0x08003de0   Number         4  system_gd32e23x.o(.text.system_clock_72m_irc8m)
    system_clock_config                      0x08003de5   Thumb Code     8  system_gd32e23x.o(.text.system_clock_config)
    [Anonymous Symbol]                       0x08003de4   Section        0  system_gd32e23x.o(.text.system_clock_config)
    [Anonymous Symbol]                       0x08003dec   Section        0  gd32e23x_misc.o(.text.systick_clksource_set)
    __arm_cp.10_0                            0x08003e14   Number         4  gd32e23x_misc.o(.text.systick_clksource_set)
    [Anonymous Symbol]                       0x08003e18   Section        0  systick.o(.text.systick_config)
    __arm_cp.0_0                             0x08003e44   Number         4  systick.o(.text.systick_config)
    __arm_cp.0_1                             0x08003e48   Number         4  systick.o(.text.systick_config)
    __arm_cp.0_2                             0x08003e4c   Number         4  systick.o(.text.systick_config)
    __arm_cp.0_3                             0x08003e50   Number         4  systick.o(.text.systick_config)
    __arm_cp.0_4                             0x08003e54   Number         4  systick.o(.text.systick_config)
    [Anonymous Symbol]                       0x08003e58   Section        0  gd32e23x_usart.o(.text.usart_baudrate_set)
    __arm_cp.1_2                             0x08003f04   Number         4  gd32e23x_usart.o(.text.usart_baudrate_set)
    [Anonymous Symbol]                       0x08003f08   Section        0  gd32e23x_usart.o(.text.usart_deinit)
    __arm_cp.0_0                             0x08003f4c   Number         4  gd32e23x_usart.o(.text.usart_deinit)
    __arm_cp.0_2                             0x08003f50   Number         4  gd32e23x_usart.o(.text.usart_deinit)
    __arm_cp.0_3                             0x08003f54   Number         4  gd32e23x_usart.o(.text.usart_deinit)
    [Anonymous Symbol]                       0x08003f58   Section        0  gd32e23x_usart.o(.text.usart_dma_receive_config)
    [Anonymous Symbol]                       0x08003f76   Section        0  gd32e23x_usart.o(.text.usart_dma_transmit_config)
    [Anonymous Symbol]                       0x08003f94   Section        0  gd32e23x_usart.o(.text.usart_enable)
    [Anonymous Symbol]                       0x08003fa6   Section        0  gd32e23x_usart.o(.text.usart_flag_get)
    [Anonymous Symbol]                       0x08003fe4   Section        0  bsp_usart.o(.text.usart_gpio_config)
    __arm_cp.0_0                             0x080040d0   Number         4  bsp_usart.o(.text.usart_gpio_config)
    __arm_cp.0_1                             0x080040d4   Number         4  bsp_usart.o(.text.usart_gpio_config)
    __arm_cp.0_2                             0x080040d8   Number         4  bsp_usart.o(.text.usart_gpio_config)
    [Anonymous Symbol]                       0x080040dc   Section        0  gd32e23x_usart.o(.text.usart_interrupt_disable)
    [Anonymous Symbol]                       0x080040fe   Section        0  gd32e23x_usart.o(.text.usart_interrupt_enable)
    [Anonymous Symbol]                       0x08004120   Section        0  gd32e23x_usart.o(.text.usart_interrupt_flag_clear)
    __arm_cp.73_0                            0x0800415c   Number         4  gd32e23x_usart.o(.text.usart_interrupt_flag_clear)
    [Anonymous Symbol]                       0x08004160   Section        0  gd32e23x_usart.o(.text.usart_interrupt_flag_get)
    [Anonymous Symbol]                       0x080041c2   Section        0  gd32e23x_usart.o(.text.usart_parity_config)
    [Anonymous Symbol]                       0x080041ec   Section        0  gd32e23x_usart.o(.text.usart_receive_config)
    usart_rx_dma_init                        0x0800420d   Thumb Code    96  bsp_usart.o(.text.usart_rx_dma_init)
    [Anonymous Symbol]                       0x0800420c   Section        0  bsp_usart.o(.text.usart_rx_dma_init)
    __arm_cp.1_0                             0x0800426c   Number         4  bsp_usart.o(.text.usart_rx_dma_init)
    __arm_cp.1_2                             0x08004270   Number         4  bsp_usart.o(.text.usart_rx_dma_init)
    usart_rx_dma_restart                     0x08004275   Thumb Code    48  bsp_usart.o(.text.usart_rx_dma_restart)
    [Anonymous Symbol]                       0x08004274   Section        0  bsp_usart.o(.text.usart_rx_dma_restart)
    __arm_cp.8_0                             0x080042a4   Number         4  bsp_usart.o(.text.usart_rx_dma_restart)
    [Anonymous Symbol]                       0x080042a8   Section        0  bsp_usart.o(.text.usart_send_buffer)
    __arm_cp.2_3                             0x08004350   Number         4  bsp_usart.o(.text.usart_send_buffer)
    [Anonymous Symbol]                       0x08004354   Section        0  bsp_usart.o(.text.usart_send_data)
    [Anonymous Symbol]                       0x08004368   Section        0  bsp_usart.o(.text.usart_send_string)
    [Anonymous Symbol]                       0x080043a4   Section        0  gd32e23x_usart.o(.text.usart_stop_bit_set)
    [Anonymous Symbol]                       0x080043ce   Section        0  gd32e23x_usart.o(.text.usart_transmit_config)
    usart_tx_dma_complete                    0x080043ed   Thumb Code    52  bsp_usart.o(.text.usart_tx_dma_complete)
    [Anonymous Symbol]                       0x080043ec   Section        0  bsp_usart.o(.text.usart_tx_dma_complete)
    usart_tx_dma_start                       0x08004421   Thumb Code   208  bsp_usart.o(.text.usart_tx_dma_start)
    [Anonymous Symbol]                       0x08004420   Section        0  bsp_usart.o(.text.usart_tx_dma_start)
    __arm_cp.3_0                             0x080044f0   Number         4  bsp_usart.o(.text.usart_tx_dma_start)
    __arm_cp.3_1                             0x080044f4   Number         4  bsp_usart.o(.text.usart_tx_dma_start)
    __arm_cp.3_2                             0x080044f8   Number         4  bsp_usart.o(.text.usart_tx_dma_start)
    __arm_cp.3_3                             0x080044fc   Number         4  bsp_usart.o(.text.usart_tx_dma_start)
    __arm_cp.3_4                             0x08004500   Number         4  bsp_usart.o(.text.usart_tx_dma_start)
    __arm_cp.3_5                             0x08004504   Number         4  bsp_usart.o(.text.usart_tx_dma_start)
    __arm_cp.3_6                             0x08004508   Number         4  bsp_usart.o(.text.usart_tx_dma_start)
    [Anonymous Symbol]                       0x0800450c   Section        0  gd32e23x_usart.o(.text.usart_word_length_set)
    i.__0printf                              0x08004538   Section        0  printfa.o(i.__0printf)
    i.__ARM_clz                              0x08004558   Section        0  depilogue.o(i.__ARM_clz)
    i.__scatterload_copy                     0x08004586   Section       14  handlers.o(i.__scatterload_copy)
    i.__scatterload_null                     0x08004594   Section        2  handlers.o(i.__scatterload_null)
    i.__scatterload_zeroinit                 0x08004596   Section       14  handlers.o(i.__scatterload_zeroinit)
    _fp_digits                               0x080045a5   Thumb Code   344  printfa.o(i._fp_digits)
    i._fp_digits                             0x080045a4   Section        0  printfa.o(i._fp_digits)
    _printf_core                             0x08004719   Thumb Code  1754  printfa.o(i._printf_core)
    i._printf_core                           0x08004718   Section        0  printfa.o(i._printf_core)
    _printf_post_padding                     0x08004e05   Thumb Code    32  printfa.o(i._printf_post_padding)
    i._printf_post_padding                   0x08004e04   Section        0  printfa.o(i._printf_post_padding)
    _printf_pre_padding                      0x08004e25   Thumb Code    44  printfa.o(i._printf_pre_padding)
    i._printf_pre_padding                    0x08004e24   Section        0  printfa.o(i._printf_pre_padding)
    g_cmt2119b_baseband_bank                 0x08004e50   Data          29  cmt2119b.o(.rodata.g_cmt2119b_baseband_bank)
    [Anonymous Symbol]                       0x08004e50   Section        0  cmt2119b.o(.rodata.g_cmt2119b_baseband_bank)
    g_cmt2119b_cmt_bank                      0x08004e6d   Data          12  cmt2119b.o(.rodata.g_cmt2119b_cmt_bank)
    [Anonymous Symbol]                       0x08004e6d   Section        0  cmt2119b.o(.rodata.g_cmt2119b_cmt_bank)
    g_cmt2119b_data_rate_bank                0x08004e79   Data          24  cmt2119b.o(.rodata.g_cmt2119b_data_rate_bank)
    [Anonymous Symbol]                       0x08004e79   Section        0  cmt2119b.o(.rodata.g_cmt2119b_data_rate_bank)
    g_cmt2119b_frequency_bank                0x08004e91   Data           8  cmt2119b.o(.rodata.g_cmt2119b_frequency_bank)
    [Anonymous Symbol]                       0x08004e91   Section        0  cmt2119b.o(.rodata.g_cmt2119b_frequency_bank)
    g_cmt2119b_system_bank                   0x08004e99   Data          12  cmt2119b.o(.rodata.g_cmt2119b_system_bank)
    [Anonymous Symbol]                       0x08004e99   Section        0  cmt2119b.o(.rodata.g_cmt2119b_system_bank)
    g_cmt2119b_tx_bank                       0x08004ea5   Data          11  cmt2119b.o(.rodata.g_cmt2119b_tx_bank)
    [Anonymous Symbol]                       0x08004ea5   Section        0  cmt2119b.o(.rodata.g_cmt2119b_tx_bank)
    g_cmt2219b_baseband_bank                 0x08004eb0   Data          29  cmt2219b.o(.rodata.g_cmt2219b_baseband_bank)
    [Anonymous Symbol]                       0x08004eb0   Section        0  cmt2219b.o(.rodata.g_cmt2219b_baseband_bank)
    g_cmt2219b_cmt_bank                      0x08004ecd   Data          12  cmt2219b.o(.rodata.g_cmt2219b_cmt_bank)
    [Anonymous Symbol]                       0x08004ecd   Section        0  cmt2219b.o(.rodata.g_cmt2219b_cmt_bank)
    g_cmt2219b_data_rate_bank                0x08004ed9   Data          24  cmt2219b.o(.rodata.g_cmt2219b_data_rate_bank)
    [Anonymous Symbol]                       0x08004ed9   Section        0  cmt2219b.o(.rodata.g_cmt2219b_data_rate_bank)
    g_cmt2219b_frequency_bank                0x08004ef1   Data           8  cmt2219b.o(.rodata.g_cmt2219b_frequency_bank)
    [Anonymous Symbol]                       0x08004ef1   Section        0  cmt2219b.o(.rodata.g_cmt2219b_frequency_bank)
    g_cmt2219b_lbd_bank                      0x08004ef9   Data           1  cmt2219b.o(.rodata.g_cmt2219b_lbd_bank)
    [Anonymous Symbol]                       0x08004ef9   Section        0  cmt2219b.o(.rodata.g_cmt2219b_lbd_bank)
    g_cmt2219b_system_bank                   0x08004efa   Data          12  cmt2219b.o(.rodata.g_cmt2219b_system_bank)
    [Anonymous Symbol]                       0x08004efa   Section        0  cmt2219b.o(.rodata.g_cmt2219b_system_bank)
    g_cmt2219b_tx_bank                       0x08004f06   Data          10  cmt2219b.o(.rodata.g_cmt2219b_tx_bank)
    [Anonymous Symbol]                       0x08004f06   Section        0  cmt2219b.o(.rodata.g_cmt2219b_tx_bank)
    [Anonymous Symbol]                       0x08004f10   Section        0  app_211.o(.rodata.str1.1)
    [Anonymous Symbol]                       0x08004f6d   Section        0  app_221.o(.rodata.str1.1)
    [Anonymous Symbol]                       0x08004fdd   Section        0  app_tx-rx_config.o(.rodata.str1.1)
    [Anonymous Symbol]                       0x08005077   Section        0  rf_apply.o(.rodata.str1.1)
    .data                                    0x20000000   Section        4  stdout.o(.data)
    count_1ms                                0x20000028   Data           4  systick.o(.bss.count_1ms)
    [Anonymous Symbol]                       0x20000028   Section        0  systick.o(.bss.count_1ms)
    count_1us                                0x2000002c   Data           4  systick.o(.bss.count_1us)
    [Anonymous Symbol]                       0x2000002c   Section        0  systick.o(.bss.count_1us)
    g_rf_saved_config                        0x20001034   Data          44  rf_uart_set_config.o(.bss.g_rf_saved_config)
    [Anonymous Symbol]                       0x20001034   Section        0  rf_uart_set_config.o(.bss.g_rf_saved_config)
    g_usart_rx_dma_buffer                    0x20001064   Data         128  bsp_usart.o(.bss.g_usart_rx_dma_buffer)
    [Anonymous Symbol]                       0x20001064   Section        0  bsp_usart.o(.bss.g_usart_rx_dma_buffer)
    g_usart_tx_dma_busy                      0x200010e8   Data           1  bsp_usart.o(.bss.g_usart_tx_dma_busy)
    [Anonymous Symbol]                       0x200010e8   Section        0  bsp_usart.o(.bss.g_usart_tx_dma_busy)
    g_usart_tx_dma_length                    0x200010ea   Data           2  bsp_usart.o(.bss.g_usart_tx_dma_length)
    [Anonymous Symbol]                       0x200010ea   Section        0  bsp_usart.o(.bss.g_usart_tx_dma_length)
    g_usart_tx_queue                         0x200010f0   Data         512  bsp_usart.o(.bss.g_usart_tx_queue)
    [Anonymous Symbol]                       0x200010f0   Section        0  bsp_usart.o(.bss.g_usart_tx_queue)
    g_usart_tx_read                          0x200012f0   Data           2  bsp_usart.o(.bss.g_usart_tx_read)
    [Anonymous Symbol]                       0x200012f0   Section        0  bsp_usart.o(.bss.g_usart_tx_read)
    g_usart_tx_write                         0x200012f2   Data           2  bsp_usart.o(.bss.g_usart_tx_write)
    [Anonymous Symbol]                       0x200012f2   Section        0  bsp_usart.o(.bss.g_usart_tx_write)
    rx_ok                                    0x200012f4   Data           1  app_221.o(.bss.rx_ok)
    [Anonymous Symbol]                       0x200012f4   Section        0  app_221.o(.bss.rx_ok)
    send_ret                                 0x200012f5   Data           1  app_211.o(.bss.send_ret)
    [Anonymous Symbol]                       0x200012f5   Section        0  app_211.o(.bss.send_ret)
    tx_count                                 0x200012f8   Data           4  app_211.o(.bss.tx_count)
    [Anonymous Symbol]                       0x200012f8   Section        0  app_211.o(.bss.tx_count)
    tx_ok                                    0x200012fc   Data           1  app_211.o(.bss.tx_ok)
    [Anonymous Symbol]                       0x200012fc   Section        0  app_211.o(.bss.tx_ok)
    STACK                                    0x20001300   Section     1024  startup_gd32e23x.o(STACK)

    Global Symbols

    Symbol Name                              Value     Ov Type        Size  Object(Section)

    BuildAttributes$$THM_ISAv3M$S$8M$PE$A:L22$X:L11$S22$IEEE1$IW$~IW$USESV6$~STKCKD$USESV7$~SHL$OTIME$ROPI$EBA8$MICROLIB$REQ8$PRES8$EABIv2 0x00000000   Number         0  anon$$obj.o ABSOLUTE
    __cpp_initialize__aeabi_                  - Undefined Weak Reference
    __cxa_finalize                            - Undefined Weak Reference
    __decompress                              - Undefined Weak Reference
    _clock_init                               - Undefined Weak Reference
    _microlib_exit                            - Undefined Weak Reference
    __Vectors_Size                           0x000000cc   Number         0  startup_gd32e23x.o ABSOLUTE
    __Vectors                                0x08000000   Data           4  startup_gd32e23x.o(RESET)
    __Vectors_End                            0x080000cc   Data           0  startup_gd32e23x.o(RESET)
    __main                                   0x080000cd   Thumb Code     0  entry.o(.ARM.Collect$$$$00000000)
    _main_stk                                0x080000cd   Thumb Code     0  entry2.o(.ARM.Collect$$$$00000001)
    _main_scatterload                        0x080000d1   Thumb Code     0  entry5.o(.ARM.Collect$$$$00000004)
    __main_after_scatterload                 0x080000d5   Thumb Code     0  entry5.o(.ARM.Collect$$$$00000004)
    _main_clock                              0x080000d5   Thumb Code     0  entry7b.o(.ARM.Collect$$$$00000008)
    _main_cpp_init                           0x080000d5   Thumb Code     0  entry8b.o(.ARM.Collect$$$$0000000A)
    _main_init                               0x080000d5   Thumb Code     0  entry9a.o(.ARM.Collect$$$$0000000B)
    __rt_final_cpp                           0x080000dd   Thumb Code     0  entry10a.o(.ARM.Collect$$$$0000000D)
    __rt_final_exit                          0x080000dd   Thumb Code     0  entry11a.o(.ARM.Collect$$$$0000000F)
    Reset_Handler                            0x080000e1   Thumb Code     8  startup_gd32e23x.o(.text)
    ADC_CMP_IRQHandler                       0x080000f3   Thumb Code     0  startup_gd32e23x.o(.text)
    DMA_Channel0_IRQHandler                  0x080000f3   Thumb Code     0  startup_gd32e23x.o(.text)
    DMA_Channel3_4_IRQHandler                0x080000f3   Thumb Code     0  startup_gd32e23x.o(.text)
    EXTI0_1_IRQHandler                       0x080000f3   Thumb Code     0  startup_gd32e23x.o(.text)
    EXTI2_3_IRQHandler                       0x080000f3   Thumb Code     0  startup_gd32e23x.o(.text)
    EXTI4_15_IRQHandler                      0x080000f3   Thumb Code     0  startup_gd32e23x.o(.text)
    FMC_IRQHandler                           0x080000f3   Thumb Code     0  startup_gd32e23x.o(.text)
    I2C0_ER_IRQHandler                       0x080000f3   Thumb Code     0  startup_gd32e23x.o(.text)
    I2C0_EV_IRQHandler                       0x080000f3   Thumb Code     0  startup_gd32e23x.o(.text)
    I2C1_ER_IRQHandler                       0x080000f3   Thumb Code     0  startup_gd32e23x.o(.text)
    I2C1_EV_IRQHandler                       0x080000f3   Thumb Code     0  startup_gd32e23x.o(.text)
    LVD_IRQHandler                           0x080000f3   Thumb Code     0  startup_gd32e23x.o(.text)
    RCU_IRQHandler                           0x080000f3   Thumb Code     0  startup_gd32e23x.o(.text)
    RTC_IRQHandler                           0x080000f3   Thumb Code     0  startup_gd32e23x.o(.text)
    SPI0_IRQHandler                          0x080000f3   Thumb Code     0  startup_gd32e23x.o(.text)
    SPI1_IRQHandler                          0x080000f3   Thumb Code     0  startup_gd32e23x.o(.text)
    TIMER0_BRK_UP_TRG_COM_IRQHandler         0x080000f3   Thumb Code     0  startup_gd32e23x.o(.text)
    TIMER0_Channel_IRQHandler                0x080000f3   Thumb Code     0  startup_gd32e23x.o(.text)
    TIMER13_IRQHandler                       0x080000f3   Thumb Code     0  startup_gd32e23x.o(.text)
    TIMER14_IRQHandler                       0x080000f3   Thumb Code     0  startup_gd32e23x.o(.text)
    TIMER15_IRQHandler                       0x080000f3   Thumb Code     0  startup_gd32e23x.o(.text)
    TIMER16_IRQHandler                       0x080000f3   Thumb Code     0  startup_gd32e23x.o(.text)
    TIMER2_IRQHandler                        0x080000f3   Thumb Code     0  startup_gd32e23x.o(.text)
    TIMER5_IRQHandler                        0x080000f3   Thumb Code     0  startup_gd32e23x.o(.text)
    USART1_IRQHandler                        0x080000f3   Thumb Code     0  startup_gd32e23x.o(.text)
    WWDGT_IRQHandler                         0x080000f3   Thumb Code     0  startup_gd32e23x.o(.text)
    __aeabi_memcpy                           0x080000fd   Thumb Code    36  memcpya.o(.text)
    __aeabi_memcpy4                          0x080000fd   Thumb Code     0  memcpya.o(.text)
    __aeabi_memcpy8                          0x080000fd   Thumb Code     0  memcpya.o(.text)
    __aeabi_memset                           0x08000121   Thumb Code    14  memseta.o(.text)
    __aeabi_memset4                          0x08000121   Thumb Code     0  memseta.o(.text)
    __aeabi_memset8                          0x08000121   Thumb Code     0  memseta.o(.text)
    __aeabi_memclr                           0x0800012f   Thumb Code     4  memseta.o(.text)
    __aeabi_memclr4                          0x0800012f   Thumb Code     0  memseta.o(.text)
    __aeabi_memclr8                          0x0800012f   Thumb Code     0  memseta.o(.text)
    _memset$wrapper                          0x08000133   Thumb Code    18  memseta.o(.text)
    memcmp                                   0x08000145   Thumb Code    26  memcmp.o(.text)
    __aeabi_fmul                             0x0800015f   Thumb Code   122  fmul.o(.text)
    __aeabi_fdiv                             0x080001d9   Thumb Code   124  fdiv.o(.text)
    __aeabi_ui2f                             0x08000255   Thumb Code    14  ffltui.o(.text)
    __aeabi_f2uiz                            0x08000263   Thumb Code    40  ffixui.o(.text)
    __aeabi_uldivmod                         0x0800028b   Thumb Code    96  uldiv.o(.text)
    __I$use$fp                               0x080002eb   Thumb Code     0  iusefp.o(.text)
    _float_round                             0x080002eb   Thumb Code    16  fepilogue.o(.text)
    _float_epilogue                          0x080002fb   Thumb Code   114  fepilogue.o(.text)
    __aeabi_dadd                             0x0800036d   Thumb Code   328  dadd.o(.text)
    __aeabi_dsub                             0x080004b5   Thumb Code    12  dadd.o(.text)
    __aeabi_drsub                            0x080004c1   Thumb Code    12  dadd.o(.text)
    __aeabi_dmul                             0x080004d1   Thumb Code   202  dmul.o(.text)
    __aeabi_ddiv                             0x080005a1   Thumb Code   234  ddiv.o(.text)
    __aeabi_d2ulz                            0x08000691   Thumb Code    54  dfixul.o(.text)
    __aeabi_cdrcmple                         0x080006d1   Thumb Code    38  cdrcmple.o(.text)
    __scatterload                            0x080006f9   Thumb Code    38  init.o(.text)
    __scatterload_rt2                        0x080006f9   Thumb Code     0  init.o(.text)
    __aeabi_uidiv$div0                       0x08000729   Thumb Code     0  uidiv_div0.o(.text)
    __aeabi_uidivmod                         0x08000729   Thumb Code    62  uidiv_div0.o(.text)
    __aeabi_llsl                             0x08000767   Thumb Code    32  llshl.o(.text)
    _ll_shift_l                              0x08000767   Thumb Code     0  llshl.o(.text)
    __aeabi_llsr                             0x08000787   Thumb Code    34  llushr.o(.text)
    _ll_ushift_r                             0x08000787   Thumb Code     0  llushr.o(.text)
    __aeabi_lasr                             0x080007a9   Thumb Code    38  llsshr.o(.text)
    _ll_sshift_r                             0x080007a9   Thumb Code     0  llsshr.o(.text)
    _double_round                            0x080007cf   Thumb Code    26  depilogue.o(.text)
    _double_epilogue                         0x080007e9   Thumb Code   164  depilogue.o(.text)
    DMA_Channel1_2_IRQHandler                0x0800088d   Thumb Code   104  bsp_usart.o(.text.DMA_Channel1_2_IRQHandler)
    HardFault_Handler                        0x08000905   Thumb Code     4  gd32e23x_it.o(.text.HardFault_Handler)
    NMI_Handler                              0x08000909   Thumb Code     2  gd32e23x_it.o(.text.NMI_Handler)
    PendSV_Handler                           0x0800090b   Thumb Code     2  gd32e23x_it.o(.text.PendSV_Handler)
    SVC_Handler                              0x0800090d   Thumb Code     2  gd32e23x_it.o(.text.SVC_Handler)
    SysTick_Handler                          0x0800090f   Thumb Code     2  gd32e23x_it.o(.text.SysTick_Handler)
    SystemInit                               0x08000911   Thumb Code   136  system_gd32e23x.o(.text.SystemInit)
    USART0_IRQHandler                        0x080009bd   Thumb Code   268  bsp_usart.o(.text.USART0_IRQHandler)
    app_211_init                             0x08000bf5   Thumb Code    48  app_211.o(.text.app_211_init)
    app_211_send_test_data                   0x08000c2d   Thumb Code    80  app_211.o(.text.app_211_send_test_data)
    app_221_init                             0x08000c99   Thumb Code    68  app_221.o(.text.app_221_init)
    cmt2119b_clear_interrupt_flags           0x08000d6f   Thumb Code    20  cmt2119b.o(.text.cmt2119b_clear_interrupt_flags)
    cmt2119b_clear_tx_fifo                   0x08000d83   Thumb Code    12  cmt2119b.o(.text.cmt2119b_clear_tx_fifo)
    cmt2119b_csb_high                        0x08000e15   Thumb Code    14  cmt2119b_port.o(.text.cmt2119b_csb_high)
    cmt2119b_csb_low                         0x08000e23   Thumb Code    14  cmt2119b_port.o(.text.cmt2119b_csb_low)
    cmt2119b_delay_ms                        0x08000e31   Thumb Code    16  cmt2119b_port.o(.text.cmt2119b_delay_ms)
    cmt2119b_delay_us                        0x08000e41   Thumb Code    16  cmt2119b_port.o(.text.cmt2119b_delay_us)
    cmt2119b_fcsb_high                       0x08000ee5   Thumb Code    12  cmt2119b_port.o(.text.cmt2119b_fcsb_high)
    cmt2119b_fcsb_low                        0x08000ef1   Thumb Code    12  cmt2119b_port.o(.text.cmt2119b_fcsb_low)
    cmt2119b_go_sleep                        0x08000f0b   Thumb Code    12  cmt2119b.o(.text.cmt2119b_go_sleep)
    cmt2119b_go_stby                         0x08000f17   Thumb Code    12  cmt2119b.o(.text.cmt2119b_go_stby)
    cmt2119b_go_tx                           0x08000f23   Thumb Code    12  cmt2119b.o(.text.cmt2119b_go_tx)
    cmt2119b_init                            0x08000ff5   Thumb Code   220  cmt2119b.o(.text.cmt2119b_init)
    cmt2119b_port_init                       0x080010e9   Thumb Code   204  cmt2119b_port.o(.text.cmt2119b_port_init)
    cmt2119b_read_reg                        0x080011c5   Thumb Code    20  cmt2119b.o(.text.cmt2119b_read_reg)
    cmt2119b_sclk_high                       0x080011d9   Thumb Code    14  cmt2119b_port.o(.text.cmt2119b_sclk_high)
    cmt2119b_sclk_low                        0x080011e7   Thumb Code    14  cmt2119b_port.o(.text.cmt2119b_sclk_low)
    cmt2119b_sdio_high                       0x080011f5   Thumb Code    14  cmt2119b_port.o(.text.cmt2119b_sdio_high)
    cmt2119b_sdio_input                      0x08001203   Thumb Code    18  cmt2119b_port.o(.text.cmt2119b_sdio_input)
    cmt2119b_sdio_low                        0x08001215   Thumb Code    14  cmt2119b_port.o(.text.cmt2119b_sdio_low)
    cmt2119b_sdio_output                     0x08001223   Thumb Code    40  cmt2119b_port.o(.text.cmt2119b_sdio_output)
    cmt2119b_sdio_read                       0x0800124b   Thumb Code    18  cmt2119b_port.o(.text.cmt2119b_sdio_read)
    cmt2119b_send_packet                     0x0800125d   Thumb Code   178  cmt2119b.o(.text.cmt2119b_send_packet)
    cmt2119b_set_frequency_channel           0x0800130f   Thumb Code    22  cmt2119b.o(.text.cmt2119b_set_frequency_channel)
    cmt2119b_set_frequency_step              0x08001325   Thumb Code    22  cmt2119b.o(.text.cmt2119b_set_frequency_step)
    cmt2119b_spi_init                        0x08001349   Thumb Code    84  cmt2119b_spi.o(.text.cmt2119b_spi_init)
    cmt2119b_spi_pins_to_gpio                0x0800139d   Thumb Code    86  cmt2119b_port.o(.text.cmt2119b_spi_pins_to_gpio)
    cmt2119b_spi_pins_to_spi0                0x080013f3   Thumb Code    98  cmt2119b_port.o(.text.cmt2119b_spi_pins_to_spi0)
    cmt2119b_spi_read_reg                    0x08001455   Thumb Code   152  cmt2119b_spi.o(.text.cmt2119b_spi_read_reg)
    cmt2119b_spi_write_fifo                  0x08001529   Thumb Code    90  cmt2119b_spi.o(.text.cmt2119b_spi_write_fifo)
    cmt2119b_spi_write_reg                   0x08001583   Thumb Code    66  cmt2119b_spi.o(.text.cmt2119b_spi_write_reg)
    cmt2119b_write_fifo                      0x080015c5   Thumb Code    40  cmt2119b.o(.text.cmt2119b_write_fifo)
    cmt2119b_write_reg                       0x080015ed   Thumb Code    28  cmt2119b.o(.text.cmt2119b_write_reg)
    cmt2219b_clear_interrupt_flags           0x08001669   Thumb Code    20  cmt2219b.o(.text.cmt2219b_clear_interrupt_flags)
    cmt2219b_clear_rx_fifo                   0x0800167d   Thumb Code    12  cmt2219b.o(.text.cmt2219b_clear_rx_fifo)
    cmt2219b_clk_high                        0x08001689   Thumb Code    16  cmt2219b_port.o(.text.cmt2219b_clk_high)
    cmt2219b_clk_low                         0x08001699   Thumb Code    16  cmt2219b_port.o(.text.cmt2219b_clk_low)
    cmt2219b_csb_high                        0x0800172d   Thumb Code    16  cmt2219b_port.o(.text.cmt2219b_csb_high)
    cmt2219b_csb_low                         0x0800173d   Thumb Code    16  cmt2219b_port.o(.text.cmt2219b_csb_low)
    cmt2219b_delay_ms                        0x0800174d   Thumb Code    16  cmt2219b_port.o(.text.cmt2219b_delay_ms)
    cmt2219b_delay_us                        0x0800175d   Thumb Code    16  cmt2219b_port.o(.text.cmt2219b_delay_us)
    cmt2219b_enable_read_fifo                0x080017d1   Thumb Code    46  cmt2219b.o(.text.cmt2219b_enable_read_fifo)
    cmt2219b_fcsb_high                       0x08001801   Thumb Code    16  cmt2219b_port.o(.text.cmt2219b_fcsb_high)
    cmt2219b_go_rx                           0x08001823   Thumb Code    12  cmt2219b.o(.text.cmt2219b_go_rx)
    cmt2219b_go_sleep                        0x0800182f   Thumb Code    12  cmt2219b.o(.text.cmt2219b_go_sleep)
    cmt2219b_go_stby                         0x0800183b   Thumb Code    12  cmt2219b.o(.text.cmt2219b_go_stby)
    cmt2219b_init                            0x08001901   Thumb Code   260  cmt2219b.o(.text.cmt2219b_init)
    cmt2219b_is_exist                        0x08001a21   Thumb Code    86  cmt2219b.o(.text.cmt2219b_is_exist)
    cmt2219b_port_init                       0x08001a79   Thumb Code   228  cmt2219b_port.o(.text.cmt2219b_port_init)
    cmt2219b_read_reg                        0x08001b65   Thumb Code    20  cmt2219b.o(.text.cmt2219b_read_reg)
    cmt2219b_sdio_high                       0x08001b79   Thumb Code    16  cmt2219b_port.o(.text.cmt2219b_sdio_high)
    cmt2219b_sdio_input                      0x08001b89   Thumb Code    20  cmt2219b_port.o(.text.cmt2219b_sdio_input)
    cmt2219b_sdio_low                        0x08001b9d   Thumb Code    16  cmt2219b_port.o(.text.cmt2219b_sdio_low)
    cmt2219b_sdio_output                     0x08001bad   Thumb Code    40  cmt2219b_port.o(.text.cmt2219b_sdio_output)
    cmt2219b_sdio_read                       0x08001bd5   Thumb Code    20  cmt2219b_port.o(.text.cmt2219b_sdio_read)
    cmt2219b_set_frequency_channel           0x08001bed   Thumb Code    22  cmt2219b.o(.text.cmt2219b_set_frequency_channel)
    cmt2219b_set_frequency_step              0x08001c03   Thumb Code    22  cmt2219b.o(.text.cmt2219b_set_frequency_step)
    cmt2219b_spi_init                        0x08001c3d   Thumb Code    96  cmt2219b_spi.o(.text.cmt2219b_spi_init)
    cmt2219b_spi_pins_to_gpio                0x08001c9d   Thumb Code    88  cmt2219b_port.o(.text.cmt2219b_spi_pins_to_gpio)
    cmt2219b_spi_pins_to_spi1                0x08001cf5   Thumb Code   108  cmt2219b_port.o(.text.cmt2219b_spi_pins_to_spi1)
    cmt2219b_spi_read_reg                    0x08001d65   Thumb Code   144  cmt2219b_spi.o(.text.cmt2219b_spi_read_reg)
    cmt2219b_spi_write_reg                   0x08001e31   Thumb Code    66  cmt2219b_spi.o(.text.cmt2219b_spi_write_reg)
    cmt2219b_write_reg                       0x08001e73   Thumb Code    28  cmt2219b.o(.text.cmt2219b_write_reg)
    delay_ms                                 0x08001e91   Thumb Code   112  systick.o(.text.delay_ms)
    delay_us                                 0x08001f05   Thumb Code   112  systick.o(.text.delay_us)
    dma_channel_disable                      0x08001f85   Thumb Code    28  gd32e23x_dma.o(.text.dma_channel_disable)
    dma_channel_enable                       0x08001fa1   Thumb Code    28  gd32e23x_dma.o(.text.dma_channel_enable)
    dma_circulation_disable                  0x08001fbd   Thumb Code    28  gd32e23x_dma.o(.text.dma_circulation_disable)
    dma_deinit                               0x08001fd9   Thumb Code    88  gd32e23x_dma.o(.text.dma_deinit)
    dma_flag_clear                           0x08002031   Thumb Code    32  gd32e23x_dma.o(.text.dma_flag_clear)
    dma_init                                 0x08002051   Thumb Code   268  gd32e23x_dma.o(.text.dma_init)
    dma_interrupt_enable                     0x08002161   Thumb Code    32  gd32e23x_dma.o(.text.dma_interrupt_enable)
    dma_interrupt_flag_clear                 0x08002181   Thumb Code    32  gd32e23x_dma.o(.text.dma_interrupt_flag_clear)
    dma_interrupt_flag_get                   0x080021a5   Thumb Code   188  gd32e23x_dma.o(.text.dma_interrupt_flag_get)
    dma_memory_address_config                0x08002269   Thumb Code    32  gd32e23x_dma.o(.text.dma_memory_address_config)
    dma_struct_para_init                     0x0800228d   Thumb Code    46  gd32e23x_dma.o(.text.dma_struct_para_init)
    dma_transfer_number_config               0x080022bd   Thumb Code    32  gd32e23x_dma.o(.text.dma_transfer_number_config)
    dma_transfer_number_get                  0x080022dd   Thumb Code    24  gd32e23x_dma.o(.text.dma_transfer_number_get)
    fmc_flag_clear                           0x080022f9   Thumb Code    16  gd32e23x_fmc.o(.text.fmc_flag_clear)
    fmc_lock                                 0x08002309   Thumb Code    12  gd32e23x_fmc.o(.text.fmc_lock)
    fmc_page_erase                           0x08002315   Thumb Code    88  gd32e23x_fmc.o(.text.fmc_page_erase)
    fmc_ready_wait                           0x08002371   Thumb Code    90  gd32e23x_fmc.o(.text.fmc_ready_wait)
    fmc_state_get                            0x080023cd   Thumb Code    80  gd32e23x_fmc.o(.text.fmc_state_get)
    fmc_unlock                               0x08002421   Thumb Code    28  gd32e23x_fmc.o(.text.fmc_unlock)
    fmc_word_program                         0x08002449   Thumb Code    80  gd32e23x_fmc.o(.text.fmc_word_program)
    fputc                                    0x0800249d   Thumb Code    22  bsp_usart.o(.text.fputc)
    get_key_num                              0x080024b5   Thumb Code   340  app_key.o(.text.get_key_num)
    gpio_af_set                              0x0800260d   Thumb Code   192  gd32e23x_gpio.o(.text.gpio_af_set)
    gpio_bit_reset                           0x080026cd   Thumb Code    16  gd32e23x_gpio.o(.text.gpio_bit_reset)
    gpio_bit_set                             0x080026dd   Thumb Code    16  gd32e23x_gpio.o(.text.gpio_bit_set)
    gpio_input_bit_get                       0x080026ed   Thumb Code    42  gd32e23x_gpio.o(.text.gpio_input_bit_get)
    gpio_mode_set                            0x08002717   Thumb Code   142  gd32e23x_gpio.o(.text.gpio_mode_set)
    gpio_output_options_set                  0x080027a5   Thumb Code   138  gd32e23x_gpio.o(.text.gpio_output_options_set)
    key_init                                 0x08002831   Thumb Code   148  app_key.o(.text.key_init)
    main                                     0x080028c9   Thumb Code    82  main.o(.text.main)
    nvic_irq_disable                         0x0800291b   Thumb Code    22  gd32e23x_misc.o(.text.nvic_irq_disable)
    nvic_irq_enable                          0x08002931   Thumb Code    44  gd32e23x_misc.o(.text.nvic_irq_enable)
    nvic_vector_table_set                    0x0800295d   Thumb Code    24  gd32e23x_misc.o(.text.nvic_vector_table_set)
    pa15_led_init                            0x0800297d   Thumb Code    56  led_test.o(.text.pa15_led_init)
    pb9_led_init                             0x080029b9   Thumb Code    56  led_test.o(.text.pb9_led_init)
    print_buf                                0x080029f9   Thumb Code    68  app_211.o(.text.print_buf)
    radio_rx_init                            0x08002a45   Thumb Code   102  radio_rx.o(.text.radio_rx_init)
    radio_rx_set_channel                     0x08002aab   Thumb Code    42  radio_rx.o(.text.radio_rx_set_channel)
    radio_rx_set_frequency_step              0x08002ad5   Thumb Code    42  radio_rx.o(.text.radio_rx_set_frequency_step)
    radio_tx_init                            0x08002aff   Thumb Code    58  radio_tx.o(.text.radio_tx_init)
    radio_tx_send                            0x08002b39   Thumb Code    32  radio_tx.o(.text.radio_tx_send)
    radio_tx_set_channel                     0x08002b59   Thumb Code    30  radio_tx.o(.text.radio_tx_set_channel)
    radio_tx_set_frequency_step              0x08002b77   Thumb Code    30  radio_tx.o(.text.radio_tx_set_frequency_step)
    rcu_clock_freq_get                       0x08002b95   Thumb Code   600  gd32e23x_rcu.o(.text.rcu_clock_freq_get)
    rcu_periph_clock_enable                  0x08002e11   Thumb Code    36  gd32e23x_rcu.o(.text.rcu_periph_clock_enable)
    rcu_periph_reset_disable                 0x08002e35   Thumb Code    36  gd32e23x_rcu.o(.text.rcu_periph_reset_disable)
    rcu_periph_reset_enable                  0x08002e59   Thumb Code    36  gd32e23x_rcu.o(.text.rcu_periph_reset_enable)
    rf_config_apply                          0x08002f71   Thumb Code   128  rf_apply.o(.text.rf_config_apply)
    rf_config_check                          0x08002ffd   Thumb Code   216  rf_config.o(.text.rf_config_check)
    rf_crc16_calc                            0x080030e1   Thumb Code   160  rf_config.o(.text.rf_crc16_calc)
    rf_get_tx_rx_real_freq                   0x0800351d   Thumb Code   136  app_tx-rx_config.o(.text.rf_get_tx_rx_real_freq)
    rf_print_tx_rx_real_freq                 0x080037f1   Thumb Code    56  app_tx-rx_config.o(.text.rf_print_tx_rx_real_freq)
    rf_test_apply_config                     0x08003831   Thumb Code   120  rf_apply.o(.text.rf_test_apply_config)
    rf_uart_config_process                   0x080038b9   Thumb Code   292  rf_uart_set_config.o(.text.rf_uart_config_process)
    rf_uart_config_restore                   0x080039f1   Thumb Code    88  rf_uart_set_config.o(.text.rf_uart_config_restore)
    spi_disable                              0x08003a4d   Thumb Code    18  gd32e23x_spi.o(.text.spi_disable)
    spi_enable                               0x08003a5f   Thumb Code    18  gd32e23x_spi.o(.text.spi_enable)
    spi_fifo_access_size_config              0x08003a71   Thumb Code    34  gd32e23x_spi.o(.text.spi_fifo_access_size_config)
    spi_i2s_data_transmit                    0x08003a95   Thumb Code    76  gd32e23x_spi.o(.text.spi_i2s_data_transmit)
    spi_i2s_deinit                           0x08003ae1   Thumb Code    68  gd32e23x_spi.o(.text.spi_i2s_deinit)
    spi_i2s_flag_get                         0x08003b29   Thumb Code   124  gd32e23x_spi.o(.text.spi_i2s_flag_get)
    spi_init                                 0x08003ba9   Thumb Code   300  gd32e23x_spi.o(.text.spi_init)
    spi_struct_para_init                     0x08003cdd   Thumb Code    38  gd32e23x_spi.o(.text.spi_struct_para_init)
    systick_clksource_set                    0x08003ded   Thumb Code    40  gd32e23x_misc.o(.text.systick_clksource_set)
    systick_config                           0x08003e19   Thumb Code    44  systick.o(.text.systick_config)
    usart_baudrate_set                       0x08003e59   Thumb Code   172  gd32e23x_usart.o(.text.usart_baudrate_set)
    usart_deinit                             0x08003f09   Thumb Code    68  gd32e23x_usart.o(.text.usart_deinit)
    usart_dma_receive_config                 0x08003f59   Thumb Code    30  gd32e23x_usart.o(.text.usart_dma_receive_config)
    usart_dma_transmit_config                0x08003f77   Thumb Code    30  gd32e23x_usart.o(.text.usart_dma_transmit_config)
    usart_enable                             0x08003f95   Thumb Code    18  gd32e23x_usart.o(.text.usart_enable)
    usart_flag_get                           0x08003fa7   Thumb Code    60  gd32e23x_usart.o(.text.usart_flag_get)
    usart_gpio_config                        0x08003fe5   Thumb Code   236  bsp_usart.o(.text.usart_gpio_config)
    usart_interrupt_disable                  0x080040dd   Thumb Code    34  gd32e23x_usart.o(.text.usart_interrupt_disable)
    usart_interrupt_enable                   0x080040ff   Thumb Code    34  gd32e23x_usart.o(.text.usart_interrupt_enable)
    usart_interrupt_flag_clear               0x08004121   Thumb Code    60  gd32e23x_usart.o(.text.usart_interrupt_flag_clear)
    usart_interrupt_flag_get                 0x08004161   Thumb Code    98  gd32e23x_usart.o(.text.usart_interrupt_flag_get)
    usart_parity_config                      0x080041c3   Thumb Code    42  gd32e23x_usart.o(.text.usart_parity_config)
    usart_receive_config                     0x080041ed   Thumb Code    30  gd32e23x_usart.o(.text.usart_receive_config)
    usart_send_buffer                        0x080042a9   Thumb Code   168  bsp_usart.o(.text.usart_send_buffer)
    usart_send_data                          0x08004355   Thumb Code    20  bsp_usart.o(.text.usart_send_data)
    usart_send_string                        0x08004369   Thumb Code    60  bsp_usart.o(.text.usart_send_string)
    usart_stop_bit_set                       0x080043a5   Thumb Code    42  gd32e23x_usart.o(.text.usart_stop_bit_set)
    usart_transmit_config                    0x080043cf   Thumb Code    30  gd32e23x_usart.o(.text.usart_transmit_config)
    usart_word_length_set                    0x0800450d   Thumb Code    42  gd32e23x_usart.o(.text.usart_word_length_set)
    __0printf                                0x08004539   Thumb Code    24  printfa.o(i.__0printf)
    __1printf                                0x08004539   Thumb Code     0  printfa.o(i.__0printf)
    __2printf                                0x08004539   Thumb Code     0  printfa.o(i.__0printf)
    __c89printf                              0x08004539   Thumb Code     0  printfa.o(i.__0printf)
    printf                                   0x08004539   Thumb Code     0  printfa.o(i.__0printf)
    __ARM_clz                                0x08004559   Thumb Code    46  depilogue.o(i.__ARM_clz)
    __scatterload_copy                       0x08004587   Thumb Code    14  handlers.o(i.__scatterload_copy)
    __scatterload_null                       0x08004595   Thumb Code     2  handlers.o(i.__scatterload_null)
    __scatterload_zeroinit                   0x08004597   Thumb Code    14  handlers.o(i.__scatterload_zeroinit)
    Region$$Table$$Base                      0x08005120   Number         0  anon$$obj.o(Region$$Table)
    Region$$Table$$Limit                     0x08005140   Number         0  anon$$obj.o(Region$$Table)
    __stdout                                 0x20000000   Data           4  stdout.o(.data)
    SystemCoreClock                          0x20000004   Data           4  system_gd32e23x.o(.data.SystemCoreClock)
    tx_buf_data                              0x20000008   Data          32  app_211.o(.data.tx_buf_data)
    g_recv_buff                              0x20000030   Data        4096  bsp_usart.o(.bss.g_recv_buff)
    g_recv_complete_flag                     0x20001030   Data           1  bsp_usart.o(.bss.g_recv_complete_flag)
    g_recv_length                            0x20001032   Data           2  bsp_usart.o(.bss.g_recv_length)
    g_usart_dma_error_count                  0x20001060   Data           4  bsp_usart.o(.bss.g_usart_dma_error_count)
    g_usart_rx_overflow_count                0x200010e4   Data           4  bsp_usart.o(.bss.g_usart_rx_overflow_count)
    g_usart_tx_overflow_count                0x200010ec   Data           4  bsp_usart.o(.bss.g_usart_tx_overflow_count)
    __initial_sp                             0x20001700   Data           0  startup_gd32e23x.o(STACK)



==============================================================================

Memory Map of the image

  Image Entry point : 0x080000cd

  Load Region LR_IROM1 (Base: 0x08000000, Size: 0x00005168, Max: 0x0000fc00, ABSOLUTE)

    Execution Region ER_IROM1 (Exec base: 0x08000000, Load base: 0x08000000, Size: 0x00005140, Max: 0x0000fc00, ABSOLUTE)

    Exec Addr    Load Addr    Size         Type   Attr      Idx    E Section Name        Object

    0x08000000   0x08000000   0x000000cc   Data   RO          368    RESET               startup_gd32e23x.o
    0x080000cc   0x080000cc   0x00000000   Code   RO         1662  * .ARM.Collect$$$$00000000  mc_p.l(entry.o)
    0x080000cc   0x080000cc   0x00000004   Code   RO         1709    .ARM.Collect$$$$00000001  mc_p.l(entry2.o)
    0x080000d0   0x080000d0   0x00000004   Code   RO         1712    .ARM.Collect$$$$00000004  mc_p.l(entry5.o)
    0x080000d4   0x080000d4   0x00000000   Code   RO         1714    .ARM.Collect$$$$00000008  mc_p.l(entry7b.o)
    0x080000d4   0x080000d4   0x00000000   Code   RO         1716    .ARM.Collect$$$$0000000A  mc_p.l(entry8b.o)
    0x080000d4   0x080000d4   0x00000008   Code   RO         1717    .ARM.Collect$$$$0000000B  mc_p.l(entry9a.o)
    0x080000dc   0x080000dc   0x00000000   Code   RO         1719    .ARM.Collect$$$$0000000D  mc_p.l(entry10a.o)
    0x080000dc   0x080000dc   0x00000000   Code   RO         1721    .ARM.Collect$$$$0000000F  mc_p.l(entry11a.o)
    0x080000dc   0x080000dc   0x00000004   Code   RO         1710    .ARM.Collect$$$$00002712  mc_p.l(entry2.o)
    0x080000e0   0x080000e0   0x0000001c   Code   RO          369    .text               startup_gd32e23x.o
    0x080000fc   0x080000fc   0x00000024   Code   RO         1665    .text               mc_p.l(memcpya.o)
    0x08000120   0x08000120   0x00000024   Code   RO         1667    .text               mc_p.l(memseta.o)
    0x08000144   0x08000144   0x0000001a   Code   RO         1669    .text               mc_p.l(memcmp.o)
    0x0800015e   0x0800015e   0x0000007a   Code   RO         1701    .text               mf_p.l(fmul.o)
    0x080001d8   0x080001d8   0x0000007c   Code   RO         1703    .text               mf_p.l(fdiv.o)
    0x08000254   0x08000254   0x0000000e   Code   RO         1705    .text               mf_p.l(ffltui.o)
    0x08000262   0x08000262   0x00000028   Code   RO         1707    .text               mf_p.l(ffixui.o)
    0x0800028a   0x0800028a   0x00000060   Code   RO         1728    .text               mc_p.l(uldiv.o)
    0x080002ea   0x080002ea   0x00000000   Code   RO         1730    .text               mc_p.l(iusefp.o)
    0x080002ea   0x080002ea   0x00000082   Code   RO         1731    .text               mf_p.l(fepilogue.o)
    0x0800036c   0x0800036c   0x00000164   Code   RO         1733    .text               mf_p.l(dadd.o)
    0x080004d0   0x080004d0   0x000000d0   Code   RO         1735    .text               mf_p.l(dmul.o)
    0x080005a0   0x080005a0   0x000000f0   Code   RO         1737    .text               mf_p.l(ddiv.o)
    0x08000690   0x08000690   0x00000040   Code   RO         1739    .text               mf_p.l(dfixul.o)
    0x080006d0   0x080006d0   0x00000028   Code   RO         1741    .text               mf_p.l(cdrcmple.o)
    0x080006f8   0x080006f8   0x00000030   Code   RO         1743    .text               mc_p.l(init.o)
    0x08000728   0x08000728   0x0000003e   Code   RO         1747    .text               mc_p.l(uidiv_div0.o)
    0x08000766   0x08000766   0x00000020   Code   RO         1753    .text               mc_p.l(llshl.o)
    0x08000786   0x08000786   0x00000022   Code   RO         1755    .text               mc_p.l(llushr.o)
    0x080007a8   0x080007a8   0x00000026   Code   RO         1757    .text               mc_p.l(llsshr.o)
    0x080007ce   0x080007ce   0x000000be   Code   RO         1759    .text               mf_p.l(depilogue.o)
    0x0800088c   0x0800088c   0x00000078   Code   RO           74    .text.DMA_Channel1_2_IRQHandler  bsp_usart.o
    0x08000904   0x08000904   0x00000004   Code   RO            4    .text.HardFault_Handler  gd32e23x_it.o
    0x08000908   0x08000908   0x00000002   Code   RO            2    .text.NMI_Handler   gd32e23x_it.o
    0x0800090a   0x0800090a   0x00000002   Code   RO           16    .text.PendSV_Handler  gd32e23x_it.o
    0x0800090c   0x0800090c   0x00000002   Code   RO           12    .text.SVC_Handler   gd32e23x_it.o
    0x0800090e   0x0800090e   0x00000002   Code   RO           18    .text.SysTick_Handler  gd32e23x_it.o
    0x08000910   0x08000910   0x000000ac   Code   RO          376    .text.SystemInit    system_gd32e23x.o
    0x080009bc   0x080009bc   0x00000144   Code   RO           70    .text.USART0_IRQHandler  bsp_usart.o
    0x08000b00   0x08000b00   0x0000003c   Code   RO          947    .text.__NVIC_DisableIRQ  gd32e23x_misc.o
    0x08000b3c   0x08000b3c   0x00000034   Code   RO          943    .text.__NVIC_EnableIRQ  gd32e23x_misc.o
    0x08000b70   0x08000b70   0x00000084   Code   RO          941    .text.__NVIC_SetPriority  gd32e23x_misc.o
    0x08000bf4   0x08000bf4   0x00000038   Code   RO          397    .text.app_211_init  app_211.o
    0x08000c2c   0x08000c2c   0x0000006c   Code   RO          399    .text.app_211_send_test_data  app_211.o
    0x08000c98   0x08000c98   0x00000054   Code   RO          413    .text.app_221_init  app_221.o
    0x08000cec   0x08000cec   0x00000082   Code   RO          121    .text.cmt2119b_auto_switch_status  cmt2119b.o
    0x08000d6e   0x08000d6e   0x00000014   Code   RO          111    .text.cmt2119b_clear_interrupt_flags  cmt2119b.o
    0x08000d82   0x08000d82   0x0000000c   Code   RO          127    .text.cmt2119b_clear_tx_fifo  cmt2119b.o
    0x08000d8e   0x08000d8e   0x00000040   Code   RO          109    .text.cmt2119b_config_gpio_interrupt  cmt2119b.o
    0x08000dce   0x08000dce   0x00000046   Code   RO          101    .text.cmt2119b_config_reg_bank  cmt2119b.o
    0x08000e14   0x08000e14   0x0000000e   Code   RO          150    .text.cmt2119b_csb_high  cmt2119b_port.o
    0x08000e22   0x08000e22   0x0000000e   Code   RO          154    .text.cmt2119b_csb_low  cmt2119b_port.o
    0x08000e30   0x08000e30   0x00000010   Code   RO          180    .text.cmt2119b_delay_ms  cmt2119b_port.o
    0x08000e40   0x08000e40   0x00000010   Code   RO          178    .text.cmt2119b_delay_us  cmt2119b_port.o
    0x08000e50   0x08000e50   0x00000064   Code   RO          107    .text.cmt2119b_enable_lfosc  cmt2119b.o
    0x08000eb4   0x08000eb4   0x0000002e   Code   RO          131    .text.cmt2119b_enable_write_fifo  cmt2119b.o
    0x08000ee2   0x08000ee2   0x00000002   PAD
    0x08000ee4   0x08000ee4   0x0000000c   Code   RO          152    .text.cmt2119b_fcsb_high  cmt2119b_port.o
    0x08000ef0   0x08000ef0   0x0000000c   Code   RO          156    .text.cmt2119b_fcsb_low  cmt2119b_port.o
    0x08000efc   0x08000efc   0x0000000e   Code   RO          133    .text.cmt2119b_get_chip_status  cmt2119b.o
    0x08000f0a   0x08000f0a   0x0000000c   Code   RO          113    .text.cmt2119b_go_sleep  cmt2119b.o
    0x08000f16   0x08000f16   0x0000000c   Code   RO          123    .text.cmt2119b_go_stby  cmt2119b.o
    0x08000f22   0x08000f22   0x0000000c   Code   RO          125    .text.cmt2119b_go_tx  cmt2119b.o
    0x08000f2e   0x08000f2e   0x00000064   Code   RO          199    .text.cmt2119b_gpio_recv_byte  cmt2119b_spi.o
    0x08000f92   0x08000f92   0x00000060   Code   RO          197    .text.cmt2119b_gpio_send_byte  cmt2119b_spi.o
    0x08000ff2   0x08000ff2   0x00000002   PAD
    0x08000ff4   0x08000ff4   0x000000f4   Code   RO           97    .text.cmt2119b_init  cmt2119b.o
    0x080010e8   0x080010e8   0x000000dc   Code   RO          148    .text.cmt2119b_port_init  cmt2119b_port.o
    0x080011c4   0x080011c4   0x00000014   Code   RO          103    .text.cmt2119b_read_reg  cmt2119b.o
    0x080011d8   0x080011d8   0x0000000e   Code   RO          162    .text.cmt2119b_sclk_high  cmt2119b_port.o
    0x080011e6   0x080011e6   0x0000000e   Code   RO          164    .text.cmt2119b_sclk_low  cmt2119b_port.o
    0x080011f4   0x080011f4   0x0000000e   Code   RO          166    .text.cmt2119b_sdio_high  cmt2119b_port.o
    0x08001202   0x08001202   0x00000012   Code   RO          174    .text.cmt2119b_sdio_input  cmt2119b_port.o
    0x08001214   0x08001214   0x0000000e   Code   RO          168    .text.cmt2119b_sdio_low  cmt2119b_port.o
    0x08001222   0x08001222   0x00000028   Code   RO          172    .text.cmt2119b_sdio_output  cmt2119b_port.o
    0x0800124a   0x0800124a   0x00000012   Code   RO          170    .text.cmt2119b_sdio_read  cmt2119b_port.o
    0x0800125c   0x0800125c   0x000000b2   Code   RO          129    .text.cmt2119b_send_packet  cmt2119b.o
    0x0800130e   0x0800130e   0x00000016   Code   RO          115    .text.cmt2119b_set_frequency_channel  cmt2119b.o
    0x08001324   0x08001324   0x00000016   Code   RO          117    .text.cmt2119b_set_frequency_step  cmt2119b.o
    0x0800133a   0x0800133a   0x0000000c   Code   RO           99    .text.cmt2119b_soft_reset  cmt2119b.o
    0x08001346   0x08001346   0x00000002   PAD
    0x08001348   0x08001348   0x00000054   Code   RO          189    .text.cmt2119b_spi_init  cmt2119b_spi.o
    0x0800139c   0x0800139c   0x00000056   Code   RO          158    .text.cmt2119b_spi_pins_to_gpio  cmt2119b_port.o
    0x080013f2   0x080013f2   0x00000062   Code   RO          160    .text.cmt2119b_spi_pins_to_spi0  cmt2119b_port.o
    0x08001454   0x08001454   0x00000098   Code   RO          195    .text.cmt2119b_spi_read_reg  cmt2119b_spi.o
    0x080014ec   0x080014ec   0x0000003c   Code   RO          193    .text.cmt2119b_spi_send_byte  cmt2119b_spi.o
    0x08001528   0x08001528   0x0000005a   Code   RO          201    .text.cmt2119b_spi_write_fifo  cmt2119b_spi.o
    0x08001582   0x08001582   0x00000042   Code   RO          191    .text.cmt2119b_spi_write_reg  cmt2119b_spi.o
    0x080015c4   0x080015c4   0x00000028   Code   RO          119    .text.cmt2119b_write_fifo  cmt2119b.o
    0x080015ec   0x080015ec   0x0000001c   Code   RO          105    .text.cmt2119b_write_reg  cmt2119b.o
    0x08001608   0x08001608   0x00000060   Code   RO          257    .text.cmt2219b_auto_switch_status  cmt2219b.o
    0x08001668   0x08001668   0x00000014   Code   RO          237    .text.cmt2219b_clear_interrupt_flags  cmt2219b.o
    0x0800167c   0x0800167c   0x0000000c   Code   RO          263    .text.cmt2219b_clear_rx_fifo  cmt2219b.o
    0x08001688   0x08001688   0x00000010   Code   RO          297    .text.cmt2219b_clk_high  cmt2219b_port.o
    0x08001698   0x08001698   0x00000010   Code   RO          299    .text.cmt2219b_clk_low  cmt2219b_port.o
    0x080016a8   0x080016a8   0x0000003e   Code   RO          241    .text.cmt2219b_config_gpio_interrupt  cmt2219b.o
    0x080016e6   0x080016e6   0x00000046   Code   RO          239    .text.cmt2219b_config_reg_bank  cmt2219b.o
    0x0800172c   0x0800172c   0x00000010   Code   RO          285    .text.cmt2219b_csb_high  cmt2219b_port.o
    0x0800173c   0x0800173c   0x00000010   Code   RO          293    .text.cmt2219b_csb_low  cmt2219b_port.o
    0x0800174c   0x0800174c   0x00000010   Code   RO          315    .text.cmt2219b_delay_ms  cmt2219b_port.o
    0x0800175c   0x0800175c   0x00000010   Code   RO          313    .text.cmt2219b_delay_us  cmt2219b_port.o
    0x0800176c   0x0800176c   0x00000064   Code   RO          235    .text.cmt2219b_enable_lfosc  cmt2219b.o
    0x080017d0   0x080017d0   0x0000002e   Code   RO          261    .text.cmt2219b_enable_read_fifo  cmt2219b.o
    0x080017fe   0x080017fe   0x00000002   PAD
    0x08001800   0x08001800   0x00000014   Code   RO          287    .text.cmt2219b_fcsb_high  cmt2219b_port.o
    0x08001814   0x08001814   0x0000000e   Code   RO          267    .text.cmt2219b_get_chip_status  cmt2219b.o
    0x08001822   0x08001822   0x0000000c   Code   RO          259    .text.cmt2219b_go_rx  cmt2219b.o
    0x0800182e   0x0800182e   0x0000000c   Code   RO          243    .text.cmt2219b_go_sleep  cmt2219b.o
    0x0800183a   0x0800183a   0x0000000c   Code   RO          229    .text.cmt2219b_go_stby  cmt2219b.o
    0x08001846   0x08001846   0x0000005e   Code   RO          334    .text.cmt2219b_gpio_recv_byte  cmt2219b_spi.o
    0x080018a4   0x080018a4   0x0000005a   Code   RO          332    .text.cmt2219b_gpio_send_byte  cmt2219b_spi.o
    0x080018fe   0x080018fe   0x00000002   PAD
    0x08001900   0x08001900   0x00000120   Code   RO          225    .text.cmt2219b_init  cmt2219b.o
    0x08001a20   0x08001a20   0x00000056   Code   RO          245    .text.cmt2219b_is_exist  cmt2219b.o
    0x08001a76   0x08001a76   0x00000002   PAD
    0x08001a78   0x08001a78   0x000000ec   Code   RO          283    .text.cmt2219b_port_init  cmt2219b_port.o
    0x08001b64   0x08001b64   0x00000014   Code   RO          231    .text.cmt2219b_read_reg  cmt2219b.o
    0x08001b78   0x08001b78   0x00000010   Code   RO          301    .text.cmt2219b_sdio_high  cmt2219b_port.o
    0x08001b88   0x08001b88   0x00000014   Code   RO          309    .text.cmt2219b_sdio_input  cmt2219b_port.o
    0x08001b9c   0x08001b9c   0x00000010   Code   RO          303    .text.cmt2219b_sdio_low  cmt2219b_port.o
    0x08001bac   0x08001bac   0x00000028   Code   RO          307    .text.cmt2219b_sdio_output  cmt2219b_port.o
    0x08001bd4   0x08001bd4   0x00000018   Code   RO          305    .text.cmt2219b_sdio_read  cmt2219b_port.o
    0x08001bec   0x08001bec   0x00000016   Code   RO          247    .text.cmt2219b_set_frequency_channel  cmt2219b.o
    0x08001c02   0x08001c02   0x00000016   Code   RO          249    .text.cmt2219b_set_frequency_step  cmt2219b.o
    0x08001c18   0x08001c18   0x0000000c   Code   RO          227    .text.cmt2219b_soft_reset  cmt2219b.o
    0x08001c24   0x08001c24   0x00000018   Code   RO          340    .text.cmt2219b_spi_delay  cmt2219b_spi.o
    0x08001c3c   0x08001c3c   0x00000060   Code   RO          324    .text.cmt2219b_spi_init  cmt2219b_spi.o
    0x08001c9c   0x08001c9c   0x00000058   Code   RO          289    .text.cmt2219b_spi_pins_to_gpio  cmt2219b_port.o
    0x08001cf4   0x08001cf4   0x00000070   Code   RO          291    .text.cmt2219b_spi_pins_to_spi1  cmt2219b_port.o
    0x08001d64   0x08001d64   0x00000090   Code   RO          330    .text.cmt2219b_spi_read_reg  cmt2219b_spi.o
    0x08001df4   0x08001df4   0x0000003c   Code   RO          328    .text.cmt2219b_spi_send_byte  cmt2219b_spi.o
    0x08001e30   0x08001e30   0x00000042   Code   RO          326    .text.cmt2219b_spi_write_reg  cmt2219b_spi.o
    0x08001e72   0x08001e72   0x0000001c   Code   RO          233    .text.cmt2219b_write_reg  cmt2219b.o
    0x08001e8e   0x08001e8e   0x00000002   PAD
    0x08001e90   0x08001e90   0x00000074   Code   RO           45    .text.delay_ms      systick.o
    0x08001f04   0x08001f04   0x00000080   Code   RO           41    .text.delay_us      systick.o
    0x08001f84   0x08001f84   0x0000001c   Code   RO          647    .text.dma_channel_disable  gd32e23x_dma.o
    0x08001fa0   0x08001fa0   0x0000001c   Code   RO          657    .text.dma_channel_enable  gd32e23x_dma.o
    0x08001fbc   0x08001fbc   0x0000001c   Code   RO          651    .text.dma_circulation_disable  gd32e23x_dma.o
    0x08001fd8   0x08001fd8   0x00000058   Code   RO          641    .text.dma_deinit    gd32e23x_dma.o
    0x08002030   0x08002030   0x00000020   Code   RO          685    .text.dma_flag_clear  gd32e23x_dma.o
    0x08002050   0x08002050   0x00000110   Code   RO          645    .text.dma_init      gd32e23x_dma.o
    0x08002160   0x08002160   0x00000020   Code   RO          691    .text.dma_interrupt_enable  gd32e23x_dma.o
    0x08002180   0x08002180   0x00000024   Code   RO          689    .text.dma_interrupt_flag_clear  gd32e23x_dma.o
    0x080021a4   0x080021a4   0x000000c4   Code   RO          687    .text.dma_interrupt_flag_get  gd32e23x_dma.o
    0x08002268   0x08002268   0x00000024   Code   RO          661    .text.dma_memory_address_config  gd32e23x_dma.o
    0x0800228c   0x0800228c   0x0000002e   Code   RO          643    .text.dma_struct_para_init  gd32e23x_dma.o
    0x080022ba   0x080022ba   0x00000002   PAD
    0x080022bc   0x080022bc   0x00000020   Code   RO          663    .text.dma_transfer_number_config  gd32e23x_dma.o
    0x080022dc   0x080022dc   0x0000001c   Code   RO          665    .text.dma_transfer_number_get  gd32e23x_dma.o
    0x080022f8   0x080022f8   0x00000010   Code   RO          785    .text.fmc_flag_clear  gd32e23x_fmc.o
    0x08002308   0x08002308   0x0000000c   Code   RO          735    .text.fmc_lock      gd32e23x_fmc.o
    0x08002314   0x08002314   0x0000005c   Code   RO          743    .text.fmc_page_erase  gd32e23x_fmc.o
    0x08002370   0x08002370   0x0000005a   Code   RO          745    .text.fmc_ready_wait  gd32e23x_fmc.o
    0x080023ca   0x080023ca   0x00000002   PAD
    0x080023cc   0x080023cc   0x00000054   Code   RO          791    .text.fmc_state_get  gd32e23x_fmc.o
    0x08002420   0x08002420   0x00000028   Code   RO          733    .text.fmc_unlock    gd32e23x_fmc.o
    0x08002448   0x08002448   0x00000054   Code   RO          751    .text.fmc_word_program  gd32e23x_fmc.o
    0x0800249c   0x0800249c   0x00000016   Code   RO           68    .text.fputc         bsp_usart.o
    0x080024b2   0x080024b2   0x00000002   PAD
    0x080024b4   0x080024b4   0x00000158   Code   RO          457    .text.get_key_num   app_key.o
    0x0800260c   0x0800260c   0x000000c0   Code   RO          847    .text.gpio_af_set   gd32e23x_gpio.o
    0x080026cc   0x080026cc   0x00000010   Code   RO          833    .text.gpio_bit_reset  gd32e23x_gpio.o
    0x080026dc   0x080026dc   0x00000010   Code   RO          831    .text.gpio_bit_set  gd32e23x_gpio.o
    0x080026ec   0x080026ec   0x0000002a   Code   RO          839    .text.gpio_input_bit_get  gd32e23x_gpio.o
    0x08002716   0x08002716   0x0000008e   Code   RO          827    .text.gpio_mode_set  gd32e23x_gpio.o
    0x080027a4   0x080027a4   0x0000008a   Code   RO          829    .text.gpio_output_options_set  gd32e23x_gpio.o
    0x0800282e   0x0800282e   0x00000002   PAD
    0x08002830   0x08002830   0x00000098   Code   RO          455    .text.key_init      app_key.o
    0x080028c8   0x080028c8   0x00000052   Code   RO           27    .text.main          main.o
    0x0800291a   0x0800291a   0x00000016   Code   RO          945    .text.nvic_irq_disable  gd32e23x_misc.o
    0x08002930   0x08002930   0x0000002c   Code   RO          939    .text.nvic_irq_enable  gd32e23x_misc.o
    0x0800295c   0x0800295c   0x00000020   Code   RO          953    .text.nvic_vector_table_set  gd32e23x_misc.o
    0x0800297c   0x0800297c   0x0000003c   Code   RO          430    .text.pa15_led_init  led_test.o
    0x080029b8   0x080029b8   0x00000040   Code   RO          432    .text.pb9_led_init  led_test.o
    0x080029f8   0x080029f8   0x0000004c   Code   RO          395    .text.print_buf     app_211.o
    0x08002a44   0x08002a44   0x00000066   Code   RO          349    .text.radio_rx_init  radio_rx.o
    0x08002aaa   0x08002aaa   0x0000002a   Code   RO          353    .text.radio_rx_set_channel  radio_rx.o
    0x08002ad4   0x08002ad4   0x0000002a   Code   RO          355    .text.radio_rx_set_frequency_step  radio_rx.o
    0x08002afe   0x08002afe   0x0000003a   Code   RO          210    .text.radio_tx_init  radio_tx.o
    0x08002b38   0x08002b38   0x00000020   Code   RO          212    .text.radio_tx_send  radio_tx.o
    0x08002b58   0x08002b58   0x0000001e   Code   RO          214    .text.radio_tx_set_channel  radio_tx.o
    0x08002b76   0x08002b76   0x0000001e   Code   RO          216    .text.radio_tx_set_frequency_step  radio_tx.o
    0x08002b94   0x08002b94   0x0000027c   Code   RO         1078    .text.rcu_clock_freq_get  gd32e23x_rcu.o
    0x08002e10   0x08002e10   0x00000024   Code   RO         1004    .text.rcu_periph_clock_enable  gd32e23x_rcu.o
    0x08002e34   0x08002e34   0x00000024   Code   RO         1014    .text.rcu_periph_reset_disable  gd32e23x_rcu.o
    0x08002e58   0x08002e58   0x00000028   Code   RO         1012    .text.rcu_periph_reset_enable  gd32e23x_rcu.o
    0x08002e80   0x08002e80   0x00000064   Code   RO         1636    .text.rf_build_default_flash_config  rf_uart_set_config.o
    0x08002ee4   0x08002ee4   0x00000064   Code   RO         1646    .text.rf_build_one_config  rf_uart_set_config.o
    0x08002f48   0x08002f48   0x00000028   Code   RO          443    .text.rf_calc_freq_hz  app_tx-rx_config.o
    0x08002f70   0x08002f70   0x0000008c   Code   RO         1609    .text.rf_config_apply  rf_apply.o
    0x08002ffc   0x08002ffc   0x000000e4   Code   RO         1621    .text.rf_config_check  rf_config.o
    0x080030e0   0x080030e0   0x000000a8   Code   RO         1623    .text.rf_crc16_calc  rf_config.o
    0x08003188   0x08003188   0x0000013c   Code   RO         1642    .text.rf_execute_command  rf_uart_set_config.o
    0x080032c4   0x080032c4   0x0000004e   Code   RO         1650    .text.rf_expect_char  rf_uart_set_config.o
    0x08003312   0x08003312   0x00000002   PAD
    0x08003314   0x08003314   0x0000003c   Code   RO         1634    .text.rf_flash_config_read  rf_uart_set_config.o
    0x08003350   0x08003350   0x00000100   Code   RO         1652    .text.rf_flash_config_write  rf_uart_set_config.o
    0x08003450   0x08003450   0x000000cc   Code   RO         1644    .text.rf_flash_record_check  rf_uart_set_config.o
    0x0800351c   0x0800351c   0x00000088   Code   RO          441    .text.rf_get_tx_rx_real_freq  app_tx-rx_config.o
    0x080035a4   0x080035a4   0x0000018c   Code   RO         1640    .text.rf_parse_command  rf_uart_set_config.o
    0x08003730   0x08003730   0x000000c0   Code   RO         1648    .text.rf_parse_uint8  rf_uart_set_config.o
    0x080037f0   0x080037f0   0x00000040   Code   RO          445    .text.rf_print_tx_rx_real_freq  app_tx-rx_config.o
    0x08003830   0x08003830   0x00000088   Code   RO         1611    .text.rf_test_apply_config  rf_apply.o
    0x080038b8   0x080038b8   0x00000138   Code   RO         1638    .text.rf_uart_config_process  rf_uart_set_config.o
    0x080039f0   0x080039f0   0x0000005c   Code   RO         1632    .text.rf_uart_config_restore  rf_uart_set_config.o
    0x08003a4c   0x08003a4c   0x00000012   Code   RO         1166    .text.spi_disable   gd32e23x_spi.o
    0x08003a5e   0x08003a5e   0x00000012   Code   RO         1164    .text.spi_enable    gd32e23x_spi.o
    0x08003a70   0x08003a70   0x00000022   Code   RO         1238    .text.spi_fifo_access_size_config  gd32e23x_spi.o
    0x08003a92   0x08003a92   0x00000002   PAD
    0x08003a94   0x08003a94   0x0000004c   Code   RO         1190    .text.spi_i2s_data_transmit  gd32e23x_spi.o
    0x08003ae0   0x08003ae0   0x00000048   Code   RO         1158    .text.spi_i2s_deinit  gd32e23x_spi.o
    0x08003b28   0x08003b28   0x00000080   Code   RO         1234    .text.spi_i2s_flag_get  gd32e23x_spi.o
    0x08003ba8   0x08003ba8   0x00000134   Code   RO         1162    .text.spi_init      gd32e23x_spi.o
    0x08003cdc   0x08003cdc   0x00000026   Code   RO         1160    .text.spi_struct_para_init  gd32e23x_spi.o
    0x08003d02   0x08003d02   0x00000002   PAD
    0x08003d04   0x08003d04   0x000000e0   Code   RO          382    .text.system_clock_72m_irc8m  system_gd32e23x.o
    0x08003de4   0x08003de4   0x00000008   Code   RO          378    .text.system_clock_config  system_gd32e23x.o
    0x08003dec   0x08003dec   0x0000002c   Code   RO          959    .text.systick_clksource_set  gd32e23x_misc.o
    0x08003e18   0x08003e18   0x00000040   Code   RO           37    .text.systick_config  systick.o
    0x08003e58   0x08003e58   0x000000b0   Code   RO         1435    .text.usart_baudrate_set  gd32e23x_usart.o
    0x08003f08   0x08003f08   0x00000050   Code   RO         1433    .text.usart_deinit  gd32e23x_usart.o
    0x08003f58   0x08003f58   0x0000001e   Code   RO         1547    .text.usart_dma_receive_config  gd32e23x_usart.o
    0x08003f76   0x08003f76   0x0000001e   Code   RO         1549    .text.usart_dma_transmit_config  gd32e23x_usart.o
    0x08003f94   0x08003f94   0x00000012   Code   RO         1443    .text.usart_enable  gd32e23x_usart.o
    0x08003fa6   0x08003fa6   0x0000003c   Code   RO         1567    .text.usart_flag_get  gd32e23x_usart.o
    0x08003fe2   0x08003fe2   0x00000002   PAD
    0x08003fe4   0x08003fe4   0x000000f8   Code   RO           56    .text.usart_gpio_config  bsp_usart.o
    0x080040dc   0x080040dc   0x00000022   Code   RO         1573    .text.usart_interrupt_disable  gd32e23x_usart.o
    0x080040fe   0x080040fe   0x00000022   Code   RO         1571    .text.usart_interrupt_enable  gd32e23x_usart.o
    0x08004120   0x08004120   0x00000040   Code   RO         1579    .text.usart_interrupt_flag_clear  gd32e23x_usart.o
    0x08004160   0x08004160   0x00000062   Code   RO         1577    .text.usart_interrupt_flag_get  gd32e23x_usart.o
    0x080041c2   0x080041c2   0x0000002a   Code   RO         1437    .text.usart_parity_config  gd32e23x_usart.o
    0x080041ec   0x080041ec   0x0000001e   Code   RO         1449    .text.usart_receive_config  gd32e23x_usart.o
    0x0800420a   0x0800420a   0x00000002   PAD
    0x0800420c   0x0800420c   0x00000068   Code   RO           58    .text.usart_rx_dma_init  bsp_usart.o
    0x08004274   0x08004274   0x00000034   Code   RO           72    .text.usart_rx_dma_restart  bsp_usart.o
    0x080042a8   0x080042a8   0x000000ac   Code   RO           60    .text.usart_send_buffer  bsp_usart.o
    0x08004354   0x08004354   0x00000014   Code   RO           64    .text.usart_send_data  bsp_usart.o
    0x08004368   0x08004368   0x0000003c   Code   RO           66    .text.usart_send_string  bsp_usart.o
    0x080043a4   0x080043a4   0x0000002a   Code   RO         1441    .text.usart_stop_bit_set  gd32e23x_usart.o
    0x080043ce   0x080043ce   0x0000001e   Code   RO         1447    .text.usart_transmit_config  gd32e23x_usart.o
    0x080043ec   0x080043ec   0x00000034   Code   RO           76    .text.usart_tx_dma_complete  bsp_usart.o
    0x08004420   0x08004420   0x000000ec   Code   RO           62    .text.usart_tx_dma_start  bsp_usart.o
    0x0800450c   0x0800450c   0x0000002a   Code   RO         1439    .text.usart_word_length_set  gd32e23x_usart.o
    0x08004536   0x08004536   0x00000002   PAD
    0x08004538   0x08004538   0x00000020   Code   RO         1674    i.__0printf         mc_p.l(printfa.o)
    0x08004558   0x08004558   0x0000002e   Code   RO         1761    i.__ARM_clz         mf_p.l(depilogue.o)
    0x08004586   0x08004586   0x0000000e   Code   RO         1765    i.__scatterload_copy  mc_p.l(handlers.o)
    0x08004594   0x08004594   0x00000002   Code   RO         1766    i.__scatterload_null  mc_p.l(handlers.o)
    0x08004596   0x08004596   0x0000000e   Code   RO         1767    i.__scatterload_zeroinit  mc_p.l(handlers.o)
    0x080045a4   0x080045a4   0x00000174   Code   RO         1681    i._fp_digits        mc_p.l(printfa.o)
    0x08004718   0x08004718   0x000006ec   Code   RO         1682    i._printf_core      mc_p.l(printfa.o)
    0x08004e04   0x08004e04   0x00000020   Code   RO         1683    i._printf_post_padding  mc_p.l(printfa.o)
    0x08004e24   0x08004e24   0x0000002c   Code   RO         1684    i._printf_pre_padding  mc_p.l(printfa.o)
    0x08004e50   0x08004e50   0x0000001d   Data   RO          139    .rodata.g_cmt2119b_baseband_bank  cmt2119b.o
    0x08004e6d   0x08004e6d   0x0000000c   Data   RO          135    .rodata.g_cmt2119b_cmt_bank  cmt2119b.o
    0x08004e79   0x08004e79   0x00000018   Data   RO          138    .rodata.g_cmt2119b_data_rate_bank  cmt2119b.o
    0x08004e91   0x08004e91   0x00000008   Data   RO          137    .rodata.g_cmt2119b_frequency_bank  cmt2119b.o
    0x08004e99   0x08004e99   0x0000000c   Data   RO          136    .rodata.g_cmt2119b_system_bank  cmt2119b.o
    0x08004ea5   0x08004ea5   0x0000000b   Data   RO          140    .rodata.g_cmt2119b_tx_bank  cmt2119b.o
    0x08004eb0   0x08004eb0   0x0000001d   Data   RO          273    .rodata.g_cmt2219b_baseband_bank  cmt2219b.o
    0x08004ecd   0x08004ecd   0x0000000c   Data   RO          269    .rodata.g_cmt2219b_cmt_bank  cmt2219b.o
    0x08004ed9   0x08004ed9   0x00000018   Data   RO          272    .rodata.g_cmt2219b_data_rate_bank  cmt2219b.o
    0x08004ef1   0x08004ef1   0x00000008   Data   RO          271    .rodata.g_cmt2219b_frequency_bank  cmt2219b.o
    0x08004ef9   0x08004ef9   0x00000001   Data   RO          275    .rodata.g_cmt2219b_lbd_bank  cmt2219b.o
    0x08004efa   0x08004efa   0x0000000c   Data   RO          270    .rodata.g_cmt2219b_system_bank  cmt2219b.o
    0x08004f06   0x08004f06   0x0000000a   Data   RO          274    .rodata.g_cmt2219b_tx_bank  cmt2219b.o
    0x08004f10   0x08004f10   0x0000005d   Data   RO          402    .rodata.str1.1      app_211.o
    0x08004f6d   0x08004f6d   0x00000070   Data   RO          420    .rodata.str1.1      app_221.o
    0x08004fdd   0x08004fdd   0x0000009a   Data   RO          447    .rodata.str1.1      app_tx-rx_config.o
    0x08005077   0x08005077   0x000000a6   Data   RO         1613    .rodata.str1.1      rf_apply.o
    0x0800511d   0x0800511d   0x00000003   PAD
    0x08005120   0x08005120   0x00000020   Data   RO         1764    Region$$Table       anon$$obj.o


    Execution Region RW_IRAM1 (Exec base: 0x20000000, Load base: 0x08005140, Size: 0x00001700, Max: 0x00002000, ABSOLUTE)

    Exec Addr    Load Addr    Size         Type   Attr      Idx    E Section Name        Object

    0x20000000   0x08005140   0x00000004   Data   RW         1723    .data               mc_p.l(stdout.o)
    0x20000004   0x08005144   0x00000004   Data   RW          384    .data.SystemCoreClock  system_gd32e23x.o
    0x20000008   0x08005148   0x00000020   Data   RW          401    .data.tx_buf_data   app_211.o
    0x20000028        -       0x00000004   Zero   RW           48    .bss.count_1ms      systick.o
    0x2000002c        -       0x00000004   Zero   RW           47    .bss.count_1us      systick.o
    0x20000030        -       0x00001000   Zero   RW           86    .bss.g_recv_buff    bsp_usart.o
    0x20001030        -       0x00000001   Zero   RW           79    .bss.g_recv_complete_flag  bsp_usart.o
    0x20001031   0x08005168   0x00000001   PAD
    0x20001032        -       0x00000002   Zero   RW           78    .bss.g_recv_length  bsp_usart.o
    0x20001034        -       0x0000002c   Zero   RW         1654    .bss.g_rf_saved_config  rf_uart_set_config.o
    0x20001060        -       0x00000004   Zero   RW           82    .bss.g_usart_dma_error_count  bsp_usart.o
    0x20001064        -       0x00000080   Zero   RW           87    .bss.g_usart_rx_dma_buffer  bsp_usart.o
    0x200010e4        -       0x00000004   Zero   RW           81    .bss.g_usart_rx_overflow_count  bsp_usart.o
    0x200010e8        -       0x00000001   Zero   RW           89    .bss.g_usart_tx_dma_busy  bsp_usart.o
    0x200010e9   0x08005168   0x00000001   PAD
    0x200010ea        -       0x00000002   Zero   RW           88    .bss.g_usart_tx_dma_length  bsp_usart.o
    0x200010ec        -       0x00000004   Zero   RW           80    .bss.g_usart_tx_overflow_count  bsp_usart.o
    0x200010f0        -       0x00000200   Zero   RW           85    .bss.g_usart_tx_queue  bsp_usart.o
    0x200012f0        -       0x00000002   Zero   RW           84    .bss.g_usart_tx_read  bsp_usart.o
    0x200012f2        -       0x00000002   Zero   RW           83    .bss.g_usart_tx_write  bsp_usart.o
    0x200012f4        -       0x00000001   Zero   RW          419    .bss.rx_ok          app_221.o
    0x200012f5        -       0x00000001   Zero   RW          404    .bss.send_ret       app_211.o
    0x200012f6   0x08005168   0x00000002   PAD
    0x200012f8        -       0x00000004   Zero   RW          405    .bss.tx_count       app_211.o
    0x200012fc        -       0x00000001   Zero   RW          403    .bss.tx_ok          app_211.o
    0x200012fd   0x08005168   0x00000003   PAD
    0x20001300        -       0x00000400   Zero   RW          366    STACK               startup_gd32e23x.o


==============================================================================

Image component sizes


      Code (inc. data)   RO Data    RW Data    ZI Data      Debug   Object Name

       240         44         93         32          6       1518   app_211.o
        84         16        112          0          1       1206   app_221.o
       496          8          0          0          0       1523   app_key.o
       240         16        154          0          0       1449   app_tx-rx_config.o
      1410        128          0          0       4758       6736   bsp_usart.o
      1058         24         96          0          0       3979   cmt2119b.o
       620         16          0          0          0       2808   cmt2119b_port.o
       648          4          0          0          0       2773   cmt2119b_spi.o
       934         28         96          0          0       4377   cmt2219b.o
       668         20          0          0          0       2852   cmt2219b_port.o
       574          4          0          0          0       3400   cmt2219b_spi.o
       882         24          0          0          0       5519   gd32e23x_dma.o
       418         24          0          0          0       6395   gd32e23x_fmc.o
       546          0          0          0          0       4208   gd32e23x_gpio.o
        12          0          0          0          0        977   gd32e23x_it.o
       386         28          0          0          0       3863   gd32e23x_misc.o
       748         40          0          0          0      11143   gd32e23x_rcu.o
       692         16          0          0          0       8940   gd32e23x_spi.o
       810         20          0          0          0      14143   gd32e23x_usart.o
       124         12          0          0          0       1173   led_test.o
        82          0          0          0          0        551   main.o
       186          0          0          0          0       1287   radio_rx.o
       150          0          0          0          0       1032   radio_tx.o
       276         28        166          0          0       1445   rf_apply.o
       396         20          0          0          0       1514   rf_config.o
      2106         40          0          0         44       6134   rf_uart_set_config.o
        28          8        204          0       1024        680   startup_gd32e23x.o
       404         56          0          4          0       1805   system_gd32e23x.o
       308         40          0          0          8       1742   systick.o

    ----------------------------------------------------------------------
     15560        664        956         36       5848     105172   Object Totals
         0          0         32          0          0          0   (incl. Generated)
        34          0          3          0          7          0   (incl. Padding)

    ----------------------------------------------------------------------

      Code (inc. data)   RO Data    RW Data    ZI Data      Debug   Library Member Name

         0          0          0          0          0          0   entry.o
         0          0          0          0          0          0   entry10a.o
         0          0          0          0          0          0   entry11a.o
         8          4          0          0          0          0   entry2.o
         4          0          0          0          0          0   entry5.o
         0          0          0          0          0          0   entry7b.o
         0          0          0          0          0          0   entry8b.o
         8          4          0          0          0          0   entry9a.o
        30          0          0          0          0          0   handlers.o
        48         10          0          0          0         68   init.o
         0          0          0          0          0          0   iusefp.o
        32          0          0          0          0         68   llshl.o
        38          0          0          0          0         68   llsshr.o
        34          0          0          0          0         68   llushr.o
        26          0          0          0          0         72   memcmp.o
        36          0          0          0          0         60   memcpya.o
        36          0          0          0          0        100   memseta.o
      2252         98          0          0          0        412   printfa.o
         0          0          0          4          0          0   stdout.o
        62          0          0          0          0         72   uidiv_div0.o
        96          0          0          0          0         84   uldiv.o
        40          2          0          0          0         68   cdrcmple.o
       356          4          0          0          0        140   dadd.o
       240          6          0          0          0         84   ddiv.o
       236          0          0          0          0        216   depilogue.o
        64         10          0          0          0         68   dfixul.o
       208          6          0          0          0         88   dmul.o
       124          0          0          0          0         72   fdiv.o
       130          0          0          0          0        144   fepilogue.o
        40          0          0          0          0         60   ffixui.o
        14          0          0          0          0         68   ffltui.o
       122          0          0          0          0         72   fmul.o

    ----------------------------------------------------------------------
      4284        144          0          4          0       2152   Library Totals
         0          0          0          0          0          0   (incl. Padding)

    ----------------------------------------------------------------------

      Code (inc. data)   RO Data    RW Data    ZI Data      Debug   Library Name

      2710        116          0          4          0       1072   mc_p.l
      1574         28          0          0          0       1080   mf_p.l

    ----------------------------------------------------------------------
      4284        144          0          4          0       2152   Library Totals

    ----------------------------------------------------------------------

==============================================================================


      Code (inc. data)   RO Data    RW Data    ZI Data      Debug   

     19844        808        956         40       5848     105916   Grand Totals
     19844        808        956         40       5848     105916   ELF Image Totals
     19844        808        956         40          0          0   ROM Totals

==============================================================================

    Total RO  Size (Code + RO Data)                20800 (  20.31kB)
    Total RW  Size (RW Data + ZI Data)              5888 (   5.75kB)
    Total ROM Size (Code + RO Data + RW Data)      20840 (  20.35kB)

==============================================================================

