Component: Arm Compiler for Embedded 6.21 Tool: armlink [5ec1fa00]

==============================================================================

Section Cross References

    gd32e23x_it.o(.ARM.exidx.text.NMI_Handler) refers to gd32e23x_it.o(.text.NMI_Handler) for [Anonymous Symbol]
    gd32e23x_it.o(.ARM.exidx.text.HardFault_Handler) refers to gd32e23x_it.o(.text.HardFault_Handler) for [Anonymous Symbol]
    gd32e23x_it.o(.ARM.exidx.text.MemManage_Handler) refers to gd32e23x_it.o(.text.MemManage_Handler) for [Anonymous Symbol]
    gd32e23x_it.o(.ARM.exidx.text.BusFault_Handler) refers to gd32e23x_it.o(.text.BusFault_Handler) for [Anonymous Symbol]
    gd32e23x_it.o(.ARM.exidx.text.UsageFault_Handler) refers to gd32e23x_it.o(.text.UsageFault_Handler) for [Anonymous Symbol]
    gd32e23x_it.o(.ARM.exidx.text.SVC_Handler) refers to gd32e23x_it.o(.text.SVC_Handler) for [Anonymous Symbol]
    gd32e23x_it.o(.ARM.exidx.text.DebugMon_Handler) refers to gd32e23x_it.o(.text.DebugMon_Handler) for [Anonymous Symbol]
    gd32e23x_it.o(.ARM.exidx.text.PendSV_Handler) refers to gd32e23x_it.o(.text.PendSV_Handler) for [Anonymous Symbol]
    gd32e23x_it.o(.ARM.exidx.text.SysTick_Handler) refers to gd32e23x_it.o(.text.SysTick_Handler) for [Anonymous Symbol]
    main.o(.text.main) refers to systick.o(.text.systick_config) for systick_config
    main.o(.text.main) refers to main.o(.text.test_packet_init) for test_packet_init
    main.o(.text.main) refers to radio_tx.o(.text.radio_tx_init) for radio_tx_init
    main.o(.text.main) refers to radio_tx.o(.text.radio_tx_send) for radio_tx_send
    main.o(.text.main) refers to systick.o(.text.delay_ms) for delay_ms
    main.o(.text.main) refers to main.o(.bss.tx_buf) for [Anonymous Symbol]
    main.o(.ARM.exidx.text.main) refers to main.o(.text.main) for [Anonymous Symbol]
    main.o(.text.test_packet_init) refers to main.o(.bss.tx_buf) for [Anonymous Symbol]
    main.o(.ARM.exidx.text.test_packet_init) refers to main.o(.text.test_packet_init) for [Anonymous Symbol]
    systick.o(.text.systick_config) refers to gd32e23x_misc.o(.text.systick_clksource_set) for systick_clksource_set
    systick.o(.text.systick_config) refers to ffltui.o(.text) for __aeabi_ui2f
    systick.o(.text.systick_config) refers to fdiv.o(.text) for __aeabi_fdiv
    systick.o(.text.systick_config) refers to fmul.o(.text) for __aeabi_fmul
    systick.o(.text.systick_config) refers to system_gd32e23x.o(.data.SystemCoreClock) for SystemCoreClock
    systick.o(.text.systick_config) refers to systick.o(.bss.count_1us) for [Anonymous Symbol]
    systick.o(.text.systick_config) refers to systick.o(.bss.count_1ms) for [Anonymous Symbol]
    systick.o(.ARM.exidx.text.systick_config) refers to systick.o(.text.systick_config) for [Anonymous Symbol]
    systick.o(.text.delay_1us) refers to ffltui.o(.text) for __aeabi_ui2f
    systick.o(.text.delay_1us) refers to fmul.o(.text) for __aeabi_fmul
    systick.o(.text.delay_1us) refers to ffixui.o(.text) for __aeabi_f2uiz
    systick.o(.text.delay_1us) refers to systick.o(.bss.count_1us) for [Anonymous Symbol]
    systick.o(.ARM.exidx.text.delay_1us) refers to systick.o(.text.delay_1us) for [Anonymous Symbol]
    systick.o(.text.delay_us) refers to ffltui.o(.text) for __aeabi_ui2f
    systick.o(.text.delay_us) refers to fmul.o(.text) for __aeabi_fmul
    systick.o(.text.delay_us) refers to ffixui.o(.text) for __aeabi_f2uiz
    systick.o(.text.delay_us) refers to systick.o(.bss.count_1us) for [Anonymous Symbol]
    systick.o(.ARM.exidx.text.delay_us) refers to systick.o(.text.delay_us) for [Anonymous Symbol]
    systick.o(.text.delay_1ms) refers to ffltui.o(.text) for __aeabi_ui2f
    systick.o(.text.delay_1ms) refers to fmul.o(.text) for __aeabi_fmul
    systick.o(.text.delay_1ms) refers to ffixui.o(.text) for __aeabi_f2uiz
    systick.o(.text.delay_1ms) refers to systick.o(.bss.count_1ms) for [Anonymous Symbol]
    systick.o(.ARM.exidx.text.delay_1ms) refers to systick.o(.text.delay_1ms) for [Anonymous Symbol]
    systick.o(.text.delay_ms) refers to ffltui.o(.text) for __aeabi_ui2f
    systick.o(.text.delay_ms) refers to fmul.o(.text) for __aeabi_fmul
    systick.o(.text.delay_ms) refers to ffixui.o(.text) for __aeabi_f2uiz
    systick.o(.text.delay_ms) refers to systick.o(.bss.count_1ms) for [Anonymous Symbol]
    systick.o(.ARM.exidx.text.delay_ms) refers to systick.o(.text.delay_ms) for [Anonymous Symbol]
    bsp_usart.o(.text.usart_gpio_config) refers to gd32e23x_rcu.o(.text.rcu_periph_clock_enable) for rcu_periph_clock_enable
    bsp_usart.o(.text.usart_gpio_config) refers to gd32e23x_gpio.o(.text.gpio_af_set) for gpio_af_set
    bsp_usart.o(.text.usart_gpio_config) refers to gd32e23x_gpio.o(.text.gpio_mode_set) for gpio_mode_set
    bsp_usart.o(.text.usart_gpio_config) refers to gd32e23x_gpio.o(.text.gpio_output_options_set) for gpio_output_options_set
    bsp_usart.o(.text.usart_gpio_config) refers to gd32e23x_usart.o(.text.usart_deinit) for usart_deinit
[...]
    Removing gd32e23x_rcu.o(.text.rcu_apb1_clock_config), (40 bytes).
    Removing gd32e23x_rcu.o(.ARM.exidx.text.rcu_apb1_clock_config), (8 bytes).
    Removing gd32e23x_rcu.o(.text.rcu_apb2_clock_config), (40 bytes).
    Removing gd32e23x_rcu.o(.ARM.exidx.text.rcu_apb2_clock_config), (8 bytes).
    Removing gd32e23x_rcu.o(.text.rcu_adc_clock_config), (396 bytes).
    Removing gd32e23x_rcu.o(.ARM.exidx.text.rcu_adc_clock_config), (8 bytes).
    Removing gd32e23x_rcu.o(.text.rcu_ckout_config), (48 bytes).
    Removing gd32e23x_rcu.o(.ARM.exidx.text.rcu_ckout_config), (8 bytes).
    Removing gd32e23x_rcu.o(.text.rcu_pll_config), (40 bytes).
    Removing gd32e23x_rcu.o(.ARM.exidx.text.rcu_pll_config), (8 bytes).
    Removing gd32e23x_rcu.o(.text.rcu_usart_clock_config), (32 bytes).
    Removing gd32e23x_rcu.o(.ARM.exidx.text.rcu_usart_clock_config), (8 bytes).
    Removing gd32e23x_rcu.o(.text.rcu_rtc_clock_config), (32 bytes).
    Removing gd32e23x_rcu.o(.ARM.exidx.text.rcu_rtc_clock_config), (8 bytes).
    Removing gd32e23x_rcu.o(.text.rcu_hxtal_prediv_config), (40 bytes).
    Removing gd32e23x_rcu.o(.ARM.exidx.text.rcu_hxtal_prediv_config), (8 bytes).
    Removing gd32e23x_rcu.o(.text.rcu_lxtal_drive_capability_config), (32 bytes).
    Removing gd32e23x_rcu.o(.ARM.exidx.text.rcu_lxtal_drive_capability_config), (8 bytes).
    Removing gd32e23x_rcu.o(.text.rcu_flag_get), (56 bytes).
    Removing gd32e23x_rcu.o(.ARM.exidx.text.rcu_flag_get), (8 bytes).
    Removing gd32e23x_rcu.o(.text.rcu_all_reset_flag_clear), (20 bytes).
    Removing gd32e23x_rcu.o(.ARM.exidx.text.rcu_all_reset_flag_clear), (8 bytes).
    Removing gd32e23x_rcu.o(.text.rcu_interrupt_flag_get), (56 bytes).
    Removing gd32e23x_rcu.o(.ARM.exidx.text.rcu_interrupt_flag_get), (8 bytes).
    Removing gd32e23x_rcu.o(.text.rcu_interrupt_flag_clear), (40 bytes).
    Removing gd32e23x_rcu.o(.ARM.exidx.text.rcu_interrupt_flag_clear), (8 bytes).
    Removing gd32e23x_rcu.o(.text.rcu_interrupt_enable), (40 bytes).
    Removing gd32e23x_rcu.o(.ARM.exidx.text.rcu_interrupt_enable), (8 bytes).
    Removing gd32e23x_rcu.o(.text.rcu_interrupt_disable), (40 bytes).
    Removing gd32e23x_rcu.o(.ARM.exidx.text.rcu_interrupt_disable), (8 bytes).
    Removing gd32e23x_rcu.o(.text.rcu_osci_stab_wait), (564 bytes).
    Removing gd32e23x_rcu.o(.ARM.exidx.text.rcu_osci_stab_wait), (8 bytes).
    Removing gd32e23x_rcu.o(.text.rcu_osci_on), (40 bytes).
    Removing gd32e23x_rcu.o(.ARM.exidx.text.rcu_osci_on), (8 bytes).
    Removing gd32e23x_rcu.o(.text.rcu_osci_off), (40 bytes).
    Removing gd32e23x_rcu.o(.ARM.exidx.text.rcu_osci_off), (8 bytes).
    Removing gd32e23x_rcu.o(.text.rcu_osci_bypass_mode_enable), (136 bytes).
    Removing gd32e23x_rcu.o(.ARM.exidx.text.rcu_osci_bypass_mode_enable), (8 bytes).
    Removing gd32e23x_rcu.o(.text.rcu_osci_bypass_mode_disable), (136 bytes).
    Removing gd32e23x_rcu.o(.ARM.exidx.text.rcu_osci_bypass_mode_disable), (8 bytes).
    Removing gd32e23x_rcu.o(.text.rcu_hxtal_clock_monitor_enable), (20 bytes).
    Removing gd32e23x_rcu.o(.ARM.exidx.text.rcu_hxtal_clock_monitor_enable), (8 bytes).
    Removing gd32e23x_rcu.o(.text.rcu_hxtal_clock_monitor_disable), (20 bytes).
    Removing gd32e23x_rcu.o(.ARM.exidx.text.rcu_hxtal_clock_monitor_disable), (8 bytes).
    Removing gd32e23x_rcu.o(.text.rcu_irc8m_adjust_value_set), (44 bytes).
    Removing gd32e23x_rcu.o(.ARM.exidx.text.rcu_irc8m_adjust_value_set), (8 bytes).
    Removing gd32e23x_rcu.o(.text.rcu_irc28m_adjust_value_set), (44 bytes).
    Removing gd32e23x_rcu.o(.ARM.exidx.text.rcu_irc28m_adjust_value_set), (8 bytes).
    Removing gd32e23x_rcu.o(.text.rcu_voltage_key_unlock), (28 bytes).
    Removing gd32e23x_rcu.o(.ARM.exidx.text.rcu_voltage_key_unlock), (8 bytes).
    Removing gd32e23x_rcu.o(.text.rcu_deepsleep_voltage_set), (32 bytes).
    Removing gd32e23x_rcu.o(.ARM.exidx.text.rcu_deepsleep_voltage_set), (8 bytes).
    Removing gd32e23x_rcu.o(.text.rcu_clock_freq_get), (636 bytes).
    Removing gd32e23x_rcu.o(.ARM.exidx.text.rcu_clock_freq_get), (8 bytes).
    Removing gd32e23x_rcu.o(.rodata.cst16), (16 bytes).
    Removing gd32e23x_rcu.o(.rodata.cst8), (16 bytes).
    Removing gd32e23x_rtc.o(.text), (0 bytes).
    Removing gd32e23x_rtc.o(.text.rtc_deinit), (164 bytes).
    Removing gd32e23x_rtc.o(.ARM.exidx.text.rtc_deinit), (8 bytes).
    Removing gd32e23x_rtc.o(.text.rtc_init_mode_enter), (124 bytes).
    Removing gd32e23x_rtc.o(.ARM.exidx.text.rtc_init_mode_enter), (8 bytes).
    Removing gd32e23x_rtc.o(.text.rtc_register_sync_wait), (148 bytes).
    Removing gd32e23x_rtc.o(.ARM.exidx.text.rtc_register_sync_wait), (8 bytes).
    Removing gd32e23x_rtc.o(.text.rtc_init), (208 bytes).
    Removing gd32e23x_rtc.o(.ARM.exidx.text.rtc_init), (8 bytes).
    Removing gd32e23x_rtc.o(.text.rtc_init_mode_exit), (16 bytes).
    Removing gd32e23x_rtc.o(.ARM.exidx.text.rtc_init_mode_exit), (8 bytes).
    Removing gd32e23x_rtc.o(.text.rtc_current_time_get), (184 bytes).
    Removing gd32e23x_rtc.o(.ARM.exidx.text.rtc_current_time_get), (8 bytes).
    Removing gd32e23x_rtc.o(.text.rtc_subsecond_get), (32 bytes).
    Removing gd32e23x_rtc.o(.ARM.exidx.text.rtc_subsecond_get), (8 bytes).
    Removing gd32e23x_rtc.o(.text.rtc_alarm_config), (88 bytes).
    Removing gd32e23x_rtc.o(.ARM.exidx.text.rtc_alarm_config), (8 bytes).
    Removing gd32e23x_rtc.o(.text.rtc_alarm_subsecond_config), (44 bytes).
    Removing gd32e23x_rtc.o(.ARM.exidx.text.rtc_alarm_subsecond_config), (8 bytes).
    Removing gd32e23x_rtc.o(.text.rtc_alarm_enable), (36 bytes).
    Removing gd32e23x_rtc.o(.ARM.exidx.text.rtc_alarm_enable), (8 bytes).
    Removing gd32e23x_rtc.o(.text.rtc_alarm_disable), (128 bytes).
    Removing gd32e23x_rtc.o(.ARM.exidx.text.rtc_alarm_disable), (8 bytes).
    Removing gd32e23x_rtc.o(.text.rtc_alarm_get), (108 bytes).
    Removing gd32e23x_rtc.o(.ARM.exidx.text.rtc_alarm_get), (8 bytes).
    Removing gd32e23x_rtc.o(.text.rtc_alarm_subsecond_get), (20 bytes).
    Removing gd32e23x_rtc.o(.ARM.exidx.text.rtc_alarm_subsecond_get), (8 bytes).
    Removing gd32e23x_rtc.o(.text.rtc_timestamp_enable), (68 bytes).
    Removing gd32e23x_rtc.o(.ARM.exidx.text.rtc_timestamp_enable), (8 bytes).
    Removing gd32e23x_rtc.o(.text.rtc_timestamp_disable), (36 bytes).
    Removing gd32e23x_rtc.o(.ARM.exidx.text.rtc_timestamp_disable), (8 bytes).
    Removing gd32e23x_rtc.o(.text.rtc_timestamp_get), (116 bytes).
    Removing gd32e23x_rtc.o(.ARM.exidx.text.rtc_timestamp_get), (8 bytes).
    Removing gd32e23x_rtc.o(.text.rtc_timestamp_subsecond_get), (12 bytes).
    Removing gd32e23x_rtc.o(.ARM.exidx.text.rtc_timestamp_subsecond_get), (8 bytes).
    Removing gd32e23x_rtc.o(.text.rtc_tamper_enable), (196 bytes).
    Removing gd32e23x_rtc.o(.ARM.exidx.text.rtc_tamper_enable), (8 bytes).
    Removing gd32e23x_rtc.o(.text.rtc_tamper_disable), (24 bytes).
    Removing gd32e23x_rtc.o(.ARM.exidx.text.rtc_tamper_disable), (8 bytes).
    Removing gd32e23x_rtc.o(.text.rtc_interrupt_enable), (64 bytes).
    Removing gd32e23x_rtc.o(.ARM.exidx.text.rtc_interrupt_enable), (8 bytes).
    Removing gd32e23x_rtc.o(.text.rtc_interrupt_disable), (68 bytes).
    Removing gd32e23x_rtc.o(.ARM.exidx.text.rtc_interrupt_disable), (8 bytes).
    Removing gd32e23x_rtc.o(.text.rtc_flag_get), (44 bytes).
    Removing gd32e23x_rtc.o(.ARM.exidx.text.rtc_flag_get), (8 bytes).
    Removing gd32e23x_rtc.o(.text.rtc_flag_clear), (24 bytes).
    Removing gd32e23x_rtc.o(.ARM.exidx.text.rtc_flag_clear), (8 bytes).
    Removing gd32e23x_rtc.o(.text.rtc_alter_output_config), (92 bytes).
    Removing gd32e23x_rtc.o(.ARM.exidx.text.rtc_alter_output_config), (8 bytes).
    Removing gd32e23x_rtc.o(.text.rtc_calibration_config), (144 bytes).
    Removing gd32e23x_rtc.o(.ARM.exidx.text.rtc_calibration_config), (8 bytes).
    Removing gd32e23x_rtc.o(.text.rtc_hour_adjust), (40 bytes).
    Removing gd32e23x_rtc.o(.ARM.exidx.text.rtc_hour_adjust), (8 bytes).
    Removing gd32e23x_rtc.o(.text.rtc_second_adjust), (164 bytes).
    Removing gd32e23x_rtc.o(.ARM.exidx.text.rtc_second_adjust), (8 bytes).
    Removing gd32e23x_rtc.o(.text.rtc_bypass_shadow_enable), (36 bytes).
    Removing gd32e23x_rtc.o(.ARM.exidx.text.rtc_bypass_shadow_enable), (8 bytes).
    Removing gd32e23x_rtc.o(.text.rtc_bypass_shadow_disable), (36 bytes).
    Removing gd32e23x_rtc.o(.ARM.exidx.text.rtc_bypass_shadow_disable), (8 bytes).
    Removing gd32e23x_rtc.o(.text.rtc_refclock_detection_enable), (76 bytes).
    Removing gd32e23x_rtc.o(.ARM.exidx.text.rtc_refclock_detection_enable), (8 bytes).
    Removing gd32e23x_rtc.o(.text.rtc_refclock_detection_disable), (76 bytes).
    Removing gd32e23x_rtc.o(.ARM.exidx.text.rtc_refclock_detection_disable), (8 bytes).
    Removing gd32e23x_spi.o(.text), (0 bytes).
    Removing gd32e23x_spi.o(.text.spi_i2s_deinit), (80 bytes).
    Removing gd32e23x_spi.o(.ARM.exidx.text.spi_i2s_deinit), (8 bytes).
    Removing gd32e23x_spi.o(.text.spi_struct_para_init), (38 bytes).
    Removing gd32e23x_spi.o(.ARM.exidx.text.spi_struct_para_init), (8 bytes).
    Removing gd32e23x_spi.o(.text.spi_init), (308 bytes).
    Removing gd32e23x_spi.o(.ARM.exidx.text.spi_init), (8 bytes).
    Removing gd32e23x_spi.o(.text.spi_enable), (18 bytes).
    Removing gd32e23x_spi.o(.ARM.exidx.text.spi_enable), (8 bytes).
    Removing gd32e23x_spi.o(.text.spi_disable), (18 bytes).
    Removing gd32e23x_spi.o(.ARM.exidx.text.spi_disable), (8 bytes).
    Removing gd32e23x_spi.o(.text.i2s_init), (76 bytes).
    Removing gd32e23x_spi.o(.ARM.exidx.text.i2s_init), (8 bytes).
    Removing gd32e23x_spi.o(.text.i2s_psc_config), (208 bytes).
    Removing gd32e23x_spi.o(.ARM.exidx.text.i2s_psc_config), (8 bytes).
    Removing gd32e23x_spi.o(.text.i2s_enable), (20 bytes).
    Removing gd32e23x_spi.o(.ARM.exidx.text.i2s_enable), (8 bytes).
    Removing gd32e23x_spi.o(.text.i2s_disable), (20 bytes).
    Removing gd32e23x_spi.o(.ARM.exidx.text.i2s_disable), (8 bytes).
    Removing gd32e23x_spi.o(.text.spi_nss_output_enable), (18 bytes).
    Removing gd32e23x_spi.o(.ARM.exidx.text.spi_nss_output_enable), (8 bytes).
    Removing gd32e23x_spi.o(.text.spi_nss_output_disable), (18 bytes).
    Removing gd32e23x_spi.o(.ARM.exidx.text.spi_nss_output_disable), (8 bytes).
    Removing gd32e23x_spi.o(.text.spi_nss_internal_high), (20 bytes).
    Removing gd32e23x_spi.o(.ARM.exidx.text.spi_nss_internal_high), (8 bytes).
    Removing gd32e23x_spi.o(.text.spi_nss_internal_low), (20 bytes).
    Removing gd32e23x_spi.o(.ARM.exidx.text.spi_nss_internal_low), (8 bytes).
    Removing gd32e23x_spi.o(.text.spi_dma_enable), (42 bytes).
    Removing gd32e23x_spi.o(.ARM.exidx.text.spi_dma_enable), (8 bytes).
    Removing gd32e23x_spi.o(.text.spi_dma_disable), (42 bytes).
    Removing gd32e23x_spi.o(.ARM.exidx.text.spi_dma_disable), (8 bytes).
    Removing gd32e23x_spi.o(.text.spi_i2s_data_frame_format_config), (132 bytes).
    Removing gd32e23x_spi.o(.ARM.exidx.text.spi_i2s_data_frame_format_config), (8 bytes).
    Removing gd32e23x_spi.o(.text.spi_i2s_data_transmit), (80 bytes).
    Removing gd32e23x_spi.o(.ARM.exidx.text.spi_i2s_data_transmit), (8 bytes).
    Removing gd32e23x_spi.o(.text.spi_i2s_data_receive), (80 bytes).
    Removing gd32e23x_spi.o(.ARM.exidx.text.spi_i2s_data_receive), (8 bytes).
    Removing gd32e23x_spi.o(.text.spi_bidirectional_transfer_config), (50 bytes).
    Removing gd32e23x_spi.o(.ARM.exidx.text.spi_bidirectional_transfer_config), (8 bytes).
    Removing gd32e23x_spi.o(.text.spi_crc_polynomial_set), (30 bytes).
    Removing gd32e23x_spi.o(.ARM.exidx.text.spi_crc_polynomial_set), (8 bytes).
    Removing gd32e23x_spi.o(.text.spi_crc_polynomial_get), (14 bytes).
    Removing gd32e23x_spi.o(.ARM.exidx.text.spi_crc_polynomial_get), (8 bytes).
    Removing gd32e23x_spi.o(.text.spi_crc_on), (20 bytes).
    Removing gd32e23x_spi.o(.ARM.exidx.text.spi_crc_on), (8 bytes).
    Removing gd32e23x_spi.o(.text.spi_crc_off), (20 bytes).
    Removing gd32e23x_spi.o(.ARM.exidx.text.spi_crc_off), (8 bytes).
    Removing gd32e23x_spi.o(.text.spi_crc_next), (20 bytes).
    Removing gd32e23x_spi.o(.ARM.exidx.text.spi_crc_next), (8 bytes).
    Removing gd32e23x_spi.o(.text.spi_crc_get), (42 bytes).
    Removing gd32e23x_spi.o(.ARM.exidx.text.spi_crc_get), (8 bytes).
    Removing gd32e23x_spi.o(.text.spi_ti_mode_enable), (18 bytes).
    Removing gd32e23x_spi.o(.ARM.exidx.text.spi_ti_mode_enable), (8 bytes).
    Removing gd32e23x_spi.o(.text.spi_ti_mode_disable), (18 bytes).
    Removing gd32e23x_spi.o(.ARM.exidx.text.spi_ti_mode_disable), (8 bytes).
    Removing gd32e23x_spi.o(.text.spi_nssp_mode_enable), (18 bytes).
    Removing gd32e23x_spi.o(.ARM.exidx.text.spi_nssp_mode_enable), (8 bytes).
    Removing gd32e23x_spi.o(.text.spi_nssp_mode_disable), (18 bytes).
    Removing gd32e23x_spi.o(.ARM.exidx.text.spi_nssp_mode_disable), (8 bytes).
    Removing gd32e23x_spi.o(.text.qspi_enable), (20 bytes).
    Removing gd32e23x_spi.o(.ARM.exidx.text.qspi_enable), (8 bytes).
    Removing gd32e23x_spi.o(.text.qspi_disable), (20 bytes).
    Removing gd32e23x_spi.o(.ARM.exidx.text.qspi_disable), (8 bytes).
    Removing gd32e23x_spi.o(.text.qspi_write_enable), (20 bytes).
    Removing gd32e23x_spi.o(.ARM.exidx.text.qspi_write_enable), (8 bytes).
    Removing gd32e23x_spi.o(.text.qspi_read_enable), (20 bytes).
    Removing gd32e23x_spi.o(.ARM.exidx.text.qspi_read_enable), (8 bytes).
    Removing gd32e23x_spi.o(.text.qspi_io23_output_enable), (20 bytes).
    Removing gd32e23x_spi.o(.ARM.exidx.text.qspi_io23_output_enable), (8 bytes).
    Removing gd32e23x_spi.o(.text.qspi_io23_output_disable), (20 bytes).
    Removing gd32e23x_spi.o(.ARM.exidx.text.qspi_io23_output_disable), (8 bytes).
    Removing gd32e23x_spi.o(.text.spi_i2s_interrupt_enable), (74 bytes).
    Removing gd32e23x_spi.o(.ARM.exidx.text.spi_i2s_interrupt_enable), (8 bytes).
    Removing gd32e23x_spi.o(.text.spi_i2s_interrupt_disable), (74 bytes).
    Removing gd32e23x_spi.o(.ARM.exidx.text.spi_i2s_interrupt_disable), (8 bytes).
    Removing gd32e23x_spi.o(.text.spi_i2s_interrupt_flag_get), (232 bytes).
    Removing gd32e23x_spi.o(.ARM.exidx.text.spi_i2s_interrupt_flag_get), (8 bytes).
    Removing gd32e23x_spi.o(.text.spi_i2s_flag_get), (128 bytes).
    Removing gd32e23x_spi.o(.ARM.exidx.text.spi_i2s_flag_get), (8 bytes).
    Removing gd32e23x_spi.o(.text.spi_crc_error_clear), (18 bytes).
    Removing gd32e23x_spi.o(.ARM.exidx.text.spi_crc_error_clear), (8 bytes).
    Removing gd32e23x_spi.o(.text.spi_fifo_access_size_config), (34 bytes).
    Removing gd32e23x_spi.o(.ARM.exidx.text.spi_fifo_access_size_config), (8 bytes).
    Removing gd32e23x_spi.o(.text.spi_transmit_odd_config), (34 bytes).
    Removing gd32e23x_spi.o(.ARM.exidx.text.spi_transmit_odd_config), (8 bytes).
    Removing gd32e23x_spi.o(.text.spi_receive_odd_config), (34 bytes).
    Removing gd32e23x_spi.o(.ARM.exidx.text.spi_receive_odd_config), (8 bytes).
    Removing gd32e23x_spi.o(.text.spi_crc_length_set), (34 bytes).
    Removing gd32e23x_spi.o(.ARM.exidx.text.spi_crc_length_set), (8 bytes).
    Removing gd32e23x_syscfg.o(.text), (0 bytes).
    Removing gd32e23x_syscfg.o(.text.syscfg_deinit), (24 bytes).
    Removing gd32e23x_syscfg.o(.ARM.exidx.text.syscfg_deinit), (8 bytes).
    Removing gd32e23x_syscfg.o(.text.syscfg_dma_remap_enable), (24 bytes).
    Removing gd32e23x_syscfg.o(.ARM.exidx.text.syscfg_dma_remap_enable), (8 bytes).
    Removing gd32e23x_syscfg.o(.text.syscfg_dma_remap_disable), (24 bytes).
    Removing gd32e23x_syscfg.o(.ARM.exidx.text.syscfg_dma_remap_disable), (8 bytes).
    Removing gd32e23x_syscfg.o(.text.syscfg_high_current_enable), (20 bytes).
    Removing gd32e23x_syscfg.o(.ARM.exidx.text.syscfg_high_current_enable), (8 bytes).
    Removing gd32e23x_syscfg.o(.text.syscfg_high_current_disable), (20 bytes).
    Removing gd32e23x_syscfg.o(.ARM.exidx.text.syscfg_high_current_disable), (8 bytes).
    Removing gd32e23x_syscfg.o(.text.syscfg_exti_line_config), (180 bytes).
    Removing gd32e23x_syscfg.o(.ARM.exidx.text.syscfg_exti_line_config), (8 bytes).
    Removing gd32e23x_syscfg.o(.text.syscfg_lock_config), (24 bytes).
    Removing gd32e23x_syscfg.o(.ARM.exidx.text.syscfg_lock_config), (8 bytes).
    Removing gd32e23x_syscfg.o(.text.irq_latency_set), (40 bytes).
    Removing gd32e23x_syscfg.o(.ARM.exidx.text.irq_latency_set), (8 bytes).
    Removing gd32e23x_syscfg.o(.text.syscfg_flag_get), (44 bytes).
    Removing gd32e23x_syscfg.o(.ARM.exidx.text.syscfg_flag_get), (8 bytes).
    Removing gd32e23x_syscfg.o(.text.syscfg_flag_clear), (24 bytes).
    Removing gd32e23x_syscfg.o(.ARM.exidx.text.syscfg_flag_clear), (8 bytes).
    Removing gd32e23x_timer.o(.text), (0 bytes).
    Removing gd32e23x_timer.o(.text.timer_deinit), (248 bytes).
    Removing gd32e23x_timer.o(.ARM.exidx.text.timer_deinit), (8 bytes).
    Removing gd32e23x_timer.o(.text.timer_struct_para_init), (40 bytes).
    Removing gd32e23x_timer.o(.ARM.exidx.text.timer_struct_para_init), (8 bytes).
    Removing gd32e23x_timer.o(.text.timer_init), (252 bytes).
    Removing gd32e23x_timer.o(.ARM.exidx.text.timer_init), (8 bytes).
    Removing gd32e23x_timer.o(.text.timer_enable), (18 bytes).
    Removing gd32e23x_timer.o(.ARM.exidx.text.timer_enable), (8 bytes).
    Removing gd32e23x_timer.o(.text.timer_disable), (18 bytes).
    Removing gd32e23x_timer.o(.ARM.exidx.text.timer_disable), (8 bytes).
    Removing gd32e23x_timer.o(.text.timer_auto_reload_shadow_enable), (18 bytes).
    Removing gd32e23x_timer.o(.ARM.exidx.text.timer_auto_reload_shadow_enable), (8 bytes).
    Removing gd32e23x_timer.o(.text.timer_auto_reload_shadow_disable), (18 bytes).
    Removing gd32e23x_timer.o(.ARM.exidx.text.timer_auto_reload_shadow_disable), (8 bytes).
    Removing gd32e23x_timer.o(.text.timer_update_event_enable), (18 bytes).
    Removing gd32e23x_timer.o(.ARM.exidx.text.timer_update_event_enable), (8 bytes).
    Removing gd32e23x_timer.o(.text.timer_update_event_disable), (18 bytes).
    Removing gd32e23x_timer.o(.ARM.exidx.text.timer_update_event_disable), (8 bytes).
    Removing gd32e23x_timer.o(.text.timer_counter_alignment), (32 bytes).
    Removing gd32e23x_timer.o(.ARM.exidx.text.timer_counter_alignment), (8 bytes).
    Removing gd32e23x_timer.o(.text.timer_counter_up_direction), (18 bytes).
    Removing gd32e23x_timer.o(.ARM.exidx.text.timer_counter_up_direction), (8 bytes).
    Removing gd32e23x_timer.o(.text.timer_counter_down_direction), (18 bytes).
    Removing gd32e23x_timer.o(.ARM.exidx.text.timer_counter_down_direction), (8 bytes).
    Removing gd32e23x_timer.o(.text.timer_prescaler_config), (48 bytes).
    Removing gd32e23x_timer.o(.ARM.exidx.text.timer_prescaler_config), (8 bytes).
    Removing gd32e23x_timer.o(.text.timer_repetition_value_config), (18 bytes).
    Removing gd32e23x_timer.o(.ARM.exidx.text.timer_repetition_value_config), (8 bytes).
    Removing gd32e23x_timer.o(.text.timer_autoreload_value_config), (18 bytes).
    Removing gd32e23x_timer.o(.ARM.exidx.text.timer_autoreload_value_config), (8 bytes).
    Removing gd32e23x_timer.o(.text.timer_counter_value_config), (18 bytes).
    Removing gd32e23x_timer.o(.ARM.exidx.text.timer_counter_value_config), (8 bytes).
    Removing gd32e23x_timer.o(.text.timer_counter_read), (20 bytes).
    Removing gd32e23x_timer.o(.ARM.exidx.text.timer_counter_read), (8 bytes).
    Removing gd32e23x_timer.o(.text.timer_prescaler_read), (22 bytes).
    Removing gd32e23x_timer.o(.ARM.exidx.text.timer_prescaler_read), (8 bytes).
    Removing gd32e23x_timer.o(.text.timer_single_pulse_mode_config), (52 bytes).
    Removing gd32e23x_timer.o(.ARM.exidx.text.timer_single_pulse_mode_config), (8 bytes).
    Removing gd32e23x_timer.o(.text.timer_update_source_config), (52 bytes).
    Removing gd32e23x_timer.o(.ARM.exidx.text.timer_update_source_config), (8 bytes).
    Removing gd32e23x_timer.o(.text.timer_ocpre_clear_source_config), (56 bytes).
    Removing gd32e23x_timer.o(.ARM.exidx.text.timer_ocpre_clear_source_config), (8 bytes).
    Removing gd32e23x_timer.o(.text.timer_interrupt_enable), (20 bytes).
    Removing gd32e23x_timer.o(.ARM.exidx.text.timer_interrupt_enable), (8 bytes).
    Removing gd32e23x_timer.o(.text.timer_interrupt_disable), (20 bytes).
    Removing gd32e23x_timer.o(.ARM.exidx.text.timer_interrupt_disable), (8 bytes).
    Removing gd32e23x_timer.o(.text.timer_interrupt_flag_get), (58 bytes).
    Removing gd32e23x_timer.o(.ARM.exidx.text.timer_interrupt_flag_get), (8 bytes).
    Removing gd32e23x_timer.o(.text.timer_interrupt_flag_clear), (20 bytes).
    Removing gd32e23x_timer.o(.ARM.exidx.text.timer_interrupt_flag_clear), (8 bytes).
    Removing gd32e23x_timer.o(.text.timer_flag_get), (42 bytes).
    Removing gd32e23x_timer.o(.ARM.exidx.text.timer_flag_get), (8 bytes).
    Removing gd32e23x_timer.o(.text.timer_flag_clear), (20 bytes).
    Removing gd32e23x_timer.o(.ARM.exidx.text.timer_flag_clear), (8 bytes).
    Removing gd32e23x_timer.o(.text.timer_dma_enable), (22 bytes).
    Removing gd32e23x_timer.o(.ARM.exidx.text.timer_dma_enable), (8 bytes).
    Removing gd32e23x_timer.o(.text.timer_dma_disable), (22 bytes).
    Removing gd32e23x_timer.o(.ARM.exidx.text.timer_dma_disable), (8 bytes).
    Removing gd32e23x_timer.o(.text.timer_channel_dma_request_source_select), (56 bytes).
    Removing gd32e23x_timer.o(.ARM.exidx.text.timer_channel_dma_request_source_select), (8 bytes).
    Removing gd32e23x_timer.o(.text.timer_dma_transfer_config), (40 bytes).
    Removing gd32e23x_timer.o(.ARM.exidx.text.timer_dma_transfer_config), (8 bytes).
    Removing gd32e23x_timer.o(.text.timer_event_software_generate), (22 bytes).
    Removing gd32e23x_timer.o(.ARM.exidx.text.timer_event_software_generate), (8 bytes).
    Removing gd32e23x_timer.o(.text.timer_break_struct_para_init), (38 bytes).
    Removing gd32e23x_timer.o(.ARM.exidx.text.timer_break_struct_para_init), (8 bytes).
    Removing gd32e23x_timer.o(.text.timer_break_config), (42 bytes).
    Removing gd32e23x_timer.o(.ARM.exidx.text.timer_break_config), (8 bytes).
    Removing gd32e23x_timer.o(.text.timer_break_enable), (20 bytes).
    Removing gd32e23x_timer.o(.ARM.exidx.text.timer_break_enable), (8 bytes).
    Removing gd32e23x_timer.o(.text.timer_break_disable), (20 bytes).
    Removing gd32e23x_timer.o(.ARM.exidx.text.timer_break_disable), (8 bytes).
    Removing gd32e23x_timer.o(.text.timer_automatic_output_enable), (20 bytes).
    Removing gd32e23x_timer.o(.ARM.exidx.text.timer_automatic_output_enable), (8 bytes).
    Removing gd32e23x_timer.o(.text.timer_automatic_output_disable), (20 bytes).
    Removing gd32e23x_timer.o(.ARM.exidx.text.timer_automatic_output_disable), (8 bytes).
    Removing gd32e23x_timer.o(.text.timer_primary_output_config), (48 bytes).
    Removing gd32e23x_timer.o(.ARM.exidx.text.timer_primary_output_config), (8 bytes).
    Removing gd32e23x_timer.o(.text.timer_channel_control_shadow_config), (44 bytes).
    Removing gd32e23x_timer.o(.ARM.exidx.text.timer_channel_control_shadow_config), (8 bytes).
    Removing gd32e23x_timer.o(.text.timer_channel_control_shadow_update_config), (56 bytes).
    Removing gd32e23x_timer.o(.ARM.exidx.text.timer_channel_control_shadow_update_config), (8 bytes).
    Removing gd32e23x_timer.o(.text.timer_channel_output_struct_para_init), (34 bytes).
    Removing gd32e23x_timer.o(.ARM.exidx.text.timer_channel_output_struct_para_init), (8 bytes).
    Removing gd32e23x_timer.o(.text.timer_channel_output_config), (756 bytes).
    Removing gd32e23x_timer.o(.ARM.exidx.text.timer_channel_output_config), (8 bytes).
    Removing gd32e23x_timer.o(.text.timer_channel_output_mode_config), (158 bytes).
    Removing gd32e23x_timer.o(.ARM.exidx.text.timer_channel_output_mode_config), (8 bytes).
    Removing gd32e23x_timer.o(.text.timer_channel_output_pulse_value_config), (82 bytes).
    Removing gd32e23x_timer.o(.ARM.exidx.text.timer_channel_output_pulse_value_config), (8 bytes).
    Removing gd32e23x_timer.o(.text.timer_channel_output_shadow_config), (158 bytes).
    Removing gd32e23x_timer.o(.ARM.exidx.text.timer_channel_output_shadow_config), (8 bytes).
    Removing gd32e23x_timer.o(.text.timer_channel_output_fast_config), (158 bytes).
    Removing gd32e23x_timer.o(.ARM.exidx.text.timer_channel_output_fast_config), (8 bytes).
    Removing gd32e23x_timer.o(.text.timer_channel_output_clear_config), (158 bytes).
    Removing gd32e23x_timer.o(.ARM.exidx.text.timer_channel_output_clear_config), (8 bytes).
    Removing gd32e23x_timer.o(.text.timer_channel_output_polarity_config), (160 bytes).
    Removing gd32e23x_timer.o(.ARM.exidx.text.timer_channel_output_polarity_config), (8 bytes).
    Removing gd32e23x_timer.o(.text.timer_channel_complementary_output_polarity_config), (160 bytes).
    Removing gd32e23x_timer.o(.ARM.exidx.text.timer_channel_complementary_output_polarity_config), (8 bytes).
    Removing gd32e23x_timer.o(.text.timer_channel_output_state_config), (148 bytes).
    Removing gd32e23x_timer.o(.ARM.exidx.text.timer_channel_output_state_config), (8 bytes).
    Removing gd32e23x_timer.o(.text.timer_channel_complementary_output_state_config), (120 bytes).
    Removing gd32e23x_timer.o(.ARM.exidx.text.timer_channel_complementary_output_state_config), (8 bytes).
    Removing gd32e23x_timer.o(.text.timer_channel_input_struct_para_init), (28 bytes).
    Removing gd32e23x_timer.o(.ARM.exidx.text.timer_channel_input_struct_para_init), (8 bytes).
    Removing gd32e23x_timer.o(.text.timer_input_capture_config), (446 bytes).
    Removing gd32e23x_timer.o(.ARM.exidx.text.timer_input_capture_config), (8 bytes).
    Removing gd32e23x_timer.o(.text.timer_channel_input_capture_prescaler_config), (158 bytes).
    Removing gd32e23x_timer.o(.ARM.exidx.text.timer_channel_input_capture_prescaler_config), (8 bytes).
    Removing gd32e23x_timer.o(.text.timer_channel_capture_value_register_read), (88 bytes).
    Removing gd32e23x_timer.o(.ARM.exidx.text.timer_channel_capture_value_register_read), (8 bytes).
    Removing gd32e23x_timer.o(.text.timer_input_pwm_capture_config), (502 bytes).
    Removing gd32e23x_timer.o(.ARM.exidx.text.timer_input_pwm_capture_config), (8 bytes).
    Removing gd32e23x_timer.o(.text.timer_hall_mode_config), (52 bytes).
    Removing gd32e23x_timer.o(.ARM.exidx.text.timer_hall_mode_config), (8 bytes).
    Removing gd32e23x_timer.o(.text.timer_input_trigger_source_select), (30 bytes).
    Removing gd32e23x_timer.o(.ARM.exidx.text.timer_input_trigger_source_select), (8 bytes).
    Removing gd32e23x_timer.o(.text.timer_master_output_trigger_source_select), (30 bytes).
    Removing gd32e23x_timer.o(.ARM.exidx.text.timer_master_output_trigger_source_select), (8 bytes).
    Removing gd32e23x_timer.o(.text.timer_slave_mode_select), (30 bytes).
    Removing gd32e23x_timer.o(.ARM.exidx.text.timer_slave_mode_select), (8 bytes).
    Removing gd32e23x_timer.o(.text.timer_master_slave_mode_config), (52 bytes).
    Removing gd32e23x_timer.o(.ARM.exidx.text.timer_master_slave_mode_config), (8 bytes).
    Removing gd32e23x_timer.o(.text.timer_external_trigger_config), (52 bytes).
    Removing gd32e23x_timer.o(.ARM.exidx.text.timer_external_trigger_config), (8 bytes).
    Removing gd32e23x_timer.o(.text.timer_quadrature_decoder_mode_config), (104 bytes).
    Removing gd32e23x_timer.o(.ARM.exidx.text.timer_quadrature_decoder_mode_config), (8 bytes).
    Removing gd32e23x_timer.o(.text.timer_internal_clock_config), (18 bytes).
    Removing gd32e23x_timer.o(.ARM.exidx.text.timer_internal_clock_config), (8 bytes).
    Removing gd32e23x_timer.o(.text.timer_internal_trigger_as_external_clock_config), (38 bytes).
    Removing gd32e23x_timer.o(.ARM.exidx.text.timer_internal_trigger_as_external_clock_config), (8 bytes).
    Removing gd32e23x_timer.o(.text.timer_external_trigger_as_external_clock_config), (224 bytes).
    Removing gd32e23x_timer.o(.ARM.exidx.text.timer_external_trigger_as_external_clock_config), (8 bytes).
    Removing gd32e23x_timer.o(.text.timer_external_clock_mode0_config), (46 bytes).
    Removing gd32e23x_timer.o(.ARM.exidx.text.timer_external_clock_mode0_config), (8 bytes).
    Removing gd32e23x_timer.o(.text.timer_external_clock_mode1_config), (40 bytes).
    Removing gd32e23x_timer.o(.ARM.exidx.text.timer_external_clock_mode1_config), (8 bytes).
    Removing gd32e23x_timer.o(.text.timer_external_clock_mode1_disable), (20 bytes).
    Removing gd32e23x_timer.o(.ARM.exidx.text.timer_external_clock_mode1_disable), (8 bytes).
    Removing gd32e23x_timer.o(.text.timer_channel_remap_config), (16 bytes).
    Removing gd32e23x_timer.o(.ARM.exidx.text.timer_channel_remap_config), (8 bytes).
    Removing gd32e23x_timer.o(.text.timer_write_chxval_register_config), (60 bytes).
    Removing gd32e23x_timer.o(.ARM.exidx.text.timer_write_chxval_register_config), (8 bytes).
    Removing gd32e23x_timer.o(.text.timer_output_value_selection_config), (60 bytes).
    Removing gd32e23x_timer.o(.ARM.exidx.text.timer_output_value_selection_config), (8 bytes).
    Removing gd32e23x_usart.o(.text), (0 bytes).
    Removing gd32e23x_usart.o(.text.usart_deinit), (84 bytes).
    Removing gd32e23x_usart.o(.ARM.exidx.text.usart_deinit), (8 bytes).
    Removing gd32e23x_usart.o(.text.usart_baudrate_set), (184 bytes).
    Removing gd32e23x_usart.o(.ARM.exidx.text.usart_baudrate_set), (8 bytes).
    Removing gd32e23x_usart.o(.text.usart_parity_config), (42 bytes).
    Removing gd32e23x_usart.o(.ARM.exidx.text.usart_parity_config), (8 bytes).
    Removing gd32e23x_usart.o(.text.usart_word_length_set), (42 bytes).
    Removing gd32e23x_usart.o(.ARM.exidx.text.usart_word_length_set), (8 bytes).
    Removing gd32e23x_usart.o(.text.usart_stop_bit_set), (42 bytes).
    Removing gd32e23x_usart.o(.ARM.exidx.text.usart_stop_bit_set), (8 bytes).
    Removing gd32e23x_usart.o(.text.usart_enable), (18 bytes).
    Removing gd32e23x_usart.o(.ARM.exidx.text.usart_enable), (8 bytes).
    Removing gd32e23x_usart.o(.text.usart_disable), (18 bytes).
    Removing gd32e23x_usart.o(.ARM.exidx.text.usart_disable), (8 bytes).
    Removing gd32e23x_usart.o(.text.usart_transmit_config), (30 bytes).
    Removing gd32e23x_usart.o(.ARM.exidx.text.usart_transmit_config), (8 bytes).
    Removing gd32e23x_usart.o(.text.usart_receive_config), (30 bytes).
    Removing gd32e23x_usart.o(.ARM.exidx.text.usart_receive_config), (8 bytes).
    Removing gd32e23x_usart.o(.text.usart_data_first_config), (42 bytes).
    Removing gd32e23x_usart.o(.ARM.exidx.text.usart_data_first_config), (8 bytes).
    Removing gd32e23x_usart.o(.text.usart_invert_config), (186 bytes).
    Removing gd32e23x_usart.o(.ARM.exidx.text.usart_invert_config), (8 bytes).
    Removing gd32e23x_usart.o(.text.usart_overrun_enable), (30 bytes).
    Removing gd32e23x_usart.o(.ARM.exidx.text.usart_overrun_enable), (8 bytes).
    Removing gd32e23x_usart.o(.text.usart_overrun_disable), (30 bytes).
    Removing gd32e23x_usart.o(.ARM.exidx.text.usart_overrun_disable), (8 bytes).
    Removing gd32e23x_usart.o(.text.usart_oversample_config), (42 bytes).
    Removing gd32e23x_usart.o(.ARM.exidx.text.usart_oversample_config), (8 bytes).
    Removing gd32e23x_usart.o(.text.usart_sample_bit_config), (42 bytes).
    Removing gd32e23x_usart.o(.ARM.exidx.text.usart_sample_bit_config), (8 bytes).
    Removing gd32e23x_usart.o(.text.usart_receiver_timeout_enable), (20 bytes).
    Removing gd32e23x_usart.o(.ARM.exidx.text.usart_receiver_timeout_enable), (8 bytes).
    Removing gd32e23x_usart.o(.text.usart_receiver_timeout_disable), (20 bytes).
    Removing gd32e23x_usart.o(.ARM.exidx.text.usart_receiver_timeout_disable), (8 bytes).
    Removing gd32e23x_usart.o(.text.usart_receiver_timeout_threshold_config), (32 bytes).
    Removing gd32e23x_usart.o(.ARM.exidx.text.usart_receiver_timeout_threshold_config), (8 bytes).
    Removing gd32e23x_usart.o(.text.usart_data_transmit), (24 bytes).
    Removing gd32e23x_usart.o(.ARM.exidx.text.usart_data_transmit), (8 bytes).
    Removing gd32e23x_usart.o(.ARM.exidx.text.usart_data_receive), (8 bytes).
    Removing gd32e23x_usart.o(.text.usart_autobaud_detection_enable), (20 bytes).
    Removing gd32e23x_usart.o(.ARM.exidx.text.usart_autobaud_detection_enable), (8 bytes).
    Removing gd32e23x_usart.o(.text.usart_autobaud_detection_disable), (20 bytes).
    Removing gd32e23x_usart.o(.ARM.exidx.text.usart_autobaud_detection_disable), (8 bytes).
    Removing gd32e23x_usart.o(.text.usart_autobaud_detection_mode_config), (32 bytes).
    Removing gd32e23x_usart.o(.ARM.exidx.text.usart_autobaud_detection_mode_config), (8 bytes).
    Removing gd32e23x_usart.o(.text.usart_address_config), (46 bytes).
    Removing gd32e23x_usart.o(.ARM.exidx.text.usart_address_config), (8 bytes).
    Removing gd32e23x_usart.o(.text.usart_address_detection_mode_config), (42 bytes).
    Removing gd32e23x_usart.o(.ARM.exidx.text.usart_address_detection_mode_config), (8 bytes).
    Removing gd32e23x_usart.o(.text.usart_mute_mode_enable), (20 bytes).
    Removing gd32e23x_usart.o(.ARM.exidx.text.usart_mute_mode_enable), (8 bytes).
    Removing gd32e23x_usart.o(.text.usart_mute_mode_disable), (20 bytes).
    Removing gd32e23x_usart.o(.ARM.exidx.text.usart_mute_mode_disable), (8 bytes).
    Removing gd32e23x_usart.o(.text.usart_mute_mode_wakeup_config), (42 bytes).
    Removing gd32e23x_usart.o(.ARM.exidx.text.usart_mute_mode_wakeup_config), (8 bytes).
    Removing gd32e23x_usart.o(.text.usart_lin_mode_enable), (30 bytes).
    Removing gd32e23x_usart.o(.ARM.exidx.text.usart_lin_mode_enable), (8 bytes).
    Removing gd32e23x_usart.o(.text.usart_lin_mode_disable), (30 bytes).
    Removing gd32e23x_usart.o(.ARM.exidx.text.usart_lin_mode_disable), (8 bytes).
    Removing gd32e23x_usart.o(.text.usart_lin_break_detection_length_config), (42 bytes).
    Removing gd32e23x_usart.o(.ARM.exidx.text.usart_lin_break_detection_length_config), (8 bytes).
    Removing gd32e23x_usart.o(.text.usart_halfduplex_enable), (28 bytes).
    Removing gd32e23x_usart.o(.ARM.exidx.text.usart_halfduplex_enable), (8 bytes).
    Removing gd32e23x_usart.o(.text.usart_halfduplex_disable), (28 bytes).
    Removing gd32e23x_usart.o(.ARM.exidx.text.usart_halfduplex_disable), (8 bytes).
    Removing gd32e23x_usart.o(.text.usart_clock_enable), (30 bytes).
    Removing gd32e23x_usart.o(.ARM.exidx.text.usart_clock_enable), (8 bytes).
    Removing gd32e23x_usart.o(.text.usart_clock_disable), (30 bytes).
    Removing gd32e23x_usart.o(.ARM.exidx.text.usart_clock_disable), (8 bytes).
    Removing gd32e23x_usart.o(.text.usart_synchronous_clock_config), (84 bytes).
    Removing gd32e23x_usart.o(.ARM.exidx.text.usart_synchronous_clock_config), (8 bytes).
    Removing gd32e23x_usart.o(.text.usart_guard_time_config), (46 bytes).
    Removing gd32e23x_usart.o(.ARM.exidx.text.usart_guard_time_config), (8 bytes).
    Removing gd32e23x_usart.o(.text.usart_smartcard_mode_enable), (28 bytes).
    Removing gd32e23x_usart.o(.ARM.exidx.text.usart_smartcard_mode_enable), (8 bytes).
    Removing gd32e23x_usart.o(.text.usart_smartcard_mode_disable), (28 bytes).
    Removing gd32e23x_usart.o(.ARM.exidx.text.usart_smartcard_mode_disable), (8 bytes).
    Removing gd32e23x_usart.o(.text.usart_smartcard_mode_nack_enable), (28 bytes).
    Removing gd32e23x_usart.o(.ARM.exidx.text.usart_smartcard_mode_nack_enable), (8 bytes).
    Removing gd32e23x_usart.o(.text.usart_smartcard_mode_nack_disable), (28 bytes).
    Removing gd32e23x_usart.o(.ARM.exidx.text.usart_smartcard_mode_nack_disable), (8 bytes).
    Removing gd32e23x_usart.o(.text.usart_smartcard_mode_early_nack_enable), (20 bytes).
    Removing gd32e23x_usart.o(.ARM.exidx.text.usart_smartcard_mode_early_nack_enable), (8 bytes).
    Removing gd32e23x_usart.o(.text.usart_smartcard_mode_early_nack_disable), (20 bytes).
    Removing gd32e23x_usart.o(.ARM.exidx.text.usart_smartcard_mode_early_nack_disable), (8 bytes).
    Removing gd32e23x_usart.o(.text.usart_smartcard_autoretry_config), (46 bytes).
    Removing gd32e23x_usart.o(.ARM.exidx.text.usart_smartcard_autoretry_config), (8 bytes).
    Removing gd32e23x_usart.o(.text.usart_block_length_config), (34 bytes).
    Removing gd32e23x_usart.o(.ARM.exidx.text.usart_block_length_config), (8 bytes).
    Removing gd32e23x_usart.o(.text.usart_irda_mode_enable), (28 bytes).
    Removing gd32e23x_usart.o(.ARM.exidx.text.usart_irda_mode_enable), (8 bytes).
    Removing gd32e23x_usart.o(.text.usart_irda_mode_disable), (28 bytes).
    Removing gd32e23x_usart.o(.ARM.exidx.text.usart_irda_mode_disable), (8 bytes).
    Removing gd32e23x_usart.o(.text.usart_prescaler_config), (40 bytes).
    Removing gd32e23x_usart.o(.ARM.exidx.text.usart_prescaler_config), (8 bytes).
    Removing gd32e23x_usart.o(.text.usart_irda_lowpower_config), (42 bytes).
    Removing gd32e23x_usart.o(.ARM.exidx.text.usart_irda_lowpower_config), (8 bytes).
    Removing gd32e23x_usart.o(.text.usart_hardware_flow_rts_config), (42 bytes).
    Removing gd32e23x_usart.o(.ARM.exidx.text.usart_hardware_flow_rts_config), (8 bytes).
    Removing gd32e23x_usart.o(.text.usart_hardware_flow_cts_config), (42 bytes).
    Removing gd32e23x_usart.o(.ARM.exidx.text.usart_hardware_flow_cts_config), (8 bytes).
    Removing gd32e23x_usart.o(.text.usart_hardware_flow_coherence_config), (34 bytes).
    Removing gd32e23x_usart.o(.ARM.exidx.text.usart_hardware_flow_coherence_config), (8 bytes).
    Removing gd32e23x_usart.o(.text.usart_rs485_driver_enable), (30 bytes).
    Removing gd32e23x_usart.o(.ARM.exidx.text.usart_rs485_driver_enable), (8 bytes).
    Removing gd32e23x_usart.o(.text.usart_rs485_driver_disable), (30 bytes).
    Removing gd32e23x_usart.o(.ARM.exidx.text.usart_rs485_driver_disable), (8 bytes).
    Removing gd32e23x_usart.o(.text.usart_driver_assertime_config), (46 bytes).
    Removing gd32e23x_usart.o(.ARM.exidx.text.usart_driver_assertime_config), (8 bytes).
    Removing gd32e23x_usart.o(.text.usart_driver_deassertime_config), (46 bytes).
    Removing gd32e23x_usart.o(.ARM.exidx.text.usart_driver_deassertime_config), (8 bytes).
    Removing gd32e23x_usart.o(.text.usart_depolarity_config), (44 bytes).
    Removing gd32e23x_usart.o(.ARM.exidx.text.usart_depolarity_config), (8 bytes).
    Removing gd32e23x_usart.o(.text.usart_dma_receive_config), (30 bytes).
    Removing gd32e23x_usart.o(.ARM.exidx.text.usart_dma_receive_config), (8 bytes).
    Removing gd32e23x_usart.o(.text.usart_dma_transmit_config), (30 bytes).
    Removing gd32e23x_usart.o(.ARM.exidx.text.usart_dma_transmit_config), (8 bytes).
    Removing gd32e23x_usart.o(.text.usart_reception_error_dma_disable), (30 bytes).
    Removing gd32e23x_usart.o(.ARM.exidx.text.usart_reception_error_dma_disable), (8 bytes).
    Removing gd32e23x_usart.o(.text.usart_reception_error_dma_enable), (30 bytes).
    Removing gd32e23x_usart.o(.ARM.exidx.text.usart_reception_error_dma_enable), (8 bytes).
    Removing gd32e23x_usart.o(.text.usart_wakeup_enable), (18 bytes).
    Removing gd32e23x_usart.o(.ARM.exidx.text.usart_wakeup_enable), (8 bytes).
    Removing gd32e23x_usart.o(.text.usart_wakeup_disable), (18 bytes).
    Removing gd32e23x_usart.o(.ARM.exidx.text.usart_wakeup_disable), (8 bytes).
    Removing gd32e23x_usart.o(.text.usart_wakeup_mode_config), (44 bytes).
    Removing gd32e23x_usart.o(.ARM.exidx.text.usart_wakeup_mode_config), (8 bytes).
    Removing gd32e23x_usart.o(.text.usart_receive_fifo_enable), (22 bytes).
    Removing gd32e23x_usart.o(.ARM.exidx.text.usart_receive_fifo_enable), (8 bytes).
    Removing gd32e23x_usart.o(.text.usart_receive_fifo_disable), (22 bytes).
    Removing gd32e23x_usart.o(.ARM.exidx.text.usart_receive_fifo_disable), (8 bytes).
    Removing gd32e23x_usart.o(.text.usart_receive_fifo_counter_number), (22 bytes).
    Removing gd32e23x_usart.o(.ARM.exidx.text.usart_receive_fifo_counter_number), (8 bytes).
    Removing gd32e23x_usart.o(.text.usart_flag_get), (60 bytes).
    Removing gd32e23x_usart.o(.ARM.exidx.text.usart_flag_get), (8 bytes).
    Removing gd32e23x_usart.o(.text.usart_flag_clear), (30 bytes).
    Removing gd32e23x_usart.o(.ARM.exidx.text.usart_flag_clear), (8 bytes).
    Removing gd32e23x_usart.o(.text.usart_interrupt_enable), (34 bytes).
    Removing gd32e23x_usart.o(.ARM.exidx.text.usart_interrupt_enable), (8 bytes).
    Removing gd32e23x_usart.o(.text.usart_interrupt_disable), (34 bytes).
    Removing gd32e23x_usart.o(.ARM.exidx.text.usart_interrupt_disable), (8 bytes).
    Removing gd32e23x_usart.o(.text.usart_command_enable), (20 bytes).
    Removing gd32e23x_usart.o(.ARM.exidx.text.usart_command_enable), (8 bytes).
    Removing gd32e23x_usart.o(.ARM.exidx.text.usart_interrupt_flag_get), (8 bytes).
    Removing gd32e23x_usart.o(.ARM.exidx.text.usart_interrupt_flag_clear), (8 bytes).
    Removing gd32e23x_wwdgt.o(.text), (0 bytes).
    Removing gd32e23x_wwdgt.o(.text.wwdgt_deinit), (28 bytes).
    Removing gd32e23x_wwdgt.o(.ARM.exidx.text.wwdgt_deinit), (8 bytes).
    Removing gd32e23x_wwdgt.o(.text.wwdgt_enable), (16 bytes).
    Removing gd32e23x_wwdgt.o(.ARM.exidx.text.wwdgt_enable), (8 bytes).
    Removing gd32e23x_wwdgt.o(.text.wwdgt_counter_update), (44 bytes).
    Removing gd32e23x_wwdgt.o(.ARM.exidx.text.wwdgt_counter_update), (8 bytes).
    Removing gd32e23x_wwdgt.o(.text.wwdgt_config), (92 bytes).
    Removing gd32e23x_wwdgt.o(.ARM.exidx.text.wwdgt_config), (8 bytes).
    Removing gd32e23x_wwdgt.o(.text.wwdgt_interrupt_enable), (20 bytes).
    Removing gd32e23x_wwdgt.o(.ARM.exidx.text.wwdgt_interrupt_enable), (8 bytes).
    Removing gd32e23x_wwdgt.o(.text.wwdgt_flag_get), (40 bytes).
    Removing gd32e23x_wwdgt.o(.ARM.exidx.text.wwdgt_flag_get), (8 bytes).
    Removing gd32e23x_wwdgt.o(.text.wwdgt_flag_clear), (16 bytes).
    Removing gd32e23x_wwdgt.o(.ARM.exidx.text.wwdgt_flag_clear), (8 bytes).
    Removing cmt2119b.o(.text), (0 bytes).
    Removing cmt2119b.o(.ARM.exidx.text.cmt2119b_init), (8 bytes).
    Removing cmt2119b.o(.ARM.exidx.text.cmt2119b_config_reg_bank), (8 bytes).
    Removing cmt2119b.o(.ARM.exidx.text.cmt2119b_go_sleep), (8 bytes).
    Removing cmt2119b.o(.text.cmt2119b_read_reg), (20 bytes).
    Removing cmt2119b.o(.ARM.exidx.text.cmt2119b_read_reg), (8 bytes).
    Removing cmt2119b.o(.ARM.exidx.text.cmt2119b_write_reg), (8 bytes).
    Removing cmt2119b.o(.ARM.exidx.text.cmt2119b_write_fifo), (8 bytes).
    Removing cmt2119b.o(.ARM.exidx.text.cmt2119b_go_stby), (8 bytes).
    Removing cmt2119b.o(.ARM.exidx.text.cmt2119b_go_tx), (8 bytes).
    Removing cmt2119b.o(.ARM.exidx.text.cmt2119b_clear_interrupt_flags), (8 bytes).
    Removing cmt2119b.o(.ARM.exidx.text.cmt2119b_clear_tx_fifo), (8 bytes).
    Removing cmt2119b.o(.ARM.exidx.text.cmt2119b_send_packet), (8 bytes).
    Removing cmt2119b_port.o(.text), (0 bytes).
    Removing cmt2119b_port.o(.ARM.exidx.text.cmt2119b_port_init), (8 bytes).
    Removing cmt2119b_port.o(.ARM.exidx.text.cmt2119b_sdio_output), (8 bytes).
    Removing cmt2119b_port.o(.ARM.exidx.text.cmt2119b_csb_high), (8 bytes).
    Removing cmt2119b_port.o(.ARM.exidx.text.cmt2119b_fcsb_high), (8 bytes).
    Removing cmt2119b_port.o(.ARM.exidx.text.cmt2119b_sclk_low), (8 bytes).
    Removing cmt2119b_port.o(.ARM.exidx.text.cmt2119b_sdio_high), (8 bytes).
    Removing cmt2119b_port.o(.ARM.exidx.text.cmt2119b_csb_low), (8 bytes).
    Removing cmt2119b_port.o(.ARM.exidx.text.cmt2119b_fcsb_low), (8 bytes).
    Removing cmt2119b_port.o(.ARM.exidx.text.cmt2119b_sclk_high), (8 bytes).
    Removing cmt2119b_port.o(.ARM.exidx.text.cmt2119b_sdio_low), (8 bytes).
    Removing cmt2119b_port.o(.text.cmt2119b_sdio_read), (18 bytes).
    Removing cmt2119b_port.o(.ARM.exidx.text.cmt2119b_sdio_read), (8 bytes).
    Removing cmt2119b_port.o(.ARM.exidx.text.cmt2119b_sdio_input), (8 bytes).
    Removing cmt2119b_port.o(.ARM.exidx.text.cmt2119b_gpio3_read), (8 bytes).
    Removing cmt2119b_port.o(.ARM.exidx.text.cmt2119b_delay_us), (8 bytes).
    Removing cmt2119b_port.o(.ARM.exidx.text.cmt2119b_delay_ms), (8 bytes).
    Removing cmt2119b_spi.o(.text), (0 bytes).
    Removing cmt2119b_spi.o(.ARM.exidx.text.cmt2119b_spi_init), (8 bytes).
    Removing cmt2119b_spi.o(.ARM.exidx.text.cmt2119b_spi_delay), (8 bytes).
    Removing cmt2119b_spi.o(.ARM.exidx.text.cmt2119b_spi_write_reg), (8 bytes).
    Removing cmt2119b_spi.o(.ARM.exidx.text.cmt2119b_spi_send), (8 bytes).
    Removing cmt2119b_spi.o(.text.cmt2119b_spi_read_reg), (96 bytes).
    Removing cmt2119b_spi.o(.ARM.exidx.text.cmt2119b_spi_read_reg), (8 bytes).
    Removing cmt2119b_spi.o(.text.cmt2119b_spi_recv), (90 bytes).
    Removing cmt2119b_spi.o(.ARM.exidx.text.cmt2119b_spi_recv), (8 bytes).
    Removing cmt2119b_spi.o(.ARM.exidx.text.cmt2119b_spi_write_fifo), (8 bytes).
    Removing cmt2119b_spi.o(.ARM.exidx.text.cmt2119b_spi_delay_us), (8 bytes).
    Removing radio_tx.o(.text), (0 bytes).
    Removing radio_tx.o(.ARM.exidx.text.radio_tx_init), (8 bytes).
    Removing radio_tx.o(.ARM.exidx.text.radio_tx_send), (8 bytes).

1083 unused section(s) (total 35488 bytes) removed from the image.

==============================================================================

Image Symbol Table

    Local Symbols

    Symbol Name                              Value     Ov Type        Size  Object(Section)

    ../clib/microlib/init/entry.s            0x00000000   Number         0  entry.o ABSOLUTE
    ../clib/microlib/init/entry.s            0x00000000   Number         0  entry2.o ABSOLUTE
    ../clib/microlib/init/entry.s            0x00000000   Number         0  entry5.o ABSOLUTE
    ../clib/microlib/init/entry.s            0x00000000   Number         0  entry7a.o ABSOLUTE
    ../clib/microlib/init/entry.s            0x00000000   Number         0  entry7b.o ABSOLUTE
    ../clib/microlib/init/entry.s            0x00000000   Number         0  entry8a.o ABSOLUTE
    ../clib/microlib/init/entry.s            0x00000000   Number         0  entry8b.o ABSOLUTE
    ../clib/microlib/init/entry.s            0x00000000   Number         0  entry9a.o ABSOLUTE
    ../clib/microlib/init/entry.s            0x00000000   Number         0  entry9b.o ABSOLUTE
    ../clib/microlib/init/entry.s            0x00000000   Number         0  entry10a.o ABSOLUTE
    ../clib/microlib/init/entry.s            0x00000000   Number         0  entry10b.o ABSOLUTE
    ../clib/microlib/init/entry.s            0x00000000   Number         0  entry11a.o ABSOLUTE
    ../clib/microlib/init/entry.s            0x00000000   Number         0  entry11b.o ABSOLUTE
    ../clib/microlib/stubs.s                 0x00000000   Number         0  iusefp.o ABSOLUTE
    ../fplib/microlib/fpdiv.c                0x00000000   Number         0  fdiv.o ABSOLUTE
    ../fplib/microlib/fpepilogue.c           0x00000000   Number         0  fepilogue.o ABSOLUTE
    ../fplib/microlib/fpfix.c                0x00000000   Number         0  ffixui.o ABSOLUTE
    ../fplib/microlib/fpflt.c                0x00000000   Number         0  ffltui.o ABSOLUTE
    ../fplib/microlib/fpmul.c                0x00000000   Number         0  fmul.o ABSOLUTE
    ..\Firmware\CMSIS\GD\GD32E23x\Source\ARM\startup_gd32e23x.s 0x00000000   Number         0  startup_gd32e23x.o ABSOLUTE
    bsp_usart.c                              0x00000000   Number         0  bsp_usart.o ABSOLUTE
    cmt2119b.c                               0x00000000   Number         0  cmt2119b.o ABSOLUTE
    cmt2119b_port.c                          0x00000000   Number         0  cmt2119b_port.o ABSOLUTE
    cmt2119b_spi.c                           0x00000000   Number         0  cmt2119b_spi.o ABSOLUTE
    dc.s                                     0x00000000   Number         0  dc.o ABSOLUTE
    gd32e23x_adc.c                           0x00000000   Number         0  gd32e23x_adc.o ABSOLUTE
    gd32e23x_cmp.c                           0x00000000   Number         0  gd32e23x_cmp.o ABSOLUTE
    gd32e23x_crc.c                           0x00000000   Number         0  gd32e23x_crc.o ABSOLUTE
    gd32e23x_dbg.c                           0x00000000   Number         0  gd32e23x_dbg.o ABSOLUTE
    gd32e23x_dma.c                           0x00000000   Number         0  gd32e23x_dma.o ABSOLUTE
    gd32e23x_exti.c                          0x00000000   Number         0  gd32e23x_exti.o ABSOLUTE
    gd32e23x_fmc.c                           0x00000000   Number         0  gd32e23x_fmc.o ABSOLUTE
    gd32e23x_fwdgt.c                         0x00000000   Number         0  gd32e23x_fwdgt.o ABSOLUTE
    gd32e23x_gpio.c                          0x00000000   Number         0  gd32e23x_gpio.o ABSOLUTE
    gd32e23x_i2c.c                           0x00000000   Number         0  gd32e23x_i2c.o ABSOLUTE
    gd32e23x_it.c                            0x00000000   Number         0  gd32e23x_it.o ABSOLUTE
    gd32e23x_misc.c                          0x00000000   Number         0  gd32e23x_misc.o ABSOLUTE
    gd32e23x_pmu.c                           0x00000000   Number         0  gd32e23x_pmu.o ABSOLUTE
    gd32e23x_rcu.c                           0x00000000   Number         0  gd32e23x_rcu.o ABSOLUTE
    gd32e23x_rtc.c                           0x00000000   Number         0  gd32e23x_rtc.o ABSOLUTE
    gd32e23x_spi.c                           0x00000000   Number         0  gd32e23x_spi.o ABSOLUTE
    gd32e23x_syscfg.c                        0x00000000   Number         0  gd32e23x_syscfg.o ABSOLUTE
    gd32e23x_timer.c                         0x00000000   Number         0  gd32e23x_timer.o ABSOLUTE
    gd32e23x_usart.c                         0x00000000   Number         0  gd32e23x_usart.o ABSOLUTE
    gd32e23x_wwdgt.c                         0x00000000   Number         0  gd32e23x_wwdgt.o ABSOLUTE
    handlers.s                               0x00000000   Number         0  handlers.o ABSOLUTE
    init.s                                   0x00000000   Number         0  init.o ABSOLUTE
    main.c                                   0x00000000   Number         0  main.o ABSOLUTE
    radio_tx.c                               0x00000000   Number         0  radio_tx.o ABSOLUTE
    system_gd32e23x.c                        0x00000000   Number         0  system_gd32e23x.o ABSOLUTE
    systick.c                                0x00000000   Number         0  systick.o ABSOLUTE
    RESET                                    0x08000000   Section      204  startup_gd32e23x.o(RESET)
    .ARM.Collect$$$$00000000                 0x080000cc   Section        0  entry.o(.ARM.Collect$$$$00000000)
    .ARM.Collect$$$$00000001                 0x080000cc   Section        4  entry2.o(.ARM.Collect$$$$00000001)
    .ARM.Collect$$$$00000004                 0x080000d0   Section        4  entry5.o(.ARM.Collect$$$$00000004)
    .ARM.Collect$$$$00000008                 0x080000d4   Section        0  entry7b.o(.ARM.Collect$$$$00000008)
    .ARM.Collect$$$$0000000A                 0x080000d4   Section        0  entry8b.o(.ARM.Collect$$$$0000000A)
    .ARM.Collect$$$$0000000B                 0x080000d4   Section        8  entry9a.o(.ARM.Collect$$$$0000000B)
    __lit__00000000                          0x080000dc   Data           4  entry2.o(.ARM.Collect$$$$00002712)
    .ARM.Collect$$$$0000000D                 0x080000dc   Section        0  entry10a.o(.ARM.Collect$$$$0000000D)
    .ARM.Collect$$$$0000000F                 0x080000dc   Section        0  entry11a.o(.ARM.Collect$$$$0000000F)
    .ARM.Collect$$$$00002712                 0x080000dc   Section        4  entry2.o(.ARM.Collect$$$$00002712)
    .text                                    0x080000e0   Section       28  startup_gd32e23x.o(.text)
    .text                                    0x080000fc   Section        0  fmul.o(.text)
    .text                                    0x08000176   Section        0  fdiv.o(.text)
    .text                                    0x080001f2   Section        0  ffltui.o(.text)
    .text                                    0x08000200   Section        0  ffixui.o(.text)
    .text                                    0x08000228   Section        0  iusefp.o(.text)
    .text                                    0x08000228   Section        0  fepilogue.o(.text)
    .text                                    0x080002ac   Section       48  init.o(.text)
    [Anonymous Symbol]                       0x080002dc   Section        0  gd32e23x_it.o(.text.HardFault_Handler)
    [Anonymous Symbol]                       0x080002e0   Section        0  gd32e23x_it.o(.text.NMI_Handler)
    [Anonymous Symbol]                       0x080002e2   Section        0  gd32e23x_it.o(.text.PendSV_Handler)
    [Anonymous Symbol]                       0x080002e4   Section        0  gd32e23x_it.o(.text.SVC_Handler)
    [Anonymous Symbol]                       0x080002e6   Section        0  gd32e23x_it.o(.text.SysTick_Handler)
    [Anonymous Symbol]                       0x080002e8   Section        0  system_gd32e23x.o(.text.SystemInit)
    __arm_cp.0_0                             0x08000370   Number         4  system_gd32e23x.o(.text.SystemInit)
    __arm_cp.0_1                             0x08000374   Number         4  system_gd32e23x.o(.text.SystemInit)
    __arm_cp.0_2                             0x08000378   Number         4  system_gd32e23x.o(.text.SystemInit)
    __arm_cp.0_3                             0x0800037c   Number         4  system_gd32e23x.o(.text.SystemInit)
    __arm_cp.0_4                             0x08000380   Number         4  system_gd32e23x.o(.text.SystemInit)
    __arm_cp.0_5                             0x08000384   Number         4  system_gd32e23x.o(.text.SystemInit)
    __arm_cp.0_6                             0x08000388   Number         4  system_gd32e23x.o(.text.SystemInit)
    __arm_cp.0_7                             0x0800038c   Number         4  system_gd32e23x.o(.text.SystemInit)
    __arm_cp.0_8                             0x08000390   Number         4  system_gd32e23x.o(.text.SystemInit)
    [Anonymous Symbol]                       0x08000394   Section        0  bsp_usart.o(.text.USART0_IRQHandler)
    __arm_cp.4_0                             0x080003f0   Number         4  bsp_usart.o(.text.USART0_IRQHandler)
    __arm_cp.4_1                             0x080003f4   Number         4  bsp_usart.o(.text.USART0_IRQHandler)
    __arm_cp.4_2                             0x080003f8   Number         4  bsp_usart.o(.text.USART0_IRQHandler)
    __arm_cp.4_3                             0x080003fc   Number         4  bsp_usart.o(.text.USART0_IRQHandler)
    __arm_cp.4_4                             0x08000400   Number         4  bsp_usart.o(.text.USART0_IRQHandler)
    __arm_cp.4_5                             0x08000404   Number         4  bsp_usart.o(.text.USART0_IRQHandler)
    [Anonymous Symbol]                       0x08000408   Section        0  cmt2119b.o(.text.cmt2119b_clear_interrupt_flags)
    [Anonymous Symbol]                       0x08000422   Section        0  cmt2119b.o(.text.cmt2119b_clear_tx_fifo)
    cmt2119b_config_reg_bank                 0x0800042f   Thumb Code    70  cmt2119b.o(.text.cmt2119b_config_reg_bank)
    [Anonymous Symbol]                       0x0800042e   Section        0  cmt2119b.o(.text.cmt2119b_config_reg_bank)
    [Anonymous Symbol]                       0x08000474   Section        0  cmt2119b_port.o(.text.cmt2119b_csb_high)
    [Anonymous Symbol]                       0x08000482   Section        0  cmt2119b_port.o(.text.cmt2119b_csb_low)
    [Anonymous Symbol]                       0x08000490   Section        0  cmt2119b_port.o(.text.cmt2119b_delay_ms)
    [Anonymous Symbol]                       0x080004a0   Section        0  cmt2119b_port.o(.text.cmt2119b_delay_us)
    [Anonymous Symbol]                       0x080004b0   Section        0  cmt2119b_port.o(.text.cmt2119b_fcsb_high)
    [Anonymous Symbol]                       0x080004bc   Section        0  cmt2119b_port.o(.text.cmt2119b_fcsb_low)
    [Anonymous Symbol]                       0x080004c8   Section        0  cmt2119b.o(.text.cmt2119b_go_sleep)
    [Anonymous Symbol]                       0x080004d4   Section        0  cmt2119b.o(.text.cmt2119b_go_stby)
    [Anonymous Symbol]                       0x080004e0   Section        0  cmt2119b.o(.text.cmt2119b_go_tx)
    [Anonymous Symbol]                       0x080004ec   Section        0  cmt2119b_port.o(.text.cmt2119b_gpio3_read)
    [Anonymous Symbol]                       0x080004fc   Section        0  cmt2119b.o(.text.cmt2119b_init)
    __arm_cp.0_0                             0x0800054c   Number         4  cmt2119b.o(.text.cmt2119b_init)
    __arm_cp.0_1                             0x08000550   Number         4  cmt2119b.o(.text.cmt2119b_init)
    __arm_cp.0_2                             0x08000554   Number         4  cmt2119b.o(.text.cmt2119b_init)
    __arm_cp.0_3                             0x08000558   Number         4  cmt2119b.o(.text.cmt2119b_init)
    __arm_cp.0_4                             0x0800055c   Number         4  cmt2119b.o(.text.cmt2119b_init)
    __arm_cp.0_5                             0x08000560   Number         4  cmt2119b.o(.text.cmt2119b_init)
    [Anonymous Symbol]                       0x08000564   Section        0  cmt2119b_port.o(.text.cmt2119b_port_init)
    __arm_cp.0_0                             0x08000608   Number         4  cmt2119b_port.o(.text.cmt2119b_port_init)
    __arm_cp.0_1                             0x0800060c   Number         4  cmt2119b_port.o(.text.cmt2119b_port_init)
    __arm_cp.0_2                             0x08000610   Number         4  cmt2119b_port.o(.text.cmt2119b_port_init)
    [Anonymous Symbol]                       0x08000614   Section        0  cmt2119b_port.o(.text.cmt2119b_sclk_high)
    [Anonymous Symbol]                       0x08000622   Section        0  cmt2119b_port.o(.text.cmt2119b_sclk_low)
    [Anonymous Symbol]                       0x08000630   Section        0  cmt2119b_port.o(.text.cmt2119b_sdio_high)
    [Anonymous Symbol]                       0x0800063e   Section        0  cmt2119b_port.o(.text.cmt2119b_sdio_input)
    [Anonymous Symbol]                       0x08000650   Section        0  cmt2119b_port.o(.text.cmt2119b_sdio_low)
    [Anonymous Symbol]                       0x0800065e   Section        0  cmt2119b_port.o(.text.cmt2119b_sdio_output)
    [Anonymous Symbol]                       0x08000686   Section        0  cmt2119b.o(.text.cmt2119b_send_packet)
    cmt2119b_spi_delay                       0x0800070d   Thumb Code    24  cmt2119b_spi.o(.text.cmt2119b_spi_delay)
    [Anonymous Symbol]                       0x0800070c   Section        0  cmt2119b_spi.o(.text.cmt2119b_spi_delay)
    cmt2119b_spi_delay_us                    0x08000725   Thumb Code    10  cmt2119b_spi.o(.text.cmt2119b_spi_delay_us)
    [Anonymous Symbol]                       0x08000724   Section        0  cmt2119b_spi.o(.text.cmt2119b_spi_delay_us)
    [Anonymous Symbol]                       0x0800072e   Section        0  cmt2119b_spi.o(.text.cmt2119b_spi_init)
    cmt2119b_spi_send                        0x0800074f   Thumb Code    90  cmt2119b_spi.o(.text.cmt2119b_spi_send)
    [Anonymous Symbol]                       0x0800074e   Section        0  cmt2119b_spi.o(.text.cmt2119b_spi_send)
    [Anonymous Symbol]                       0x080007a8   Section        0  cmt2119b_spi.o(.text.cmt2119b_spi_write_fifo)
    [Anonymous Symbol]                       0x08000830   Section        0  cmt2119b_spi.o(.text.cmt2119b_spi_write_reg)
    [Anonymous Symbol]                       0x08000890   Section        0  cmt2119b.o(.text.cmt2119b_write_fifo)
    [Anonymous Symbol]                       0x080008b8   Section        0  cmt2119b.o(.text.cmt2119b_write_reg)
    [Anonymous Symbol]                       0x080008d4   Section        0  systick.o(.text.delay_ms)
    __arm_cp.4_0                             0x08000944   Number         4  systick.o(.text.delay_ms)
    [Anonymous Symbol]                       0x08000948   Section        0  systick.o(.text.delay_us)
    __arm_cp.2_1                             0x080009b8   Number         4  systick.o(.text.delay_us)
    __arm_cp.2_2                             0x080009bc   Number         4  systick.o(.text.delay_us)
    [Anonymous Symbol]                       0x080009c0   Section        0  gd32e23x_gpio.o(.text.gpio_bit_reset)
    [Anonymous Symbol]                       0x080009d0   Section        0  gd32e23x_gpio.o(.text.gpio_bit_set)
    [Anonymous Symbol]                       0x080009e0   Section        0  gd32e23x_gpio.o(.text.gpio_input_bit_get)
    [Anonymous Symbol]                       0x08000a0a   Section        0  gd32e23x_gpio.o(.text.gpio_mode_set)
    [Anonymous Symbol]                       0x08000a98   Section        0  gd32e23x_gpio.o(.text.gpio_output_options_set)
    [Anonymous Symbol]                       0x08000b24   Section        0  main.o(.text.main)
    [Anonymous Symbol]                       0x08000b4c   Section        0  gd32e23x_misc.o(.text.nvic_vector_table_set)
    __arm_cp.7_0                             0x08000b64   Number         4  gd32e23x_misc.o(.text.nvic_vector_table_set)
    __arm_cp.7_1                             0x08000b68   Number         4  gd32e23x_misc.o(.text.nvic_vector_table_set)
    [Anonymous Symbol]                       0x08000b6c   Section        0  radio_tx.o(.text.radio_tx_init)
    [Anonymous Symbol]                       0x08000b74   Section        0  radio_tx.o(.text.radio_tx_send)
    [Anonymous Symbol]                       0x08000b94   Section        0  gd32e23x_rcu.o(.text.rcu_periph_clock_enable)
    system_clock_72m_hxtal                   0x08000bb9   Thumb Code   208  system_gd32e23x.o(.text.system_clock_72m_hxtal)
    [Anonymous Symbol]                       0x08000bb8   Section        0  system_gd32e23x.o(.text.system_clock_72m_hxtal)
    __arm_cp.3_0                             0x08000c88   Number         4  system_gd32e23x.o(.text.system_clock_72m_hxtal)
    __arm_cp.3_1                             0x08000c8c   Number         4  system_gd32e23x.o(.text.system_clock_72m_hxtal)
    __arm_cp.3_2                             0x08000c90   Number         4  system_gd32e23x.o(.text.system_clock_72m_hxtal)
    __arm_cp.3_3                             0x08000c94   Number         4  system_gd32e23x.o(.text.system_clock_72m_hxtal)
    system_clock_config                      0x08000c99   Thumb Code     8  system_gd32e23x.o(.text.system_clock_config)
    [Anonymous Symbol]                       0x08000c98   Section        0  system_gd32e23x.o(.text.system_clock_config)
    [Anonymous Symbol]                       0x08000ca0   Section        0  gd32e23x_misc.o(.text.systick_clksource_set)
    __arm_cp.10_0                            0x08000cc8   Number         4  gd32e23x_misc.o(.text.systick_clksource_set)
    [Anonymous Symbol]                       0x08000ccc   Section        0  systick.o(.text.systick_config)
    __arm_cp.0_0                             0x08000cf8   Number         4  systick.o(.text.systick_config)
    __arm_cp.0_1                             0x08000cfc   Number         4  systick.o(.text.systick_config)
    __arm_cp.0_2                             0x08000d00   Number         4  systick.o(.text.systick_config)
    __arm_cp.0_3                             0x08000d04   Number         4  systick.o(.text.systick_config)
    __arm_cp.0_4                             0x08000d08   Number         4  systick.o(.text.systick_config)
    test_packet_init                         0x08000d0d   Thumb Code    48  main.o(.text.test_packet_init)
    [Anonymous Symbol]                       0x08000d0c   Section        0  main.o(.text.test_packet_init)
    __arm_cp.1_0                             0x08000d3c   Number         4  main.o(.text.test_packet_init)
    [Anonymous Symbol]                       0x08000d40   Section        0  gd32e23x_usart.o(.text.usart_data_receive)
    __arm_cp.19_0                            0x08000d50   Number         4  gd32e23x_usart.o(.text.usart_data_receive)
    [Anonymous Symbol]                       0x08000d54   Section        0  gd32e23x_usart.o(.text.usart_interrupt_flag_clear)
    __arm_cp.73_0                            0x08000d90   Number         4  gd32e23x_usart.o(.text.usart_interrupt_flag_clear)
    [Anonymous Symbol]                       0x08000d94   Section        0  gd32e23x_usart.o(.text.usart_interrupt_flag_get)
    i.__scatterload_copy                     0x08000df6   Section       14  handlers.o(i.__scatterload_copy)
    i.__scatterload_null                     0x08000e04   Section        2  handlers.o(i.__scatterload_null)
    i.__scatterload_zeroinit                 0x08000e06   Section       14  handlers.o(i.__scatterload_zeroinit)
    g_cmt2119b_baseband_bank                 0x08000e14   Data           0  cmt2119b.o(.rodata.g_cmt2119b_baseband_bank)
    g_cmt2119b_cmt_bank                      0x08000e14   Data           0  cmt2119b.o(.rodata.g_cmt2119b_cmt_bank)
    g_cmt2119b_data_rate_bank                0x08000e14   Data           0  cmt2119b.o(.rodata.g_cmt2119b_data_rate_bank)
    g_cmt2119b_frequency_bank                0x08000e14   Data           0  cmt2119b.o(.rodata.g_cmt2119b_frequency_bank)
    g_cmt2119b_system_bank                   0x08000e14   Data           0  cmt2119b.o(.rodata.g_cmt2119b_system_bank)
    g_cmt2119b_tx_bank                       0x08000e14   Data           0  cmt2119b.o(.rodata.g_cmt2119b_tx_bank)
    [Anonymous Symbol]                       0x08000e14   Section        0  cmt2119b.o(.rodata.g_cmt2119b_cmt_bank)
    [Anonymous Symbol]                       0x08000e14   Section        0  cmt2119b.o(.rodata.g_cmt2119b_system_bank)
    [Anonymous Symbol]                       0x08000e14   Section        0  cmt2119b.o(.rodata.g_cmt2119b_frequency_bank)
    [Anonymous Symbol]                       0x08000e14   Section        0  cmt2119b.o(.rodata.g_cmt2119b_data_rate_bank)
    [Anonymous Symbol]                       0x08000e14   Section        0  cmt2119b.o(.rodata.g_cmt2119b_baseband_bank)
    [Anonymous Symbol]                       0x08000e14   Section        0  cmt2119b.o(.rodata.g_cmt2119b_tx_bank)
    count_1ms                                0x20000008   Data           4  systick.o(.bss.count_1ms)
    [Anonymous Symbol]                       0x20000008   Section        0  systick.o(.bss.count_1ms)
    count_1us                                0x2000000c   Data           4  systick.o(.bss.count_1us)
    [Anonymous Symbol]                       0x2000000c   Section        0  systick.o(.bss.count_1us)
    tx_buf                                   0x20001014   Data          32  main.o(.bss.tx_buf)
    [Anonymous Symbol]                       0x20001014   Section        0  main.o(.bss.tx_buf)
    STACK                                    0x20001038   Section     1024  startup_gd32e23x.o(STACK)

    Global Symbols

    Symbol Name                              Value     Ov Type        Size  Object(Section)

    BuildAttributes$$THM_ISAv3M$S$8M$PE$A:L22$X:L11$S22$IEEE1$IW$~IW$USESV6$~STKCKD$USESV7$~SHL$OTIME$ROPI$EBA8$MICROLIB$REQ8$PRES8$EABIv2 0x00000000   Number         0  anon$$obj.o ABSOLUTE
    __cpp_initialize__aeabi_                  - Undefined Weak Reference
    __cxa_finalize                            - Undefined Weak Reference
    __decompress                              - Undefined Weak Reference
    _clock_init                               - Undefined Weak Reference
    _microlib_exit                            - Undefined Weak Reference
    __Vectors_Size                           0x000000cc   Number         0  startup_gd32e23x.o ABSOLUTE
    __Vectors                                0x08000000   Data           4  startup_gd32e23x.o(RESET)
    __Vectors_End                            0x080000cc   Data           0  startup_gd32e23x.o(RESET)
    __main                                   0x080000cd   Thumb Code     0  entry.o(.ARM.Collect$$$$00000000)
    _main_stk                                0x080000cd   Thumb Code     0  entry2.o(.ARM.Collect$$$$00000001)
    _main_scatterload                        0x080000d1   Thumb Code     0  entry5.o(.ARM.Collect$$$$00000004)
    __main_after_scatterload                 0x080000d5   Thumb Code     0  entry5.o(.ARM.Collect$$$$00000004)
    _main_clock                              0x080000d5   Thumb Code     0  entry7b.o(.ARM.Collect$$$$00000008)
    _main_cpp_init                           0x080000d5   Thumb Code     0  entry8b.o(.ARM.Collect$$$$0000000A)
    _main_init                               0x080000d5   Thumb Code     0  entry9a.o(.ARM.Collect$$$$0000000B)
    __rt_final_cpp                           0x080000dd   Thumb Code     0  entry10a.o(.ARM.Collect$$$$0000000D)
    __rt_final_exit                          0x080000dd   Thumb Code     0  entry11a.o(.ARM.Collect$$$$0000000F)
    Reset_Handler                            0x080000e1   Thumb Code     8  startup_gd32e23x.o(.text)
    ADC_CMP_IRQHandler                       0x080000f3   Thumb Code     0  startup_gd32e23x.o(.text)
    DMA_Channel0_IRQHandler                  0x080000f3   Thumb Code     0  startup_gd32e23x.o(.text)
    DMA_Channel1_2_IRQHandler                0x080000f3   Thumb Code     0  startup_gd32e23x.o(.text)
    DMA_Channel3_4_IRQHandler                0x080000f3   Thumb Code     0  startup_gd32e23x.o(.text)
    EXTI0_1_IRQHandler                       0x080000f3   Thumb Code     0  startup_gd32e23x.o(.text)
    EXTI2_3_IRQHandler                       0x080000f3   Thumb Code     0  startup_gd32e23x.o(.text)
    EXTI4_15_IRQHandler                      0x080000f3   Thumb Code     0  startup_gd32e23x.o(.text)
    FMC_IRQHandler                           0x080000f3   Thumb Code     0  startup_gd32e23x.o(.text)
    I2C0_ER_IRQHandler                       0x080000f3   Thumb Code     0  startup_gd32e23x.o(.text)
    I2C0_EV_IRQHandler                       0x080000f3   Thumb Code     0  startup_gd32e23x.o(.text)
    I2C1_ER_IRQHandler                       0x080000f3   Thumb Code     0  startup_gd32e23x.o(.text)
    I2C1_EV_IRQHandler                       0x080000f3   Thumb Code     0  startup_gd32e23x.o(.text)
    LVD_IRQHandler                           0x080000f3   Thumb Code     0  startup_gd32e23x.o(.text)
    RCU_IRQHandler                           0x080000f3   Thumb Code     0  startup_gd32e23x.o(.text)
    RTC_IRQHandler                           0x080000f3   Thumb Code     0  startup_gd32e23x.o(.text)
    SPI0_IRQHandler                          0x080000f3   Thumb Code     0  startup_gd32e23x.o(.text)
    SPI1_IRQHandler                          0x080000f3   Thumb Code     0  startup_gd32e23x.o(.text)
    TIMER0_BRK_UP_TRG_COM_IRQHandler         0x080000f3   Thumb Code     0  startup_gd32e23x.o(.text)
    TIMER0_Channel_IRQHandler                0x080000f3   Thumb Code     0  startup_gd32e23x.o(.text)
    TIMER13_IRQHandler                       0x080000f3   Thumb Code     0  startup_gd32e23x.o(.text)
    TIMER14_IRQHandler                       0x080000f3   Thumb Code     0  startup_gd32e23x.o(.text)
    TIMER15_IRQHandler                       0x080000f3   Thumb Code     0  startup_gd32e23x.o(.text)
    TIMER16_IRQHandler                       0x080000f3   Thumb Code     0  startup_gd32e23x.o(.text)
    TIMER2_IRQHandler                        0x080000f3   Thumb Code     0  startup_gd32e23x.o(.text)
    TIMER5_IRQHandler                        0x080000f3   Thumb Code     0  startup_gd32e23x.o(.text)
    USART1_IRQHandler                        0x080000f3   Thumb Code     0  startup_gd32e23x.o(.text)
    WWDGT_IRQHandler                         0x080000f3   Thumb Code     0  startup_gd32e23x.o(.text)
    __aeabi_fmul                             0x080000fd   Thumb Code   122  fmul.o(.text)
    __aeabi_fdiv                             0x08000177   Thumb Code   124  fdiv.o(.text)
    __aeabi_ui2f                             0x080001f3   Thumb Code    14  ffltui.o(.text)
    __aeabi_f2uiz                            0x08000201   Thumb Code    40  ffixui.o(.text)
    __I$use$fp                               0x08000229   Thumb Code     0  iusefp.o(.text)
    _float_round                             0x08000229   Thumb Code    16  fepilogue.o(.text)
    _float_epilogue                          0x08000239   Thumb Code   114  fepilogue.o(.text)
    __scatterload                            0x080002ad   Thumb Code    38  init.o(.text)
    __scatterload_rt2                        0x080002ad   Thumb Code     0  init.o(.text)
    HardFault_Handler                        0x080002dd   Thumb Code     4  gd32e23x_it.o(.text.HardFault_Handler)
    NMI_Handler                              0x080002e1   Thumb Code     2  gd32e23x_it.o(.text.NMI_Handler)
    PendSV_Handler                           0x080002e3   Thumb Code     2  gd32e23x_it.o(.text.PendSV_Handler)
    SVC_Handler                              0x080002e5   Thumb Code     2  gd32e23x_it.o(.text.SVC_Handler)
    SysTick_Handler                          0x080002e7   Thumb Code     2  gd32e23x_it.o(.text.SysTick_Handler)
    SystemInit                               0x080002e9   Thumb Code   136  system_gd32e23x.o(.text.SystemInit)
    USART0_IRQHandler                        0x08000395   Thumb Code    92  bsp_usart.o(.text.USART0_IRQHandler)
    cmt2119b_clear_interrupt_flags           0x08000409   Thumb Code    26  cmt2119b.o(.text.cmt2119b_clear_interrupt_flags)
    cmt2119b_clear_tx_fifo                   0x08000423   Thumb Code    12  cmt2119b.o(.text.cmt2119b_clear_tx_fifo)
    cmt2119b_csb_high                        0x08000475   Thumb Code    14  cmt2119b_port.o(.text.cmt2119b_csb_high)
    cmt2119b_csb_low                         0x08000483   Thumb Code    14  cmt2119b_port.o(.text.cmt2119b_csb_low)
    cmt2119b_delay_ms                        0x08000491   Thumb Code    16  cmt2119b_port.o(.text.cmt2119b_delay_ms)
    cmt2119b_delay_us                        0x080004a1   Thumb Code    16  cmt2119b_port.o(.text.cmt2119b_delay_us)
    cmt2119b_fcsb_high                       0x080004b1   Thumb Code    12  cmt2119b_port.o(.text.cmt2119b_fcsb_high)
    cmt2119b_fcsb_low                        0x080004bd   Thumb Code    12  cmt2119b_port.o(.text.cmt2119b_fcsb_low)
    cmt2119b_go_sleep                        0x080004c9   Thumb Code    12  cmt2119b.o(.text.cmt2119b_go_sleep)
    cmt2119b_go_stby                         0x080004d5   Thumb Code    12  cmt2119b.o(.text.cmt2119b_go_stby)
    cmt2119b_go_tx                           0x080004e1   Thumb Code    12  cmt2119b.o(.text.cmt2119b_go_tx)
    cmt2119b_gpio3_read                      0x080004ed   Thumb Code    16  cmt2119b_port.o(.text.cmt2119b_gpio3_read)
    cmt2119b_init                            0x080004fd   Thumb Code    80  cmt2119b.o(.text.cmt2119b_init)
    cmt2119b_port_init                       0x08000565   Thumb Code   164  cmt2119b_port.o(.text.cmt2119b_port_init)
    cmt2119b_sclk_high                       0x08000615   Thumb Code    14  cmt2119b_port.o(.text.cmt2119b_sclk_high)
    cmt2119b_sclk_low                        0x08000623   Thumb Code    14  cmt2119b_port.o(.text.cmt2119b_sclk_low)
    cmt2119b_sdio_high                       0x08000631   Thumb Code    14  cmt2119b_port.o(.text.cmt2119b_sdio_high)
    cmt2119b_sdio_input                      0x0800063f   Thumb Code    18  cmt2119b_port.o(.text.cmt2119b_sdio_input)
    cmt2119b_sdio_low                        0x08000651   Thumb Code    14  cmt2119b_port.o(.text.cmt2119b_sdio_low)
    cmt2119b_sdio_output                     0x0800065f   Thumb Code    40  cmt2119b_port.o(.text.cmt2119b_sdio_output)
    cmt2119b_send_packet                     0x08000687   Thumb Code   134  cmt2119b.o(.text.cmt2119b_send_packet)
    cmt2119b_spi_init                        0x0800072f   Thumb Code    32  cmt2119b_spi.o(.text.cmt2119b_spi_init)
    cmt2119b_spi_write_fifo                  0x080007a9   Thumb Code   136  cmt2119b_spi.o(.text.cmt2119b_spi_write_fifo)
    cmt2119b_spi_write_reg                   0x08000831   Thumb Code    96  cmt2119b_spi.o(.text.cmt2119b_spi_write_reg)
    cmt2119b_write_fifo                      0x08000891   Thumb Code    40  cmt2119b.o(.text.cmt2119b_write_fifo)
    cmt2119b_write_reg                       0x080008b9   Thumb Code    28  cmt2119b.o(.text.cmt2119b_write_reg)
    delay_ms                                 0x080008d5   Thumb Code   112  systick.o(.text.delay_ms)
    delay_us                                 0x08000949   Thumb Code   112  systick.o(.text.delay_us)
    gpio_bit_reset                           0x080009c1   Thumb Code    16  gd32e23x_gpio.o(.text.gpio_bit_reset)
    gpio_bit_set                             0x080009d1   Thumb Code    16  gd32e23x_gpio.o(.text.gpio_bit_set)
    gpio_input_bit_get                       0x080009e1   Thumb Code    42  gd32e23x_gpio.o(.text.gpio_input_bit_get)
    gpio_mode_set                            0x08000a0b   Thumb Code   142  gd32e23x_gpio.o(.text.gpio_mode_set)
    gpio_output_options_set                  0x08000a99   Thumb Code   138  gd32e23x_gpio.o(.text.gpio_output_options_set)
    main                                     0x08000b25   Thumb Code    40  main.o(.text.main)
    nvic_vector_table_set                    0x08000b4d   Thumb Code    24  gd32e23x_misc.o(.text.nvic_vector_table_set)
    radio_tx_init                            0x08000b6d   Thumb Code     8  radio_tx.o(.text.radio_tx_init)
    radio_tx_send                            0x08000b75   Thumb Code    32  radio_tx.o(.text.radio_tx_send)
    rcu_periph_clock_enable                  0x08000b95   Thumb Code    36  gd32e23x_rcu.o(.text.rcu_periph_clock_enable)
    systick_clksource_set                    0x08000ca1   Thumb Code    40  gd32e23x_misc.o(.text.systick_clksource_set)
    systick_config                           0x08000ccd   Thumb Code    44  systick.o(.text.systick_config)
    usart_data_receive                       0x08000d41   Thumb Code    16  gd32e23x_usart.o(.text.usart_data_receive)
    usart_interrupt_flag_clear               0x08000d55   Thumb Code    60  gd32e23x_usart.o(.text.usart_interrupt_flag_clear)
    usart_interrupt_flag_get                 0x08000d95   Thumb Code    98  gd32e23x_usart.o(.text.usart_interrupt_flag_get)
    __scatterload_copy                       0x08000df7   Thumb Code    14  handlers.o(i.__scatterload_copy)
    __scatterload_null                       0x08000e05   Thumb Code     2  handlers.o(i.__scatterload_null)
    __scatterload_zeroinit                   0x08000e07   Thumb Code    14  handlers.o(i.__scatterload_zeroinit)
    Region$$Table$$Base                      0x08000e14   Number         0  anon$$obj.o(Region$$Table)
    Region$$Table$$Limit                     0x08000e34   Number         0  anon$$obj.o(Region$$Table)
    SystemCoreClock                          0x20000000   Data           4  system_gd32e23x.o(.data.SystemCoreClock)
    g_recv_buff                              0x20000010   Data        4096  bsp_usart.o(.bss.g_recv_buff)
    g_recv_complete_flag                     0x20001010   Data           1  bsp_usart.o(.bss.g_recv_complete_flag)
    g_recv_length                            0x20001012   Data           2  bsp_usart.o(.bss.g_recv_length)
    __initial_sp                             0x20001438   Data           0  startup_gd32e23x.o(STACK)



==============================================================================

Memory Map of the image

  Image Entry point : 0x080000cd

  Load Region LR_IROM1 (Base: 0x08000000, Size: 0x00000e40, Max: 0x00010000, ABSOLUTE)

    Execution Region ER_IROM1 (Exec base: 0x08000000, Load base: 0x08000000, Size: 0x00000e34, Max: 0x00010000, ABSOLUTE)

    Exec Addr    Load Addr    Size         Type   Attr      Idx    E Section Name        Object

    0x08000000   0x08000000   0x000000cc   Data   RO           80    RESET               startup_gd32e23x.o
    0x080000cc   0x080000cc   0x00000000   Code   RO         1330  * .ARM.Collect$$$$00000000  mc_p.l(entry.o)
    0x080000cc   0x080000cc   0x00000004   Code   RO         1341    .ARM.Collect$$$$00000001  mc_p.l(entry2.o)
    0x080000d0   0x080000d0   0x00000004   Code   RO         1344    .ARM.Collect$$$$00000004  mc_p.l(entry5.o)
    0x080000d4   0x080000d4   0x00000000   Code   RO         1346    .ARM.Collect$$$$00000008  mc_p.l(entry7b.o)
    0x080000d4   0x080000d4   0x00000000   Code   RO         1348    .ARM.Collect$$$$0000000A  mc_p.l(entry8b.o)
    0x080000d4   0x080000d4   0x00000008   Code   RO         1349    .ARM.Collect$$$$0000000B  mc_p.l(entry9a.o)
    0x080000dc   0x080000dc   0x00000000   Code   RO         1351    .ARM.Collect$$$$0000000D  mc_p.l(entry10a.o)
    0x080000dc   0x080000dc   0x00000000   Code   RO         1353    .ARM.Collect$$$$0000000F  mc_p.l(entry11a.o)
    0x080000dc   0x080000dc   0x00000004   Code   RO         1342    .ARM.Collect$$$$00002712  mc_p.l(entry2.o)
    0x080000e0   0x080000e0   0x0000001c   Code   RO           81    .text               startup_gd32e23x.o
    0x080000fc   0x080000fc   0x0000007a   Code   RO         1333    .text               mf_p.l(fmul.o)
    0x08000176   0x08000176   0x0000007c   Code   RO         1335    .text               mf_p.l(fdiv.o)
    0x080001f2   0x080001f2   0x0000000e   Code   RO         1337    .text               mf_p.l(ffltui.o)
    0x08000200   0x08000200   0x00000028   Code   RO         1339    .text               mf_p.l(ffixui.o)
    0x08000228   0x08000228   0x00000000   Code   RO         1355    .text               mc_p.l(iusefp.o)
    0x08000228   0x08000228   0x00000082   Code   RO         1356    .text               mf_p.l(fepilogue.o)
    0x080002aa   0x080002aa   0x00000002   PAD
    0x080002ac   0x080002ac   0x00000030   Code   RO         1358    .text               mc_p.l(init.o)
    0x080002dc   0x080002dc   0x00000004   Code   RO            4    .text.HardFault_Handler  gd32e23x_it.o
    0x080002e0   0x080002e0   0x00000002   Code   RO            2    .text.NMI_Handler   gd32e23x_it.o
    0x080002e2   0x080002e2   0x00000002   Code   RO           16    .text.PendSV_Handler  gd32e23x_it.o
    0x080002e4   0x080002e4   0x00000002   Code   RO           12    .text.SVC_Handler   gd32e23x_it.o
    0x080002e6   0x080002e6   0x00000002   Code   RO           18    .text.SysTick_Handler  gd32e23x_it.o
    0x080002e8   0x080002e8   0x000000ac   Code   RO           88    .text.SystemInit    system_gd32e23x.o
    0x08000394   0x08000394   0x00000074   Code   RO           67    .text.USART0_IRQHandler  bsp_usart.o
    0x08000408   0x08000408   0x0000001a   Code   RO         1241    .text.cmt2119b_clear_interrupt_flags  cmt2119b.o
    0x08000422   0x08000422   0x0000000c   Code   RO         1243    .text.cmt2119b_clear_tx_fifo  cmt2119b.o
    0x0800042e   0x0800042e   0x00000046   Code   RO         1227    .text.cmt2119b_config_reg_bank  cmt2119b.o
    0x08000474   0x08000474   0x0000000e   Code   RO         1264    .text.cmt2119b_csb_high  cmt2119b_port.o
    0x08000482   0x08000482   0x0000000e   Code   RO         1272    .text.cmt2119b_csb_low  cmt2119b_port.o
    0x08000490   0x08000490   0x00000010   Code   RO         1288    .text.cmt2119b_delay_ms  cmt2119b_port.o
    0x080004a0   0x080004a0   0x00000010   Code   RO         1286    .text.cmt2119b_delay_us  cmt2119b_port.o
    0x080004b0   0x080004b0   0x0000000c   Code   RO         1266    .text.cmt2119b_fcsb_high  cmt2119b_port.o
    0x080004bc   0x080004bc   0x0000000c   Code   RO         1274    .text.cmt2119b_fcsb_low  cmt2119b_port.o
    0x080004c8   0x080004c8   0x0000000c   Code   RO         1229    .text.cmt2119b_go_sleep  cmt2119b.o
    0x080004d4   0x080004d4   0x0000000c   Code   RO         1237    .text.cmt2119b_go_stby  cmt2119b.o
    0x080004e0   0x080004e0   0x0000000c   Code   RO         1239    .text.cmt2119b_go_tx  cmt2119b.o
    0x080004ec   0x080004ec   0x00000010   Code   RO         1284    .text.cmt2119b_gpio3_read  cmt2119b_port.o
    0x080004fc   0x080004fc   0x00000068   Code   RO         1225    .text.cmt2119b_init  cmt2119b.o
    0x08000564   0x08000564   0x000000b0   Code   RO         1260    .text.cmt2119b_port_init  cmt2119b_port.o
    0x08000614   0x08000614   0x0000000e   Code   RO         1276    .text.cmt2119b_sclk_high  cmt2119b_port.o
    0x08000622   0x08000622   0x0000000e   Code   RO         1268    .text.cmt2119b_sclk_low  cmt2119b_port.o
    0x08000630   0x08000630   0x0000000e   Code   RO         1270    .text.cmt2119b_sdio_high  cmt2119b_port.o
    0x0800063e   0x0800063e   0x00000012   Code   RO         1282    .text.cmt2119b_sdio_input  cmt2119b_port.o
    0x08000650   0x08000650   0x0000000e   Code   RO         1278    .text.cmt2119b_sdio_low  cmt2119b_port.o
    0x0800065e   0x0800065e   0x00000028   Code   RO         1262    .text.cmt2119b_sdio_output  cmt2119b_port.o
    0x08000686   0x08000686   0x00000086   Code   RO         1245    .text.cmt2119b_send_packet  cmt2119b.o
    0x0800070c   0x0800070c   0x00000018   Code   RO         1299    .text.cmt2119b_spi_delay  cmt2119b_spi.o
    0x08000724   0x08000724   0x0000000a   Code   RO         1311    .text.cmt2119b_spi_delay_us  cmt2119b_spi.o
    0x0800072e   0x0800072e   0x00000020   Code   RO         1297    .text.cmt2119b_spi_init  cmt2119b_spi.o
    0x0800074e   0x0800074e   0x0000005a   Code   RO         1303    .text.cmt2119b_spi_send  cmt2119b_spi.o
    0x080007a8   0x080007a8   0x00000088   Code   RO         1309    .text.cmt2119b_spi_write_fifo  cmt2119b_spi.o
    0x08000830   0x08000830   0x00000060   Code   RO         1301    .text.cmt2119b_spi_write_reg  cmt2119b_spi.o
    0x08000890   0x08000890   0x00000028   Code   RO         1235    .text.cmt2119b_write_fifo  cmt2119b.o
    0x080008b8   0x080008b8   0x0000001c   Code   RO         1233    .text.cmt2119b_write_reg  cmt2119b.o
    0x080008d4   0x080008d4   0x00000074   Code   RO           48    .text.delay_ms      systick.o
    0x08000948   0x08000948   0x00000078   Code   RO           44    .text.delay_us      systick.o
    0x080009c0   0x080009c0   0x00000010   Code   RO          449    .text.gpio_bit_reset  gd32e23x_gpio.o
    0x080009d0   0x080009d0   0x00000010   Code   RO          447    .text.gpio_bit_set  gd32e23x_gpio.o
    0x080009e0   0x080009e0   0x0000002a   Code   RO          455    .text.gpio_input_bit_get  gd32e23x_gpio.o
    0x08000a0a   0x08000a0a   0x0000008e   Code   RO          443    .text.gpio_mode_set  gd32e23x_gpio.o
    0x08000a98   0x08000a98   0x0000008a   Code   RO          445    .text.gpio_output_options_set  gd32e23x_gpio.o
    0x08000b22   0x08000b22   0x00000002   PAD
    0x08000b24   0x08000b24   0x00000028   Code   RO           27    .text.main          main.o
    0x08000b4c   0x08000b4c   0x00000020   Code   RO          569    .text.nvic_vector_table_set  gd32e23x_misc.o
    0x08000b6c   0x08000b6c   0x00000008   Code   RO         1320    .text.radio_tx_init  radio_tx.o
    0x08000b74   0x08000b74   0x00000020   Code   RO         1322    .text.radio_tx_send  radio_tx.o
    0x08000b94   0x08000b94   0x00000024   Code   RO          620    .text.rcu_periph_clock_enable  gd32e23x_rcu.o
    0x08000bb8   0x08000bb8   0x000000e0   Code   RO           94    .text.system_clock_72m_hxtal  system_gd32e23x.o
    0x08000c98   0x08000c98   0x00000008   Code   RO           90    .text.system_clock_config  system_gd32e23x.o
    0x08000ca0   0x08000ca0   0x0000002c   Code   RO          575    .text.systick_clksource_set  gd32e23x_misc.o
    0x08000ccc   0x08000ccc   0x00000040   Code   RO           40    .text.systick_config  systick.o
    0x08000d0c   0x08000d0c   0x00000034   Code   RO           29    .text.test_packet_init  main.o
    0x08000d40   0x08000d40   0x00000014   Code   RO         1087    .text.usart_data_receive  gd32e23x_usart.o
    0x08000d54   0x08000d54   0x00000040   Code   RO         1195    .text.usart_interrupt_flag_clear  gd32e23x_usart.o
    0x08000d94   0x08000d94   0x00000062   Code   RO         1193    .text.usart_interrupt_flag_get  gd32e23x_usart.o
    0x08000df6   0x08000df6   0x0000000e   Code   RO         1362    i.__scatterload_copy  mc_p.l(handlers.o)
    0x08000e04   0x08000e04   0x00000002   Code   RO         1363    i.__scatterload_null  mc_p.l(handlers.o)
    0x08000e06   0x08000e06   0x0000000e   Code   RO         1364    i.__scatterload_zeroinit  mc_p.l(handlers.o)
    0x08000e14   0x08000e14   0x00000000   Data   RO         1251    .rodata.g_cmt2119b_baseband_bank  cmt2119b.o
    0x08000e14   0x08000e14   0x00000000   Data   RO         1247    .rodata.g_cmt2119b_cmt_bank  cmt2119b.o
    0x08000e14   0x08000e14   0x00000000   Data   RO         1250    .rodata.g_cmt2119b_data_rate_bank  cmt2119b.o
    0x08000e14   0x08000e14   0x00000000   Data   RO         1249    .rodata.g_cmt2119b_frequency_bank  cmt2119b.o
    0x08000e14   0x08000e14   0x00000000   Data   RO         1248    .rodata.g_cmt2119b_system_bank  cmt2119b.o
    0x08000e14   0x08000e14   0x00000000   Data   RO         1252    .rodata.g_cmt2119b_tx_bank  cmt2119b.o
    0x08000e14   0x08000e14   0x00000020   Data   RO         1361    Region$$Table       anon$$obj.o


    Execution Region RW_IRAM1 (Exec base: 0x20000000, Load base: 0x08000e38, Size: 0x00001438, Max: 0x00002000, ABSOLUTE)

    Exec Addr    Load Addr    Size         Type   Attr      Idx    E Section Name        Object

    0x20000000   0x08000e38   0x00000004   Data   RW           96    .data.SystemCoreClock  system_gd32e23x.o
    0x20000004   0x08000e3c   0x00000004   PAD
    0x20000008        -       0x00000004   Zero   RW           51    .bss.count_1ms      systick.o
    0x2000000c        -       0x00000004   Zero   RW           50    .bss.count_1us      systick.o
    0x20000010        -       0x00001000   Zero   RW           71    .bss.g_recv_buff    bsp_usart.o
    0x20001010        -       0x00000001   Zero   RW           70    .bss.g_recv_complete_flag  bsp_usart.o
    0x20001011   0x08000e3c   0x00000001   PAD
    0x20001012        -       0x00000002   Zero   RW           69    .bss.g_recv_length  bsp_usart.o
    0x20001014        -       0x00000020   Zero   RW           31    .bss.tx_buf         main.o
    0x20001034   0x08000e3c   0x00000004   PAD
    0x20001038        -       0x00000400   Zero   RW           78    STACK               startup_gd32e23x.o


==============================================================================

Image component sizes


      Code (inc. data)   RO Data    RW Data    ZI Data      Debug   Object Name

       116         24          0          0       4099       4434   bsp_usart.o
       450         24          0          0          0       2451   cmt2119b.o
       390         12          0          0          0       2579   cmt2119b_port.o
       388          0          0          0          0       1934   cmt2119b_spi.o
       354          0          0          0          0       4208   gd32e23x_gpio.o
        12          0          0          0          0        977   gd32e23x_it.o
        76         12          0          0          0       3863   gd32e23x_misc.o
        36          0          0          0          0      11143   gd32e23x_rcu.o
       182          8          0          0          0      14143   gd32e23x_usart.o
        92          4          0          0         32        791   main.o
        40          0          0          0          0        719   radio_tx.o
        28          8        204          0       1024        680   startup_gd32e23x.o
       404         52          0          4          0       1818   system_gd32e23x.o
       300         32          0          0          8       1742   systick.o

    ----------------------------------------------------------------------
      2870        176        236          4       5172      51482   Object Totals
         0          0         32          0          0          0   (incl. Generated)
         2          0          0          0          9          0   (incl. Padding)

    ----------------------------------------------------------------------

      Code (inc. data)   RO Data    RW Data    ZI Data      Debug   Library Member Name

         0          0          0          0          0          0   entry.o
         0          0          0          0          0          0   entry10a.o
         0          0          0          0          0          0   entry11a.o
         8          4          0          0          0          0   entry2.o
         4          0          0          0          0          0   entry5.o
         0          0          0          0          0          0   entry7b.o
         0          0          0          0          0          0   entry8b.o
         8          4          0          0          0          0   entry9a.o
        30          0          0          0          0          0   handlers.o
        48         10          0          0          0         68   init.o
         0          0          0          0          0          0   iusefp.o
       124          0          0          0          0         72   fdiv.o
       130          0          0          0          0        144   fepilogue.o
        40          0          0          0          0         60   ffixui.o
        14          0          0          0          0         68   ffltui.o
       122          0          0          0          0         72   fmul.o

    ----------------------------------------------------------------------
       530         18          0          0          0        484   Library Totals
         2          0          0          0          0          0   (incl. Padding)

    ----------------------------------------------------------------------

      Code (inc. data)   RO Data    RW Data    ZI Data      Debug   Library Name

        98         18          0          0          0         68   mc_p.l
       430          0          0          0          0        416   mf_p.l

    ----------------------------------------------------------------------
       530         18          0          0          0        484   Library Totals

    ----------------------------------------------------------------------

==============================================================================


      Code (inc. data)   RO Data    RW Data    ZI Data      Debug   

      3400        194        236          4       5172      51790   Grand Totals
      3400        194        236          4       5172      51790   ELF Image Totals
      3400        194        236          4          0          0   ROM Totals

==============================================================================

    Total RO  Size (Code + RO Data)                 3636 (   3.55kB)
    Total RW  Size (RW Data + ZI Data)              5176 (   5.05kB)
    Total ROM Size (Code + RO Data + RW Data)       3640 (   3.55kB)

==============================================================================

